Archive member included to satisfy reference by file (symbol)

C:/ST/STM32CubeIDE_1.16.0/STM32CubeIDE/plugins/com.st.stm32cube.ide.mcu.externaltools.gnu-tools-for-stm32.12.3.rel1.win32_1.0.200.202406191623/tools/bin/../lib/gcc/arm-none-eabi/12.3.1/../../../../arm-none-eabi/lib/thumb/v7-m/nofp\libc_nano.a(libc_a-exit.o)
                              C:/ST/STM32CubeIDE_1.16.0/STM32CubeIDE/plugins/com.st.stm32cube.ide.mcu.externaltools.gnu-tools-for-stm32.12.3.rel1.win32_1.0.200.202406191623/tools/bin/../lib/gcc/arm-none-eabi/12.3.1/../../../../arm-none-eabi/lib/thumb/v7-m/nofp/crt0.o (exit)
C:/ST/STM32CubeIDE_1.16.0/STM32CubeIDE/plugins/com.st.stm32cube.ide.mcu.externaltools.gnu-tools-for-stm32.12.3.rel1.win32_1.0.200.202406191623/tools/bin/../lib/gcc/arm-none-eabi/12.3.1/../../../../arm-none-eabi/lib/thumb/v7-m/nofp\libc_nano.a(libc_a-findfp.o)
                              C:/ST/STM32CubeIDE_1.16.0/STM32CubeIDE/plugins/com.st.stm32cube.ide.mcu.externaltools.gnu-tools-for-stm32.12.3.rel1.win32_1.0.200.202406191623/tools/bin/../lib/gcc/arm-none-eabi/12.3.1/../../../../arm-none-eabi/lib/thumb/v7-m/nofp\libc_nano.a(libc_a-exit.o) (__stdio_exit_handler)
C:/ST/STM32CubeIDE_1.16.0/STM32CubeIDE/plugins/com.st.stm32cube.ide.mcu.externaltools.gnu-tools-for-stm32.12.3.rel1.win32_1.0.200.202406191623/tools/bin/../lib/gcc/arm-none-eabi/12.3.1/../../../../arm-none-eabi/lib/thumb/v7-m/nofp\libc_nano.a(libc_a-fwalk.o)
                              C:/ST/STM32CubeIDE_1.16.0/STM32CubeIDE/plugins/com.st.stm32cube.ide.mcu.externaltools.gnu-tools-for-stm32.12.3.rel1.win32_1.0.200.202406191623/tools/bin/../lib/gcc/arm-none-eabi/12.3.1/../../../../arm-none-eabi/lib/thumb/v7-m/nofp\libc_nano.a(libc_a-findfp.o) (_fwalk_sglue)
C:/ST/STM32CubeIDE_1.16.0/STM32CubeIDE/plugins/com.st.stm32cube.ide.mcu.externaltools.gnu-tools-for-stm32.12.3.rel1.win32_1.0.200.202406191623/tools/bin/../lib/gcc/arm-none-eabi/12.3.1/../../../../arm-none-eabi/lib/thumb/v7-m/nofp\libc_nano.a(libc_a-stdio.o)
                              C:/ST/STM32CubeIDE_1.16.0/STM32CubeIDE/plugins/com.st.stm32cube.ide.mcu.externaltools.gnu-tools-for-stm32.12.3.rel1.win32_1.0.200.202406191623/tools/bin/../lib/gcc/arm-none-eabi/12.3.1/../../../../arm-none-eabi/lib/thumb/v7-m/nofp\libc_nano.a(libc_a-findfp.o) (__sread)
C:/ST/STM32CubeIDE_1.16.0/STM32CubeIDE/plugins/com.st.stm32cube.ide.mcu.externaltools.gnu-tools-for-stm32.12.3.rel1.win32_1.0.200.202406191623/tools/bin/../lib/gcc/arm-none-eabi/12.3.1/../../../../arm-none-eabi/lib/thumb/v7-m/nofp\libc_nano.a(libc_a-memset.o)
                              C:/ST/STM32CubeIDE_1.16.0/STM32CubeIDE/plugins/com.st.stm32cube.ide.mcu.externaltools.gnu-tools-for-stm32.12.3.rel1.win32_1.0.200.202406191623/tools/bin/../lib/gcc/arm-none-eabi/12.3.1/../../../../arm-none-eabi/lib/thumb/v7-m/nofp/crt0.o (memset)
C:/ST/STM32CubeIDE_1.16.0/STM32CubeIDE/plugins/com.st.stm32cube.ide.mcu.externaltools.gnu-tools-for-stm32.12.3.rel1.win32_1.0.200.202406191623/tools/bin/../lib/gcc/arm-none-eabi/12.3.1/../../../../arm-none-eabi/lib/thumb/v7-m/nofp\libc_nano.a(libc_a-closer.o)
                              C:/ST/STM32CubeIDE_1.16.0/STM32CubeIDE/plugins/com.st.stm32cube.ide.mcu.externaltools.gnu-tools-for-stm32.12.3.rel1.win32_1.0.200.202406191623/tools/bin/../lib/gcc/arm-none-eabi/12.3.1/../../../../arm-none-eabi/lib/thumb/v7-m/nofp\libc_nano.a(libc_a-stdio.o) (_close_r)
C:/ST/STM32CubeIDE_1.16.0/STM32CubeIDE/plugins/com.st.stm32cube.ide.mcu.externaltools.gnu-tools-for-stm32.12.3.rel1.win32_1.0.200.202406191623/tools/bin/../lib/gcc/arm-none-eabi/12.3.1/../../../../arm-none-eabi/lib/thumb/v7-m/nofp\libc_nano.a(libc_a-reent.o)
                              C:/ST/STM32CubeIDE_1.16.0/STM32CubeIDE/plugins/com.st.stm32cube.ide.mcu.externaltools.gnu-tools-for-stm32.12.3.rel1.win32_1.0.200.202406191623/tools/bin/../lib/gcc/arm-none-eabi/12.3.1/../../../../arm-none-eabi/lib/thumb/v7-m/nofp\libc_nano.a(libc_a-closer.o) (errno)
C:/ST/STM32CubeIDE_1.16.0/STM32CubeIDE/plugins/com.st.stm32cube.ide.mcu.externaltools.gnu-tools-for-stm32.12.3.rel1.win32_1.0.200.202406191623/tools/bin/../lib/gcc/arm-none-eabi/12.3.1/../../../../arm-none-eabi/lib/thumb/v7-m/nofp\libc_nano.a(libc_a-impure.o)
                              C:/ST/STM32CubeIDE_1.16.0/STM32CubeIDE/plugins/com.st.stm32cube.ide.mcu.externaltools.gnu-tools-for-stm32.12.3.rel1.win32_1.0.200.202406191623/tools/bin/../lib/gcc/arm-none-eabi/12.3.1/../../../../arm-none-eabi/lib/thumb/v7-m/nofp\libc_nano.a(libc_a-reent.o) (_impure_ptr)
C:/ST/STM32CubeIDE_1.16.0/STM32CubeIDE/plugins/com.st.stm32cube.ide.mcu.externaltools.gnu-tools-for-stm32.12.3.rel1.win32_1.0.200.202406191623/tools/bin/../lib/gcc/arm-none-eabi/12.3.1/../../../../arm-none-eabi/lib/thumb/v7-m/nofp\libc_nano.a(libc_a-lseekr.o)
[...]
Memory Configuration

Name             Origin             Length             Attributes
RAM              0x20000000         0x00010000         xrw
FLASH            0x08000000         0x00080000         xr
*default*        0x00000000         0xffffffff

Linker script and memory map

LOAD C:/ST/STM32CubeIDE_1.16.0/STM32CubeIDE/plugins/com.st.stm32cube.ide.mcu.externaltools.gnu-tools-for-stm32.12.3.rel1.win32_1.0.200.202406191623/tools/bin/../lib/gcc/arm-none-eabi/12.3.1/thumb/v7-m/nofp/crti.o
LOAD C:/ST/STM32CubeIDE_1.16.0/STM32CubeIDE/plugins/com.st.stm32cube.ide.mcu.externaltools.gnu-tools-for-stm32.12.3.rel1.win32_1.0.200.202406191623/tools/bin/../lib/gcc/arm-none-eabi/12.3.1/thumb/v7-m/nofp/crtbegin.o
LOAD C:/ST/STM32CubeIDE_1.16.0/STM32CubeIDE/plugins/com.st.stm32cube.ide.mcu.externaltools.gnu-tools-for-stm32.12.3.rel1.win32_1.0.200.202406191623/tools/bin/../lib/gcc/arm-none-eabi/12.3.1/../../../../arm-none-eabi/lib/thumb/v7-m/nofp/crt0.o
LOAD ./Core/Src/bluetooth.o
LOAD ./Core/Src/control.o
LOAD ./Core/Src/gpio.o
LOAD ./Core/Src/imu.o
LOAD ./Core/Src/main.o
LOAD ./Core/Src/motor.o
LOAD ./Core/Src/openmv.o
LOAD ./Core/Src/servo.o
LOAD ./Core/Src/sonic.o
LOAD ./Core/Src/stm32f1xx_hal_msp.o
LOAD ./Core/Src/stm32f1xx_it.o
LOAD ./Core/Src/syscalls.o
LOAD ./Core/Src/sysmem.o
LOAD ./Core/Src/system_stm32f1xx.o
LOAD ./Core/Src/tim.o
LOAD ./Core/Src/usart.o
LOAD ./Core/Startup/startup_stm32f103vetx.o
LOAD ./Drivers/STM32F1xx_HAL_Driver/Src/stm32f1xx_hal.o
LOAD ./Drivers/STM32F1xx_HAL_Driver/Src/stm32f1xx_hal_cortex.o
LOAD ./Drivers/STM32F1xx_HAL_Driver/Src/stm32f1xx_hal_dma.o
LOAD ./Drivers/STM32F1xx_HAL_Driver/Src/stm32f1xx_hal_exti.o
LOAD ./Drivers/STM32F1xx_HAL_Driver/Src/stm32f1xx_hal_flash.o
LOAD ./Drivers/STM32F1xx_HAL_Driver/Src/stm32f1xx_hal_flash_ex.o
LOAD ./Drivers/STM32F1xx_HAL_Driver/Src/stm32f1xx_hal_gpio.o
LOAD ./Drivers/STM32F1xx_HAL_Driver/Src/stm32f1xx_hal_gpio_ex.o
LOAD ./Drivers/STM32F1xx_HAL_Driver/Src/stm32f1xx_hal_pwr.o
LOAD ./Drivers/STM32F1xx_HAL_Driver/Src/stm32f1xx_hal_rcc.o
LOAD ./Drivers/STM32F1xx_HAL_Driver/Src/stm32f1xx_hal_rcc_ex.o
LOAD ./Drivers/STM32F1xx_HAL_Driver/Src/stm32f1xx_hal_tim.o
LOAD ./Drivers/STM32F1xx_HAL_Driver/Src/stm32f1xx_hal_tim_ex.o
LOAD ./Drivers/STM32F1xx_HAL_Driver/Src/stm32f1xx_hal_uart.o
START GROUP
LOAD C:/ST/STM32CubeIDE_1.16.0/STM32CubeIDE/plugins/com.st.stm32cube.ide.mcu.externaltools.gnu-tools-for-stm32.12.3.rel1.win32_1.0.200.202406191623/tools/bin/../lib/gcc/arm-none-eabi/12.3.1/../../../../arm-none-eabi/lib/thumb/v7-m/nofp\libc_nano.a
LOAD C:/ST/STM32CubeIDE_1.16.0/STM32CubeIDE/plugins/com.st.stm32cube.ide.mcu.externaltools.gnu-tools-for-stm32.12.3.rel1.win32_1.0.200.202406191623/tools/bin/../lib/gcc/arm-none-eabi/12.3.1/../../../../arm-none-eabi/lib/thumb/v7-m/nofp\libm.a
END GROUP
START GROUP
LOAD C:/ST/STM32CubeIDE_1.16.0/STM32CubeIDE/plugins/com.st.stm32cube.ide.mcu.externaltools.gnu-tools-for-stm32.12.3.rel1.win32_1.0.200.202406191623/tools/bin/../lib/gcc/arm-none-eabi/12.3.1/thumb/v7-m/nofp\libgcc.a
LOAD C:/ST/STM32CubeIDE_1.16.0/STM32CubeIDE/plugins/com.st.stm32cube.ide.mcu.externaltools.gnu-tools-for-stm32.12.3.rel1.win32_1.0.200.202406191623/tools/bin/../lib/gcc/arm-none-eabi/12.3.1/../../../../arm-none-eabi/lib/thumb/v7-m/nofp\libc_nano.a
END GROUP
START GROUP
LOAD C:/ST/STM32CubeIDE_1.16.0/STM32CubeIDE/plugins/com.st.stm32cube.ide.mcu.externaltools.gnu-tools-for-stm32.12.3.rel1.win32_1.0.200.202406191623/tools/bin/../lib/gcc/arm-none-eabi/12.3.1/thumb/v7-m/nofp\libgcc.a
LOAD C:/ST/STM32CubeIDE_1.16.0/STM32CubeIDE/plugins/com.st.stm32cube.ide.mcu.externaltools.gnu-tools-for-stm32.12.3.rel1.win32_1.0.200.202406191623/tools/bin/../lib/gcc/arm-none-eabi/12.3.1/../../../../arm-none-eabi/lib/thumb/v7-m/nofp\libc_nano.a
LOAD C:/ST/STM32CubeIDE_1.16.0/STM32CubeIDE/plugins/com.st.stm32cube.ide.mcu.externaltools.gnu-tools-for-stm32.12.3.rel1.win32_1.0.200.202406191623/tools/bin/../lib/gcc/arm-none-eabi/12.3.1/../../../../arm-none-eabi/lib/thumb/v7-m/nofp\libnosys.a
END GROUP
START GROUP
LOAD C:/ST/STM32CubeIDE_1.16.0/STM32CubeIDE/plugins/com.st.stm32cube.ide.mcu.externaltools.gnu-tools-for-stm32.12.3.rel1.win32_1.0.200.202406191623/tools/bin/../lib/gcc/arm-none-eabi/12.3.1/thumb/v7-m/nofp\libgcc.a
LOAD C:/ST/STM32CubeIDE_1.16.0/STM32CubeIDE/plugins/com.st.stm32cube.ide.mcu.externaltools.gnu-tools-for-stm32.12.3.rel1.win32_1.0.200.202406191623/tools/bin/../lib/gcc/arm-none-eabi/12.3.1/../../../../arm-none-eabi/lib/thumb/v7-m/nofp\libc_nano.a
LOAD C:/ST/STM32CubeIDE_1.16.0/STM32CubeIDE/plugins/com.st.stm32cube.ide.mcu.externaltools.gnu-tools-for-stm32.12.3.rel1.win32_1.0.200.202406191623/tools/bin/../lib/gcc/arm-none-eabi/12.3.1/../../../../arm-none-eabi/lib/thumb/v7-m/nofp\libnosys.a
END GROUP
LOAD C:/ST/STM32CubeIDE_1.16.0/STM32CubeIDE/plugins/com.st.stm32cube.ide.mcu.externaltools.gnu-tools-for-stm32.12.3.rel1.win32_1.0.200.202406191623/tools/bin/../lib/gcc/arm-none-eabi/12.3.1/thumb/v7-m/nofp/crtend.o
LOAD C:/ST/STM32CubeIDE_1.16.0/STM32CubeIDE/plugins/com.st.stm32cube.ide.mcu.externaltools.gnu-tools-for-stm32.12.3.rel1.win32_1.0.200.202406191623/tools/bin/../lib/gcc/arm-none-eabi/12.3.1/thumb/v7-m/nofp/crtn.o
                0x20010000                        _estack = (ORIGIN (RAM) + LENGTH (RAM))
                0x00000200                        _Min_Heap_Size = 0x200
                0x00000400                        _Min_Stack_Size = 0x400

.isr_vector     0x08000000      0x1e4
                0x08000000                        . = ALIGN (0x4)
 *(.isr_vector)
 .isr_vector    0x08000000      0x1e4 ./Core/Startup/startup_stm32f103vetx.o
                0x08000000                g_pfnVectors
                0x080001e4                        . = ALIGN (0x4)

.text           0x080001e8     0x7ba8
                0x080001e8                        . = ALIGN (0x4)
 *(.text)
 .text          0x080001e8       0x40 C:/ST/STM32CubeIDE_1.16.0/STM32CubeIDE/plugins/com.st.stm32cube.ide.mcu.externaltools.gnu-tools-for-stm32.12.3.rel1.win32_1.0.200.202406191623/tools/bin/../lib/gcc/arm-none-eabi/12.3.1/thumb/v7-m/nofp/crtbegin.o
 .text          0x08000228      0x378 C:/ST/STM32CubeIDE_1.16.0/STM32CubeIDE/plugins/com.st.stm32cube.ide.mcu.externaltools.gnu-tools-for-stm32.12.3.rel1.win32_1.0.200.202406191623/tools/bin/../lib/gcc/arm-none-eabi/12.3.1/thumb/v7-m/nofp\libgcc.a(_arm_addsubdf3.o)
                0x08000228                __aeabi_drsub
                0x08000230                __aeabi_dsub
                0x08000230                __subdf3
                0x08000234                __aeabi_dadd
                0x08000234                __adddf3
                0x080004ac                __floatunsidf
                0x080004ac                __aeabi_ui2d
                0x080004cc                __floatsidf
                0x080004cc                __aeabi_i2d
                0x080004f0                __aeabi_f2d
                0x080004f0                __extendsfdf2
                0x08000534                __floatundidf
                0x08000534                __aeabi_ul2d
                0x08000544                __floatdidf
                0x08000544                __aeabi_l2d
 .text          0x080005a0      0x424 C:/ST/STM32CubeIDE_1.16.0/STM32CubeIDE/plugins/com.st.stm32cube.ide.mcu.externaltools.gnu-tools-for-stm32.12.3.rel1.win32_1.0.200.202406191623/tools/bin/../lib/gcc/arm-none-eabi/12.3.1/thumb/v7-m/nofp\libgcc.a(_arm_muldivdf3.o)
                0x080005a0                __aeabi_dmul
                0x080005a0                __muldf3
                0x080007f4                __divdf3
                0x080007f4                __aeabi_ddiv
 .text          0x080009c4      0x110 C:/ST/STM32CubeIDE_1.16.0/STM32CubeIDE/plugins/com.st.stm32cube.ide.mcu.externaltools.gnu-tools-for-stm32.12.3.rel1.win32_1.0.200.202406191623/tools/bin/../lib/gcc/arm-none-eabi/12.3.1/thumb/v7-m/nofp\libgcc.a(_arm_cmpdf2.o)
                0x080009c4                __gtdf2
                0x080009c4                __gedf2
                0x080009cc                __ltdf2
                0x080009cc                __ledf2
                0x080009d4                __nedf2
                0x080009d4                __eqdf2
                0x080009d4                __cmpdf2
                0x08000a50                __aeabi_cdrcmple
                0x08000a60                __aeabi_cdcmpeq
                0x08000a60                __aeabi_cdcmple
                0x08000a70                __aeabi_dcmpeq
                0x08000a84                __aeabi_dcmplt
                0x08000a98                __aeabi_dcmple
                0x08000aac                __aeabi_dcmpge
                0x08000ac0                __aeabi_dcmpgt
 .text          0x08000ad4       0x50 C:/ST/STM32CubeIDE_1.16.0/STM32CubeIDE/plugins/com.st.stm32cube.ide.mcu.externaltools.gnu-tools-for-stm32.12.3.rel1.win32_1.0.200.202406191623/tools/bin/../lib/gcc/arm-none-eabi/12.3.1/thumb/v7-m/nofp\libgcc.a(_arm_fixdfsi.o)
                0x08000ad4                __aeabi_d2iz
                0x08000ad4                __fixdfsi
 .text          0x08000b24      0x21c C:/ST/STM32CubeIDE_1.16.0/STM32CubeIDE/plugins/com.st.stm32cube.ide.mcu.externaltools.gnu-tools-for-stm32.12.3.rel1.win32_1.0.200.202406191623/tools/bin/../lib/gcc/arm-none-eabi/12.3.1/thumb/v7-m/nofp\libgcc.a(_arm_addsubsf3.o)
                0x08000b24                __aeabi_frsub
                0x08000b2c                __subsf3
                0x08000b2c                __aeabi_fsub
                0x08000b30                __aeabi_fadd
                0x08000b30                __addsf3
                0x08000c90                __aeabi_ui2f
                0x08000c90                __floatunsisf
                0x08000c98                __aeabi_i2f
                0x08000c98                __floatsisf
                0x08000cb4                __aeabi_ul2f
                0x08000cb4                __floatundisf
                0x08000cc4                __aeabi_l2f
                0x08000cc4                __floatdisf
 .text          0x08000d40      0x2a0 C:/ST/STM32CubeIDE_1.16.0/STM32CubeIDE/plugins/com.st.stm32cube.ide.mcu.externaltools.gnu-tools-for-stm32.12.3.rel1.win32_1.0.200.202406191623/tools/bin/../lib/gcc/arm-none-eabi/12.3.1/thumb/v7-m/nofp\libgcc.a(_arm_muldivsf3.o)
                0x08000d40                __mulsf3
                0x08000d40                __aeabi_fmul
                0x08000ea8                __aeabi_fdiv
                0x08000ea8                __divsf3
 .text          0x08000fe0       0xec C:/ST/STM32CubeIDE_1.16.0/STM32CubeIDE/plugins/com.st.stm32cube.ide.mcu.externaltools.gnu-tools-for-stm32.12.3.rel1.win32_1.0.200.202406191623/tools/bin/../lib/gcc/arm-none-eabi/12.3.1/thumb/v7-m/nofp\libgcc.a(_arm_cmpsf2.o)
                0x08000fe0                __gesf2
                0x08000fe0                __gtsf2
                0x08000fe8                __lesf2
                0x08000fe8                __ltsf2
                0x08000ff0                __nesf2
                0x08000ff0                __eqsf2
                0x08000ff0                __cmpsf2
                0x08001050                __aeabi_cfrcmple
                0x08001058                __aeabi_cfcmpeq
                0x08001058                __aeabi_cfcmple
                0x08001068                __aeabi_fcmpeq
                0x0800107c                __aeabi_fcmplt
                0x08001090                __aeabi_fcmple
                0x080010a4                __aeabi_fcmpge
                0x080010b8                __aeabi_fcmpgt
 .text          0x080010cc       0x4c C:/ST/STM32CubeIDE_1.16.0/STM32CubeIDE/plugins/com.st.stm32cube.ide.mcu.externaltools.gnu-tools-for-stm32.12.3.rel1.win32_1.0.200.202406191623/tools/bin/../lib/gcc/arm-none-eabi/12.3.1/thumb/v7-m/nofp\libgcc.a(_arm_fixsfsi.o)
                0x080010cc                __aeabi_f2iz
                0x080010cc                __fixsfsi
 *(.text*)
 .text.extract_RX
                0x08001118       0x9c ./Core/Src/bluetooth.o
                0x08001118                extract_RX
 .text.mode_switch
                0x080011b4      0x178 ./Core/Src/bluetooth.o
                0x080011b4                mode_switch
 *fill*         0x0800132c        0x4 
 .text.remote_control
                0x08001330       0xfc ./Core/Src/bluetooth.o
                0x08001330                remote_control
 .text.setspeed
                0x0800142c       0xd0 ./Core/Src/control.o
                0x0800142c                setspeed
 *fill*         0x080014fc        0x4 
 .text.roundPID
                0x08001500      0x118 ./Core/Src/control.o
                0x08001500                roundPID
 .text.spin     0x08001618       0xa8 ./Core/Src/control.o
                0x08001618                spin
 .text.groundturn
                0x080016c0       0x68 ./Core/Src/control.o
                0x080016c0                groundturn
 .text.fetchplace
                0x08001728       0x8c ./Core/Src/control.o
                0x08001728                fetchplace
 .text.alongside
                0x080017b4       0xbc ./Core/Src/control.o
                0x080017b4                alongside
 .text.avoidance
                0x08001870      0x640 ./Core/Src/control.o
                0x08001870                avoidance
 .text.avoid_stop
                0x08001eb0       0x1c ./Core/Src/control.o
                0x08001eb0                avoid_stop
 .text.MX_GPIO_Init
                0x08001ecc      0x11c ./Core/Src/gpio.o
                0x08001ecc                MX_GPIO_Init
 .text.JY901_Process
                0x08001fe8       0xf4 ./Core/Src/imu.o
                0x08001fe8                JY901_Process
 .text.main     0x080020dc      0x224 ./Core/Src/main.o
                0x080020dc                main
 .text.SystemClock_Config
                0x08002300       0x8a ./Core/Src/main.o
                0x08002300                SystemClock_Config
 *fill*         0x0800238a        0x6 
 .text.HAL_TIM_PeriodElapsedCallback
                0x08002390      0x554 ./Core/Src/main.o
                0x08002390                HAL_TIM_PeriodElapsedCallback
 *fill*         0x080028e4        0x4 
 .text.HAL_TIM_IC_CaptureCallback
                0x080028e8      0x46c ./Core/Src/main.o
                0x080028e8                HAL_TIM_IC_CaptureCallback
 .text.HAL_UART_RxCpltCallback
                0x08002d54       0xc4 ./Core/Src/main.o
                0x08002d54                HAL_UART_RxCpltCallback
 .text.Error_Handler
                0x08002e18        0xc ./Core/Src/main.o
                0x08002e18                Error_Handler
 .text.motor_init
                0x08002e24       0x48 ./Core/Src/motor.o
                0x08002e24                motor_init
 .text.motor_PWM
                0x08002e6c      0x124 ./Core/Src/motor.o
                0x08002e6c                motor_PWM
 .text.motor_leftfeedback
                0x08002f90       0x6c ./Core/Src/motor.o
                0x08002f90                motor_leftfeedback
 *fill*         0x08002ffc        0x4 
 .text.motor_rightfeedback
                0x08003000       0x6c ./Core/Src/motor.o
                0x08003000                motor_rightfeedback
 *fill*         0x0800306c        0x4 
 .text.leftspeedPID
                0x08003070       0xd8 ./Core/Src/motor.o
                0x08003070                leftspeedPID
 .text.rightspeedPID
                0x08003148       0xd8 ./Core/Src/motor.o
                0x08003148                rightspeedPID
 .text.Openmv_Receive_Data
                0x08003220      0x184 ./Core/Src/openmv.o
                0x08003220                Openmv_Receive_Data
 .text.extract_MVRX1
                0x080033a4       0x94 ./Core/Src/openmv.o
                0x080033a4                extract_MVRX1
 .text.extract_MVRX2
                0x08003438       0x70 ./Core/Src/openmv.o
                0x08003438                extract_MVRX2
 .text.extract_MVRX3
                0x080034a8       0xb4 ./Core/Src/openmv.o
                0x080034a8                extract_MVRX3
 .text.servo1_init
                0x0800355c       0x2c ./Core/Src/servo.o
                0x0800355c                servo1_init
 .text.servo1_turn
                0x08003588       0x48 ./Core/Src/servo.o
                0x08003588                servo1_turn
 .text.servo2_init
                0x080035d0       0x2c ./Core/Src/servo.o
                0x080035d0                servo2_init
 .text.servo2_turn
                0x080035fc       0x48 ./Core/Src/servo.o
                0x080035fc                servo2_turn
 .text.servo3_init
                0x08003644       0x48 ./Core/Src/servo.o
                0x08003644                servo3_init
 .text.servo3_scan
                0x0800368c       0xa4 ./Core/Src/servo.o
                0x0800368c                servo3_scan
 .text.servo4_init
                0x08003730       0x2c ./Core/Src/servo.o
                0x08003730                servo4_init
 .text.servo4_turn
                0x0800375c       0x48 ./Core/Src/servo.o
                0x0800375c                servo4_turn
 .text.servo1_down
                0x080037a4       0x74 ./Core/Src/servo.o
                0x080037a4                servo1_down
 .text.servo2_shut
                0x08003818       0x74 ./Core/Src/servo.o
                0x08003818                servo2_shut
 .text.sonic_delay
                0x0800388c       0x30 ./Core/Src/sonic.o
                0x0800388c                sonic_delay
 .text.get_distance1
                0x080038bc       0x58 ./Core/Src/sonic.o
                0x080038bc                get_distance1
 .text.get_distance2
                0x08003914       0x58 ./Core/Src/sonic.o
                0x08003914                get_distance2
 .text.get_distance3
                0x0800396c       0x58 ./Core/Src/sonic.o
                0x0800396c                get_distance3
 .text.get_distance4
                0x080039c4       0x58 ./Core/Src/sonic.o
                0x080039c4                get_distance4
 .text.HAL_MspInit
                0x08003a1c       0x64 ./Core/Src/stm32f1xx_hal_msp.o
                0x08003a1c                HAL_MspInit
 .text.NMI_Handler
                0x08003a80        0x8 ./Core/Src/stm32f1xx_it.o
                0x08003a80                NMI_Handler
 .text.HardFault_Handler
                0x08003a88        0x8 ./Core/Src/stm32f1xx_it.o
                0x08003a88                HardFault_Handler
 .text.MemManage_Handler
                0x08003a90        0x8 ./Core/Src/stm32f1xx_it.o
                0x08003a90                MemManage_Handler
 .text.BusFault_Handler
                0x08003a98        0x8 ./Core/Src/stm32f1xx_it.o
                0x08003a98                BusFault_Handler
 .text.UsageFault_Handler
                0x08003aa0        0x8 ./Core/Src/stm32f1xx_it.o
                0x08003aa0                UsageFault_Handler
 .text.SVC_Handler
                0x08003aa8        0xc ./Core/Src/stm32f1xx_it.o
                0x08003aa8                SVC_Handler
 .text.DebugMon_Handler
                0x08003ab4        0xc ./Core/Src/stm32f1xx_it.o
                0x08003ab4                DebugMon_Handler
 .text.PendSV_Handler
                0x08003ac0        0xc ./Core/Src/stm32f1xx_it.o
                0x08003ac0                PendSV_Handler
 .text.SysTick_Handler
                0x08003acc        0xc ./Core/Src/stm32f1xx_it.o
                0x08003acc                SysTick_Handler
 .text.TIM4_IRQHandler
                0x08003ad8       0x14 ./Core/Src/stm32f1xx_it.o
                0x08003ad8                TIM4_IRQHandler
 .text.USART1_IRQHandler
                0x08003aec       0x14 ./Core/Src/stm32f1xx_it.o
                0x08003aec                USART1_IRQHandler
 .text.USART3_IRQHandler
                0x08003b00       0x14 ./Core/Src/stm32f1xx_it.o
                0x08003b00                USART3_IRQHandler
 .text.UART4_IRQHandler
                0x08003b14       0x14 ./Core/Src/stm32f1xx_it.o
                0x08003b14                UART4_IRQHandler
 .text.TIM7_IRQHandler
                0x08003b28       0x14 ./Core/Src/stm32f1xx_it.o
                0x08003b28                TIM7_IRQHandler
 .text.SystemInit
                0x08003b3c        0xc ./Core/Src/system_stm32f1xx.o
                0x08003b3c                SystemInit
 .text.MX_TIM1_Init
                0x08003b48      0x150 ./Core/Src/tim.o
                0x08003b48                MX_TIM1_Init
 .text.MX_TIM2_Init
                0x08003c98       0xa8 ./Core/Src/tim.o
                0x08003c98                MX_TIM2_Init
 .text.MX_TIM3_Init
                0x08003d40       0x9c ./Core/Src/tim.o
                0x08003d40                MX_TIM3_Init
 .text.MX_TIM4_Init
                0x08003ddc      0x124 ./Core/Src/tim.o
                0x08003ddc                MX_TIM4_Init
 .text.MX_TIM5_Init
                0x08003f00       0xc8 ./Core/Src/tim.o
                0x08003f00                MX_TIM5_Init
 .text.MX_TIM7_Init
                0x08003fc8       0x6c ./Core/Src/tim.o
                0x08003fc8                MX_TIM7_Init
 .text.MX_TIM8_Init
                0x08004034       0xb0 ./Core/Src/tim.o
                0x08004034                MX_TIM8_Init
 .text.HAL_TIM_PWM_MspInit
                0x080040e4       0x64 ./Core/Src/tim.o
                0x080040e4                HAL_TIM_PWM_MspInit
 .text.HAL_TIM_Encoder_MspInit
                0x08004148       0xd4 ./Core/Src/tim.o
                0x08004148                HAL_TIM_Encoder_MspInit
 .text.HAL_TIM_Base_MspInit
                0x0800421c      0x110 ./Core/Src/tim.o
                0x0800421c                HAL_TIM_Base_MspInit
 .text.HAL_TIM_MspPostInit
                0x0800432c       0xd4 ./Core/Src/tim.o
                0x0800432c                HAL_TIM_MspPostInit
 .text.total_delay
                0x08004400       0x30 ./Core/Src/tim.o
                0x08004400                total_delay
 .text.MX_UART4_Init
                0x08004430       0x54 ./Core/Src/usart.o
                0x08004430                MX_UART4_Init
 .text.MX_USART1_UART_Init
                0x08004484       0x54 ./Core/Src/usart.o
                0x08004484                MX_USART1_UART_Init
 .text.MX_USART3_UART_Init
                0x080044d8       0x54 ./Core/Src/usart.o
                0x080044d8                MX_USART3_UART_Init
 .text.HAL_UART_MspInit
                0x0800452c      0x1b8 ./Core/Src/usart.o
                0x0800452c                HAL_UART_MspInit
 .text.Reset_Handler
                0x080046e4       0x48 ./Core/Startup/startup_stm32f103vetx.o
                0x080046e4                Reset_Handler
 .text.Default_Handler
                0x0800472c        0x2 ./Core/Startup/startup_stm32f103vetx.o
                0x0800472c                RTC_Alarm_IRQHandler
                0x0800472c                EXTI2_IRQHandler
                0x0800472c                TIM8_TRG_COM_IRQHandler
                0x0800472c                TIM8_CC_IRQHandler
                0x0800472c                TIM1_CC_IRQHandler
                0x0800472c                TIM6_IRQHandler
                0x0800472c                PVD_IRQHandler
                0x0800472c                SDIO_IRQHandler
                0x0800472c                EXTI3_IRQHandler
                0x0800472c                EXTI0_IRQHandler
                0x0800472c                I2C2_EV_IRQHandler
                0x0800472c                ADC1_2_IRQHandler
                0x0800472c                SPI1_IRQHandler
                0x0800472c                TAMPER_IRQHandler
                0x0800472c                TIM8_UP_IRQHandler
                0x0800472c                DMA2_Channel2_IRQHandler
                0x0800472c                DMA1_Channel4_IRQHandler
                0x0800472c                RTC_IRQHandler
                0x0800472c                DMA1_Channel7_IRQHandler
                0x0800472c                CAN1_RX1_IRQHandler
                0x0800472c                UART5_IRQHandler
                0x0800472c                ADC3_IRQHandler
                0x0800472c                DMA2_Channel1_IRQHandler
                0x0800472c                I2C1_EV_IRQHandler
                0x0800472c                DMA1_Channel6_IRQHandler
                0x0800472c                TIM3_IRQHandler
                0x0800472c                RCC_IRQHandler
                0x0800472c                TIM1_TRG_COM_IRQHandler
                0x0800472c                DMA1_Channel1_IRQHandler
                0x0800472c                Default_Handler
                0x0800472c                EXTI15_10_IRQHandler
                0x0800472c                TIM5_IRQHandler
                0x0800472c                EXTI9_5_IRQHandler
                0x0800472c                SPI2_IRQHandler
                0x0800472c                DMA1_Channel5_IRQHandler
                0x0800472c                EXTI4_IRQHandler
                0x0800472c                USB_LP_CAN1_RX0_IRQHandler
                0x0800472c                USB_HP_CAN1_TX_IRQHandler
                0x0800472c                DMA1_Channel3_IRQHandler
                0x0800472c                FSMC_IRQHandler
                0x0800472c                TIM1_UP_IRQHandler
                0x0800472c                WWDG_IRQHandler
                0x0800472c                TIM2_IRQHandler
                0x0800472c                TIM1_BRK_IRQHandler
                0x0800472c                EXTI1_IRQHandler
                0x0800472c                DMA2_Channel4_5_IRQHandler
                0x0800472c                USART2_IRQHandler
                0x0800472c                I2C2_ER_IRQHandler
                0x0800472c                DMA1_Channel2_IRQHandler
                0x0800472c                TIM8_BRK_IRQHandler
                0x0800472c                CAN1_SCE_IRQHandler
                0x0800472c                FLASH_IRQHandler
                0x0800472c                SPI3_IRQHandler
                0x0800472c                I2C1_ER_IRQHandler
                0x0800472c                USBWakeUp_IRQHandler
                0x0800472c                DMA2_Channel3_IRQHandler
 *fill*         0x0800472e        0x2 
 .text.HAL_Init
                0x08004730       0x2c ./Drivers/STM32F1xx_HAL_Driver/Src/stm32f1xx_hal.o
                0x08004730                HAL_Init
 .text.HAL_InitTick
                0x0800475c       0x60 ./Drivers/STM32F1xx_HAL_Driver/Src/stm32f1xx_hal.o
                0x0800475c                HAL_InitTick
 .text.HAL_IncTick
                0x080047bc       0x24 ./Drivers/STM32F1xx_HAL_Driver/Src/stm32f1xx_hal.o
                0x080047bc                HAL_IncTick
 .text.HAL_GetTick
                0x080047e0       0x14 ./Drivers/STM32F1xx_HAL_Driver/Src/stm32f1xx_hal.o
                0x080047e0                HAL_GetTick
 .text.__NVIC_SetPriorityGrouping
                0x080047f4       0x48 ./Drivers/STM32F1xx_HAL_Driver/Src/stm32f1xx_hal_cortex.o
 .text.__NVIC_GetPriorityGrouping
                0x0800483c       0x1c ./Drivers/STM32F1xx_HAL_Driver/Src/stm32f1xx_hal_cortex.o
 .text.__NVIC_EnableIRQ
                0x08004858       0x38 ./Drivers/STM32F1xx_HAL_Driver/Src/stm32f1xx_hal_cortex.o
 .text.__NVIC_SetPriority
                0x08004890       0x54 ./Drivers/STM32F1xx_HAL_Driver/Src/stm32f1xx_hal_cortex.o
 .text.NVIC_EncodePriority
                0x080048e4       0x64 ./Drivers/STM32F1xx_HAL_Driver/Src/stm32f1xx_hal_cortex.o
 .text.SysTick_Config
                0x08004948       0x44 ./Drivers/STM32F1xx_HAL_Driver/Src/stm32f1xx_hal_cortex.o
 .text.HAL_NVIC_SetPriorityGrouping
                0x0800498c       0x16 ./Drivers/STM32F1xx_HAL_Driver/Src/stm32f1xx_hal_cortex.o
                0x0800498c                HAL_NVIC_SetPriorityGrouping
 .text.HAL_NVIC_SetPriority
                0x080049a2       0x38 ./Drivers/STM32F1xx_HAL_Driver/Src/stm32f1xx_hal_cortex.o
                0x080049a2                HAL_NVIC_SetPriority
 .text.HAL_NVIC_EnableIRQ
                0x080049da       0x1c ./Drivers/STM32F1xx_HAL_Driver/Src/stm32f1xx_hal_cortex.o
                0x080049da                HAL_NVIC_EnableIRQ
 .text.HAL_SYSTICK_Config
                0x080049f6       0x18 ./Drivers/STM32F1xx_HAL_Driver/Src/stm32f1xx_hal_cortex.o
                0x080049f6                HAL_SYSTICK_Config
 .text.HAL_DMA_Abort
                0x08004a0e       0x74 ./Drivers/STM32F1xx_HAL_Driver/Src/stm32f1xx_hal_dma.o
                0x08004a0e                HAL_DMA_Abort
 *fill*         0x08004a82        0x2 
 .text.HAL_DMA_Abort_IT
                0x08004a84      0x210 ./Drivers/STM32F1xx_HAL_Driver/Src/stm32f1xx_hal_dma.o
                0x08004a84                HAL_DMA_Abort_IT
 .text.HAL_GPIO_Init
                0x08004c94      0x328 ./Drivers/STM32F1xx_HAL_Driver/Src/stm32f1xx_hal_gpio.o
                0x08004c94                HAL_GPIO_Init
 .text.HAL_GPIO_WritePin
                0x08004fbc       0x30 ./Drivers/STM32F1xx_HAL_Driver/Src/stm32f1xx_hal_gpio.o
                0x08004fbc                HAL_GPIO_WritePin
 .text.HAL_RCC_OscConfig
                0x08004fec      0x504 ./Drivers/STM32F1xx_HAL_Driver/Src/stm32f1xx_hal_rcc.o
                0x08004fec                HAL_RCC_OscConfig
 .text.HAL_RCC_ClockConfig
                0x080054f0      0x1d4 ./Drivers/STM32F1xx_HAL_Driver/Src/stm32f1xx_hal_rcc.o
                0x080054f0                HAL_RCC_ClockConfig
 .text.HAL_RCC_GetSysClockFreq
                0x080056c4       0xbc ./Drivers/STM32F1xx_HAL_Driver/Src/stm32f1xx_hal_rcc.o
                0x080056c4                HAL_RCC_GetSysClockFreq
 .text.HAL_RCC_GetHCLKFreq
                0x08005780       0x14 ./Drivers/STM32F1xx_HAL_Driver/Src/stm32f1xx_hal_rcc.o
                0x08005780                HAL_RCC_GetHCLKFreq
 .text.HAL_RCC_GetPCLK1Freq
                0x08005794       0x28 ./Drivers/STM32F1xx_HAL_Driver/Src/stm32f1xx_hal_rcc.o
                0x08005794                HAL_RCC_GetPCLK1Freq
 .text.HAL_RCC_GetPCLK2Freq
                0x080057bc       0x28 ./Drivers/STM32F1xx_HAL_Driver/Src/stm32f1xx_hal_rcc.o
                0x080057bc                HAL_RCC_GetPCLK2Freq
 .text.RCC_Delay
                0x080057e4       0x3c ./Drivers/STM32F1xx_HAL_Driver/Src/stm32f1xx_hal_rcc.o
 .text.HAL_TIM_Base_Init
                0x08005820       0x9e ./Drivers/STM32F1xx_HAL_Driver/Src/stm32f1xx_hal_tim.o
                0x08005820                HAL_TIM_Base_Init
 *fill*         0x080058be        0x2 
 .text.HAL_TIM_Base_Start
                0x080058c0       0xb0 ./Drivers/STM32F1xx_HAL_Driver/Src/stm32f1xx_hal_tim.o
                0x080058c0                HAL_TIM_Base_Start
 .text.HAL_TIM_Base_Start_IT
                0x08005970       0xc0 ./Drivers/STM32F1xx_HAL_Driver/Src/stm32f1xx_hal_tim.o
                0x08005970                HAL_TIM_Base_Start_IT
 .text.HAL_TIM_PWM_Init
                0x08005a30       0x9e ./Drivers/STM32F1xx_HAL_Driver/Src/stm32f1xx_hal_tim.o
                0x08005a30                HAL_TIM_PWM_Init
 *fill*         0x08005ace        0x2 
 .text.HAL_TIM_PWM_Start
                0x08005ad0      0x174 ./Drivers/STM32F1xx_HAL_Driver/Src/stm32f1xx_hal_tim.o
                0x08005ad0                HAL_TIM_PWM_Start
 .text.HAL_TIM_IC_Init
                0x08005c44       0x9e ./Drivers/STM32F1xx_HAL_Driver/Src/stm32f1xx_hal_tim.o
                0x08005c44                HAL_TIM_IC_Init
 .text.HAL_TIM_IC_MspInit
                0x08005ce2       0x12 ./Drivers/STM32F1xx_HAL_Driver/Src/stm32f1xx_hal_tim.o
                0x08005ce2                HAL_TIM_IC_MspInit
 .text.HAL_TIM_IC_Start_IT
                0x08005cf4      0x228 ./Drivers/STM32F1xx_HAL_Driver/Src/stm32f1xx_hal_tim.o
                0x08005cf4                HAL_TIM_IC_Start_IT
 .text.HAL_TIM_Encoder_Init
                0x08005f1c      0x144 ./Drivers/STM32F1xx_HAL_Driver/Src/stm32f1xx_hal_tim.o
                0x08005f1c                HAL_TIM_Encoder_Init
 .text.HAL_TIM_Encoder_Start
                0x08006060      0x11c ./Drivers/STM32F1xx_HAL_Driver/Src/stm32f1xx_hal_tim.o
                0x08006060                HAL_TIM_Encoder_Start
 .text.HAL_TIM_IRQHandler
                0x0800617c      0x210 ./Drivers/STM32F1xx_HAL_Driver/Src/stm32f1xx_hal_tim.o
                0x0800617c                HAL_TIM_IRQHandler
 .text.HAL_TIM_IC_ConfigChannel
                0x0800638c      0x128 ./Drivers/STM32F1xx_HAL_Driver/Src/stm32f1xx_hal_tim.o
                0x0800638c                HAL_TIM_IC_ConfigChannel
 .text.HAL_TIM_PWM_ConfigChannel
                0x080064b4      0x17c ./Drivers/STM32F1xx_HAL_Driver/Src/stm32f1xx_hal_tim.o
                0x080064b4                HAL_TIM_PWM_ConfigChannel
 .text.HAL_TIM_ConfigClockSource
                0x08006630      0x188 ./Drivers/STM32F1xx_HAL_Driver/Src/stm32f1xx_hal_tim.o
                0x08006630                HAL_TIM_ConfigClockSource
 .text.HAL_TIM_ReadCapturedValue
                0x080067b8       0x88 ./Drivers/STM32F1xx_HAL_Driver/Src/stm32f1xx_hal_tim.o
                0x080067b8                HAL_TIM_ReadCapturedValue
 .text.HAL_TIM_OC_DelayElapsedCallback
                0x08006840       0x12 ./Drivers/STM32F1xx_HAL_Driver/Src/stm32f1xx_hal_tim.o
                0x08006840                HAL_TIM_OC_DelayElapsedCallback
 .text.HAL_TIM_PWM_PulseFinishedCallback
                0x08006852       0x12 ./Drivers/STM32F1xx_HAL_Driver/Src/stm32f1xx_hal_tim.o
                0x08006852                HAL_TIM_PWM_PulseFinishedCallback
 .text.HAL_TIM_TriggerCallback
                0x08006864       0x12 ./Drivers/STM32F1xx_HAL_Driver/Src/stm32f1xx_hal_tim.o
                0x08006864                HAL_TIM_TriggerCallback
 *fill*         0x08006876        0x2 
 .text.TIM_Base_SetConfig
                0x08006878       0xf4 ./Drivers/STM32F1xx_HAL_Driver/Src/stm32f1xx_hal_tim.o
                0x08006878                TIM_Base_SetConfig
 .text.TIM_OC1_SetConfig
                0x0800696c       0xe0 ./Drivers/STM32F1xx_HAL_Driver/Src/stm32f1xx_hal_tim.o
 .text.TIM_OC2_SetConfig
                0x08006a4c       0xe8 ./Drivers/STM32F1xx_HAL_Driver/Src/stm32f1xx_hal_tim.o
                0x08006a4c                TIM_OC2_SetConfig
 .text.TIM_OC3_SetConfig
                0x08006b34       0xe8 ./Drivers/STM32F1xx_HAL_Driver/Src/stm32f1xx_hal_tim.o
 .text.TIM_OC4_SetConfig
                0x08006c1c       0xa8 ./Drivers/STM32F1xx_HAL_Driver/Src/stm32f1xx_hal_tim.o
 .text.TIM_TI1_SetConfig
                0x08006cc4       0xcc ./Drivers/STM32F1xx_HAL_Driver/Src/stm32f1xx_hal_tim.o
                0x08006cc4                TIM_TI1_SetConfig
 .text.TIM_TI1_ConfigInputStage
                0x08006d90       0x5c ./Drivers/STM32F1xx_HAL_Driver/Src/stm32f1xx_hal_tim.o
 .text.TIM_TI2_SetConfig
                0x08006dec       0x78 ./Drivers/STM32F1xx_HAL_Driver/Src/stm32f1xx_hal_tim.o
 .text.TIM_TI2_ConfigInputStage
                0x08006e64       0x5e ./Drivers/STM32F1xx_HAL_Driver/Src/stm32f1xx_hal_tim.o
 .text.TIM_TI3_SetConfig
                0x08006ec2       0x76 ./Drivers/STM32F1xx_HAL_Driver/Src/stm32f1xx_hal_tim.o
 .text.TIM_TI4_SetConfig
                0x08006f38       0x78 ./Drivers/STM32F1xx_HAL_Driver/Src/stm32f1xx_hal_tim.o
 .text.TIM_ITRx_SetConfig
                0x08006fb0       0x34 ./Drivers/STM32F1xx_HAL_Driver/Src/stm32f1xx_hal_tim.o
 .text.TIM_ETR_SetConfig
                0x08006fe4       0x3e ./Drivers/STM32F1xx_HAL_Driver/Src/stm32f1xx_hal_tim.o
                0x08006fe4                TIM_ETR_SetConfig
 .text.TIM_CCxChannelCmd
                0x08007022       0x48 ./Drivers/STM32F1xx_HAL_Driver/Src/stm32f1xx_hal_tim.o
                0x08007022                TIM_CCxChannelCmd
 *fill*         0x0800706a        0x2 
 .text.HAL_TIMEx_MasterConfigSynchronization
                0x0800706c       0xd8 ./Drivers/STM32F1xx_HAL_Driver/Src/stm32f1xx_hal_tim_ex.o
                0x0800706c                HAL_TIMEx_MasterConfigSynchronization
 .text.HAL_TIMEx_ConfigBreakDeadTime
                0x08007144       0xa2 ./Drivers/STM32F1xx_HAL_Driver/Src/stm32f1xx_hal_tim_ex.o
                0x08007144                HAL_TIMEx_ConfigBreakDeadTime
 .text.HAL_TIMEx_CommutCallback
                0x080071e6       0x12 ./Drivers/STM32F1xx_HAL_Driver/Src/stm32f1xx_hal_tim_ex.o
                0x080071e6                HAL_TIMEx_CommutCallback
 .text.HAL_TIMEx_BreakCallback
                0x080071f8       0x12 ./Drivers/STM32F1xx_HAL_Driver/Src/stm32f1xx_hal_tim_ex.o
                0x080071f8                HAL_TIMEx_BreakCallback
 .text.HAL_UART_Init
                0x0800720a       0x9a ./Drivers/STM32F1xx_HAL_Driver/Src/stm32f1xx_hal_uart.o
                0x0800720a                HAL_UART_Init
 .text.HAL_UART_Receive
                0x080072a4      0x144 ./Drivers/STM32F1xx_HAL_Driver/Src/stm32f1xx_hal_uart.o
                0x080072a4                HAL_UART_Receive
 .text.HAL_UART_Transmit_IT
                0x080073e8       0x88 ./Drivers/STM32F1xx_HAL_Driver/Src/stm32f1xx_hal_uart.o
                0x080073e8                HAL_UART_Transmit_IT
 .text.HAL_UART_Receive_IT
                0x08007470       0x60 ./Drivers/STM32F1xx_HAL_Driver/Src/stm32f1xx_hal_uart.o
                0x08007470                HAL_UART_Receive_IT
 .text.HAL_UART_IRQHandler
                0x080074d0      0x354 ./Drivers/STM32F1xx_HAL_Driver/Src/stm32f1xx_hal_uart.o
                0x080074d0                HAL_UART_IRQHandler
 .text.HAL_UART_TxCpltCallback
                0x08007824       0x12 ./Drivers/STM32F1xx_HAL_Driver/Src/stm32f1xx_hal_uart.o
                0x08007824                HAL_UART_TxCpltCallback
 .text.HAL_UART_ErrorCallback
                0x08007836       0x12 ./Drivers/STM32F1xx_HAL_Driver/Src/stm32f1xx_hal_uart.o
                0x08007836                HAL_UART_ErrorCallback
 .text.HAL_UARTEx_RxEventCallback
                0x08007848       0x16 ./Drivers/STM32F1xx_HAL_Driver/Src/stm32f1xx_hal_uart.o
                0x08007848                HAL_UARTEx_RxEventCallback
 .text.UART_WaitOnFlagUntilTimeout
                0x0800785e       0x94 ./Drivers/STM32F1xx_HAL_Driver/Src/stm32f1xx_hal_uart.o
 .text.UART_Start_Receive_IT
                0x080078f2       0x72 ./Drivers/STM32F1xx_HAL_Driver/Src/stm32f1xx_hal_uart.o
                0x080078f2                UART_Start_Receive_IT
 .text.UART_EndRxTransfer
                0x08007964       0x58 ./Drivers/STM32F1xx_HAL_Driver/Src/stm32f1xx_hal_uart.o
 .text.UART_DMAAbortOnError
                0x080079bc       0x28 ./Drivers/STM32F1xx_HAL_Driver/Src/stm32f1xx_hal_uart.o
 .text.UART_Transmit_IT
                0x080079e4       0x9e ./Drivers/STM32F1xx_HAL_Driver/Src/stm32f1xx_hal_uart.o
 .text.UART_EndTransmit_IT
                0x08007a82       0x30 ./Drivers/STM32F1xx_HAL_Driver/Src/stm32f1xx_hal_uart.o
 .text.UART_Receive_IT
                0x08007ab2      0x152 ./Drivers/STM32F1xx_HAL_Driver/Src/stm32f1xx_hal_uart.o
 .text.UART_SetConfig
                0x08007c04      0x11c ./Drivers/STM32F1xx_HAL_Driver/Src/stm32f1xx_hal_uart.o
 .text.memset   0x08007d20       0x10 C:/ST/STM32CubeIDE_1.16.0/STM32CubeIDE/plugins/com.st.stm32cube.ide.mcu.externaltools.gnu-tools-for-stm32.12.3.rel1.win32_1.0.200.202406191623/tools/bin/../lib/gcc/arm-none-eabi/12.3.1/../../../../arm-none-eabi/lib/thumb/v7-m/nofp\libc_nano.a(libc_a-memset.o)
                0x08007d20                memset
 .text.__libc_init_array
                0x08007d30       0x48 C:/ST/STM32CubeIDE_1.16.0/STM32CubeIDE/plugins/com.st.stm32cube.ide.mcu.externaltools.gnu-tools-for-stm32.12.3.rel1.win32_1.0.200.202406191623/tools/bin/../lib/gcc/arm-none-eabi/12.3.1/../../../../arm-none-eabi/lib/thumb/v7-m/nofp\libc_nano.a(libc_a-init.o)
                0x08007d30                __libc_init_array
 *(.glue_7)
 .glue_7        0x08007d78        0x0 linker stubs
 *(.glue_7t)
 .glue_7t       0x08007d78        0x0 linker stubs
 *(.eh_frame)
 .eh_frame      0x08007d78        0x0 C:/ST/STM32CubeIDE_1.16.0/STM32CubeIDE/plugins/com.st.stm32cube.ide.mcu.externaltools.gnu-tools-for-stm32.12.3.rel1.win32_1.0.200.202406191623/tools/bin/../lib/gcc/arm-none-eabi/12.3.1/thumb/v7-m/nofp/crtbegin.o
 *(.init)
 .init          0x08007d78        0x4 C:/ST/STM32CubeIDE_1.16.0/STM32CubeIDE/plugins/com.st.stm32cube.ide.mcu.externaltools.gnu-tools-for-stm32.12.3.rel1.win32_1.0.200.202406191623/tools/bin/../lib/gcc/arm-none-eabi/12.3.1/thumb/v7-m/nofp/crti.o
                0x08007d78                _init
 .init          0x08007d7c        0x8 C:/ST/STM32CubeIDE_1.16.0/STM32CubeIDE/plugins/com.st.stm32cube.ide.mcu.externaltools.gnu-tools-for-stm32.12.3.rel1.win32_1.0.200.202406191623/tools/bin/../lib/gcc/arm-none-eabi/12.3.1/thumb/v7-m/nofp/crtn.o
 *(.fini)
 .fini          0x08007d84        0x4 C:/ST/STM32CubeIDE_1.16.0/STM32CubeIDE/plugins/com.st.stm32cube.ide.mcu.externaltools.gnu-tools-for-stm32.12.3.rel1.win32_1.0.200.202406191623/tools/bin/../lib/gcc/arm-none-eabi/12.3.1/thumb/v7-m/nofp/crti.o
                0x08007d84                _fini
 .fini          0x08007d88        0x8 C:/ST/STM32CubeIDE_1.16.0/STM32CubeIDE/plugins/com.st.stm32cube.ide.mcu.externaltools.gnu-tools-for-stm32.12.3.rel1.win32_1.0.200.202406191623/tools/bin/../lib/gcc/arm-none-eabi/12.3.1/thumb/v7-m/nofp/crtn.o
                0x08007d90                        . = ALIGN (0x4)
                0x08007d90                        _etext = .

.vfp11_veneer   0x08007d90        0x0
 .vfp11_veneer  0x08007d90        0x0 linker stubs

.v4_bx          0x08007d90        0x0
 .v4_bx         0x08007d90        0x0 linker stubs

.iplt           0x08007d90        0x0
 .iplt          0x08007d90        0x0 C:/ST/STM32CubeIDE_1.16.0/STM32CubeIDE/plugins/com.st.stm32cube.ide.mcu.externaltools.gnu-tools-for-stm32.12.3.rel1.win32_1.0.200.202406191623/tools/bin/../lib/gcc/arm-none-eabi/12.3.1/thumb/v7-m/nofp/crtbegin.o

.rodata         0x08007d90       0x34
                0x08007d90                        . = ALIGN (0x4)
 *(.rodata)
 .rodata        0x08007d90        0x7 ./Core/Src/bluetooth.o
 *fill*         0x08007d97        0x1 
 .rodata        0x08007d98        0x3 ./Core/Src/main.o
 *fill*         0x08007d9b        0x1 
 .rodata        0x08007d9c       0x10 ./Drivers/STM32F1xx_HAL_Driver/Src/stm32f1xx_hal_rcc.o
 *(.rodata*)
 .rodata.AHBPrescTable
                0x08007dac       0x10 ./Core/Src/system_stm32f1xx.o
                0x08007dac                AHBPrescTable
 .rodata.APBPrescTable
                0x08007dbc        0x8 ./Core/Src/system_stm32f1xx.o
                0x08007dbc                APBPrescTable
                0x08007dc4                        . = ALIGN (0x4)

.rel.dyn        0x08007dc4        0x0
 .rel.iplt      0x08007dc4        0x0 C:/ST/STM32CubeIDE_1.16.0/STM32CubeIDE/plugins/com.st.stm32cube.ide.mcu.externaltools.gnu-tools-for-stm32.12.3.rel1.win32_1.0.200.202406191623/tools/bin/../lib/gcc/arm-none-eabi/12.3.1/thumb/v7-m/nofp/crtbegin.o

.ARM.extab      0x08007dc4        0x0
                0x08007dc4                        . = ALIGN (0x4)
 *(.ARM.extab* .gnu.linkonce.armextab.*)
                0x08007dc4                        . = ALIGN (0x4)

.ARM            0x08007dc4        0x0
                0x08007dc4                        . = ALIGN (0x4)
                0x08007dc4                        __exidx_start = .
 *(.ARM.exidx*)
                0x08007dc4                        __exidx_end = .
                0x08007dc4                        . = ALIGN (0x4)

.preinit_array  0x08007dc4        0x0
                0x08007dc4                        . = ALIGN (0x4)
                0x08007dc4                        PROVIDE (__preinit_array_start = .)
 *(.preinit_array*)
                0x08007dc4                        PROVIDE (__preinit_array_end = .)
                0x08007dc4                        . = ALIGN (0x4)

.init_array     0x08007dc4        0x4
                0x08007dc4                        . = ALIGN (0x4)
                0x08007dc4                        PROVIDE (__init_array_start = .)
 *(SORT_BY_NAME(.init_array.*))
 *(.init_array*)
 .init_array    0x08007dc4        0x4 C:/ST/STM32CubeIDE_1.16.0/STM32CubeIDE/plugins/com.st.stm32cube.ide.mcu.externaltools.gnu-tools-for-stm32.12.3.rel1.win32_1.0.200.202406191623/tools/bin/../lib/gcc/arm-none-eabi/12.3.1/thumb/v7-m/nofp/crtbegin.o
                0x08007dc8                        PROVIDE (__init_array_end = .)
                0x08007dc8                        . = ALIGN (0x4)

.fini_array     0x08007dc8        0x4
                0x08007dc8                        . = ALIGN (0x4)
                [!provide]                        PROVIDE (__fini_array_start = .)
 *(SORT_BY_NAME(.fini_array.*))
 *(.fini_array*)
 .fini_array    0x08007dc8        0x4 C:/ST/STM32CubeIDE_1.16.0/STM32CubeIDE/plugins/com.st.stm32cube.ide.mcu.externaltools.gnu-tools-for-stm32.12.3.rel1.win32_1.0.200.202406191623/tools/bin/../lib/gcc/arm-none-eabi/12.3.1/thumb/v7-m/nofp/crtbegin.o
                [!provide]                        PROVIDE (__fini_array_end = .)
                0x08007dcc                        . = ALIGN (0x4)
                0x08007dcc                        _sidata = LOADADDR (.data)

.data           0x20000000        0xc load address 0x08007dcc
                0x20000000                        . = ALIGN (0x4)
                0x20000000                        _sdata = .
 *(.data)
 *(.data*)
 .data.SystemCoreClock
                0x20000000        0x4 ./Core/Src/system_stm32f1xx.o
                0x20000000                SystemCoreClock
 .data.uwTickPrio
                0x20000004        0x4 ./Drivers/STM32F1xx_HAL_Driver/Src/stm32f1xx_hal.o
                0x20000004                uwTickPrio
 .data.uwTickFreq
                0x20000008        0x1 ./Drivers/STM32F1xx_HAL_Driver/Src/stm32f1xx_hal.o
                0x20000008                uwTickFreq
 *(.RamFunc)
 *(.RamFunc*)
                0x2000000c                        . = ALIGN (0x4)
 *fill*         0x20000009        0x3 
                0x2000000c                        _edata = .

.igot.plt       0x2000000c        0x0 load address 0x08007dd8
 .igot.plt      0x2000000c        0x0 C:/ST/STM32CubeIDE_1.16.0/STM32CubeIDE/plugins/com.st.stm32cube.ide.mcu.externaltools.gnu-tools-for-stm32.12.3.rel1.win32_1.0.200.202406191623/tools/bin/../lib/gcc/arm-none-eabi/12.3.1/thumb/v7-m/nofp/crtbegin.o
                0x2000000c                        . = ALIGN (0x4)

.bss            0x20000010      0x3e0 load address 0x08007dd8
                0x20000010                        _sbss = .
                0x20000010                        __bss_start__ = _sbss
 *(.bss)
 .bss           0x20000010       0x1c C:/ST/STM32CubeIDE_1.16.0/STM32CubeIDE/plugins/com.st.stm32cube.ide.mcu.externaltools.gnu-tools-for-stm32.12.3.rel1.win32_1.0.200.202406191623/tools/bin/../lib/gcc/arm-none-eabi/12.3.1/thumb/v7-m/nofp/crtbegin.o
 *(.bss*)
 .bss.leftspeed
                0x2000002c        0x4 ./Core/Src/bluetooth.o
                0x2000002c                leftspeed
 .bss.rightspeed
                0x20000030        0x4 ./Core/Src/bluetooth.o
                0x20000030                rightspeed
 .bss.leftfeedback
                0x20000034        0x4 ./Core/Src/bluetooth.o
                0x20000034                leftfeedback
 .bss.rightfeedback
                0x20000038        0x4 ./Core/Src/bluetooth.o
                0x20000038                rightfeedback
 .bss.lefterror
                0x2000003c        0x4 ./Core/Src/bluetooth.o
                0x2000003c                lefterror
 .bss.righterror
                0x20000040        0x4 ./Core/Src/bluetooth.o
                0x20000040                righterror
 .bss.distance1
                0x20000044        0x4 ./Core/Src/bluetooth.o
                0x20000044                distance1
 .bss.distance2
                0x20000048        0x4 ./Core/Src/bluetooth.o
                0x20000048                distance2
 .bss.distance3
                0x2000004c        0x4 ./Core/Src/bluetooth.o
                0x2000004c                distance3
 .bss.distance4
                0x20000050        0x4 ./Core/Src/bluetooth.o
                0x20000050                distance4
 .bss.is_close1
                0x20000054        0x4 ./Core/Src/bluetooth.o
                0x20000054                is_close1
 .bss.is_close2
                0x20000058        0x4 ./Core/Src/bluetooth.o
                0x20000058                is_close2
 .bss.is_close3
                0x2000005c        0x4 ./Core/Src/bluetooth.o
                0x2000005c                is_close3
 .bss.is_close4
                0x20000060        0x4 ./Core/Src/bluetooth.o
                0x20000060                is_close4
 .bss.theta     0x20000064        0x4 ./Core/Src/bluetooth.o
                0x20000064                theta
 .bss.theta0    0x20000068        0x4 ./Core/Src/bluetooth.o
                0x20000068                theta0
 .bss.IMURxBuffer
                0x2000006c        0xb ./Core/Src/bluetooth.o
                0x2000006c                IMURxBuffer
 *fill*         0x20000077        0x1 
 .bss.imu_check
                0x20000078        0x2 ./Core/Src/bluetooth.o
                0x20000078                imu_check
 *fill*         0x2000007a        0x2 
 .bss.targetspeed
                0x2000007c        0x4 ./Core/Src/bluetooth.o
                0x2000007c                targetspeed
 .bss.lefttarget
                0x20000080        0x4 ./Core/Src/bluetooth.o
                0x20000080                lefttarget
 .bss.righttarget
                0x20000084        0x4 ./Core/Src/bluetooth.o
                0x20000084                righttarget
 .bss.curvature
                0x20000088        0x4 ./Core/Src/bluetooth.o
                0x20000088                curvature
 *fill*         0x2000008c        0x4 
 .bss.curv_error
                0x20000090        0x8 ./Core/Src/bluetooth.o
                0x20000090                curv_error
 .bss.is_fetch  0x20000098        0x2 ./Core/Src/bluetooth.o
                0x20000098                is_fetch
 .bss.is_down   0x2000009a        0x2 ./Core/Src/bluetooth.o
                0x2000009a                is_down
 .bss.is_shut   0x2000009c        0x2 ./Core/Src/bluetooth.o
                0x2000009c                is_shut
 .bss.is_groundturn
                0x2000009e        0x2 ./Core/Src/bluetooth.o
                0x2000009e                is_groundturn
 .bss.is_stopping
                0x200000a0        0x2 ./Core/Src/bluetooth.o
                0x200000a0                is_stopping
 .bss.avoid_dir
                0x200000a2        0x2 ./Core/Src/bluetooth.o
                0x200000a2                avoid_dir
 .bss.avoid_comfirm
                0x200000a4        0x2 ./Core/Src/bluetooth.o
                0x200000a4                avoid_comfirm
 .bss.turn_flag
                0x200000a6        0x2 ./Core/Src/bluetooth.o
                0x200000a6                turn_flag
 .bss.stop_flag
                0x200000a8        0x2 ./Core/Src/bluetooth.o
                0x200000a8                stop_flag
 .bss.check_flag
                0x200000aa        0x2 ./Core/Src/bluetooth.o
                0x200000aa                check_flag
 .bss.back_flag
                0x200000ac        0x2 ./Core/Src/bluetooth.o
                0x200000ac                back_flag
 *fill*         0x200000ae        0x2 
 .bss.total_distance
                0x200000b0        0x4 ./Core/Src/bluetooth.o
                0x200000b0                total_distance
 .bss.turn_target
                0x200000b4        0x2 ./Core/Src/bluetooth.o
                0x200000b4                turn_target
 *fill*         0x200000b6        0x2 
 .bss.Rx_len    0x200000b8        0x4 ./Core/Src/bluetooth.o
                0x200000b8                Rx_len
 .bss.Rx_byte   0x200000bc        0x1 ./Core/Src/bluetooth.o
                0x200000bc                Rx_byte
 .bss.Rx_command
                0x200000bd        0x1 ./Core/Src/bluetooth.o
                0x200000bd                Rx_command
 *fill*         0x200000be        0x2 
 .bss.Rx_buffer
                0x200000c0        0x5 ./Core/Src/bluetooth.o
                0x200000c0                Rx_buffer
 *fill*         0x200000c5        0x1 
 .bss.mode      0x200000c6        0x2 ./Core/Src/bluetooth.o
                0x200000c6                mode
 .bss.MODE      0x200000c8        0x2 ./Core/Src/bluetooth.o
                0x200000c8                MODE
 .bss.servo_angle
                0x200000ca        0x2 ./Core/Src/bluetooth.o
                0x200000ca                servo_angle
 .bss.servo_dir
                0x200000cc        0x2 ./Core/Src/bluetooth.o
                0x200000cc                servo_dir
 *fill*         0x200000ce        0x2 
 .bss.errorpos_last.1
                0x200000d0        0x8 ./Core/Src/control.o
 .bss.errorpos_prev.0
                0x200000d8        0x8 ./Core/Src/control.o
 .bss.deviation
                0x200000e0        0x8 ./Core/Src/main.o
                0x200000e0                deviation
 .bss.deviation_f
                0x200000e8        0x8 ./Core/Src/main.o
                0x200000e8                deviation_f
 .bss.deviation_s
                0x200000f0        0x4 ./Core/Src/main.o
                0x200000f0                deviation_s
 .bss.IS_FIRDT_CAPTURED
                0x200000f4        0x1 ./Core/Src/main.o
                0x200000f4                IS_FIRDT_CAPTURED
 .bss.USART1_RXbuff
                0x200000f5        0x1 ./Core/Src/main.o
                0x200000f5                USART1_RXbuff
 .bss.echo1     0x200000f6        0x2 ./Core/Src/main.o
                0x200000f6                echo1
 .bss.echo2     0x200000f8        0x2 ./Core/Src/main.o
                0x200000f8                echo2
 .bss.count     0x200000fa        0x2 ./Core/Src/main.o
                0x200000fa                count
 .bss.huart3    0x200000fc       0x44 ./Core/Src/main.o
                0x200000fc                huart3
 .bss.lefterror_last.3
                0x20000140        0x4 ./Core/Src/motor.o
 .bss.lefterror_before.2
                0x20000144        0x4 ./Core/Src/motor.o
 .bss.righterror_last.1
                0x20000148        0x4 ./Core/Src/motor.o
 .bss.righterror_before.0
                0x2000014c        0x4 ./Core/Src/motor.o
 .bss.Cx        0x20000150        0x1 ./Core/Src/openmv.o
 .bss.Cy        0x20000151        0x1 ./Core/Src/openmv.o
 .bss.Cw        0x20000152        0x1 ./Core/Src/openmv.o
 .bss.Ch        0x20000153        0x1 ./Core/Src/openmv.o
 .bss.RxState.2
                0x20000154        0x1 ./Core/Src/openmv.o
 .bss.RxCounter1.1
                0x20000155        0x1 ./Core/Src/openmv.o
 *fill*         0x20000156        0x2 
 .bss.RxBuffer1.0
                0x20000158       0x14 ./Core/Src/openmv.o
 .bss.htim1     0x2000016c       0x48 ./Core/Src/tim.o
                0x2000016c                htim1
 .bss.htim2     0x200001b4       0x48 ./Core/Src/tim.o
                0x200001b4                htim2
 .bss.htim3     0x200001fc       0x48 ./Core/Src/tim.o
                0x200001fc                htim3
 .bss.htim4     0x20000244       0x48 ./Core/Src/tim.o
                0x20000244                htim4
 .bss.htim5     0x2000028c       0x48 ./Core/Src/tim.o
                0x2000028c                htim5
 .bss.htim7     0x200002d4       0x48 ./Core/Src/tim.o
                0x200002d4                htim7
 .bss.htim8     0x2000031c       0x48 ./Core/Src/tim.o
                0x2000031c                htim8
 .bss.huart4    0x20000364       0x44 ./Core/Src/usart.o
                0x20000364                huart4
 .bss.huart1    0x200003a8       0x44 ./Core/Src/usart.o
                0x200003a8                huart1
 .bss.uwTick    0x200003ec        0x4 ./Drivers/STM32F1xx_HAL_Driver/Src/stm32f1xx_hal.o
                0x200003ec                uwTick
 *(COMMON)
                0x200003f0                        . = ALIGN (0x4)
                0x200003f0                        _ebss = .
                0x200003f0                        __bss_end__ = _ebss

._user_heap_stack
                0x200003f0      0x600 load address 0x08007dd8
                0x200003f0                        . = ALIGN (0x8)
                [!provide]                        PROVIDE (end = .)
                0x200003f0                        PROVIDE (_end = .)
                0x200005f0                        . = (. + _Min_Heap_Size)
 *fill*         0x200003f0      0x200 
                0x200009f0                        . = (. + _Min_Stack_Size)
 *fill*         0x200005f0      0x400 
                0x200009f0                        . = ALIGN (0x8)

/DISCARD/
 libc.a(*)
 libm.a(*)
 libgcc.a(*)

.ARM.attributes
                0x00000000       0x29
 *(.ARM.attributes)
 .ARM.attributes
                0x00000000       0x1d C:/ST/STM32CubeIDE_1.16.0/STM32CubeIDE/plugins/com.st.stm32cube.ide.mcu.externaltools.gnu-tools-for-stm32.12.3.rel1.win32_1.0.200.202406191623/tools/bin/../lib/gcc/arm-none-eabi/12.3.1/thumb/v7-m/nofp/crti.o
 .ARM.attributes
                0x0000001d       0x2d C:/ST/STM32CubeIDE_1.16.0/STM32CubeIDE/plugins/com.st.stm32cube.ide.mcu.externaltools.gnu-tools-for-stm32.12.3.rel1.win32_1.0.200.202406191623/tools/bin/../lib/gcc/arm-none-eabi/12.3.1/thumb/v7-m/nofp/crtbegin.o
 .ARM.attributes
                0x0000004a       0x2d ./Core/Src/bluetooth.o
 .ARM.attributes
                0x00000077       0x2d ./Core/Src/control.o
 .ARM.attributes
                0x000000a4       0x2d ./Core/Src/gpio.o
 .ARM.attributes
                0x000000d1       0x2d ./Core/Src/imu.o
 .ARM.attributes
                0x000000fe       0x2d ./Core/Src/main.o
 .ARM.attributes
                0x0000012b       0x2d ./Core/Src/motor.o
 .ARM.attributes
                0x00000158       0x2d ./Core/Src/openmv.o
 .ARM.attributes
                0x00000185       0x2d ./Core/Src/servo.o
 .ARM.attributes
                0x000001b2       0x2d ./Core/Src/sonic.o
 .ARM.attributes
                0x000001df       0x2d ./Core/Src/stm32f1xx_hal_msp.o
 .ARM.attributes
                0x0000020c       0x2d ./Core/Src/stm32f1xx_it.o
 .ARM.attributes
                0x00000239       0x2d ./Core/Src/system_stm32f1xx.o
 .ARM.attributes
                0x00000266       0x2d ./Core/Src/tim.o
 .ARM.attributes
                0x00000293       0x2d ./Core/Src/usart.o
 .ARM.attributes
                0x000002c0       0x21 ./Core/Startup/startup_stm32f103vetx.o
 .ARM.attributes
                0x000002e1       0x2d ./Drivers/STM32F1xx_HAL_Driver/Src/stm32f1xx_hal.o
 .ARM.attributes
                0x0000030e       0x2d ./Drivers/STM32F1xx_HAL_Driver/Src/stm32f1xx_hal_cortex.o
 .ARM.attributes
                0x0000033b       0x2d ./Drivers/STM32F1xx_HAL_Driver/Src/stm32f1xx_hal_dma.o
 .ARM.attributes
                0x00000368       0x2d ./Drivers/STM32F1xx_HAL_Driver/Src/stm32f1xx_hal_gpio.o
 .ARM.attributes
                0x00000395       0x2d ./Drivers/STM32F1xx_HAL_Driver/Src/stm32f1xx_hal_rcc.o
 .ARM.attributes
                0x000003c2       0x2d ./Drivers/STM32F1xx_HAL_Driver/Src/stm32f1xx_hal_tim.o
 .ARM.attributes
                0x000003ef       0x2d ./Drivers/STM32F1xx_HAL_Driver/Src/stm32f1xx_hal_tim_ex.o
 .ARM.attributes
                0x0000041c       0x2d ./Drivers/STM32F1xx_HAL_Driver/Src/stm32f1xx_hal_uart.o
 .ARM.attributes
                0x00000449       0x2d C:/ST/STM32CubeIDE_1.16.0/STM32CubeIDE/plugins/com.st.stm32cube.ide.mcu.externaltools.gnu-tools-for-stm32.12.3.rel1.win32_1.0.200.202406191623/tools/bin/../lib/gcc/arm-none-eabi/12.3.1/../../../../arm-none-eabi/lib/thumb/v7-m/nofp\libc_nano.a(libc_a-memset.o)
 .ARM.attributes
                0x00000476       0x2d C:/ST/STM32CubeIDE_1.16.0/STM32CubeIDE/plugins/com.st.stm32cube.ide.mcu.externaltools.gnu-tools-for-stm32.12.3.rel1.win32_1.0.200.202406191623/tools/bin/../lib/gcc/arm-none-eabi/12.3.1/../../../../arm-none-eabi/lib/thumb/v7-m/nofp\libc_nano.a(libc_a-init.o)
 .ARM.attributes
                0x000004a3       0x1d C:/ST/STM32CubeIDE_1.16.0/STM32CubeIDE/plugins/com.st.stm32cube.ide.mcu.externaltools.gnu-tools-for-stm32.12.3.rel1.win32_1.0.200.202406191623/tools/bin/../lib/gcc/arm-none-eabi/12.3.1/thumb/v7-m/nofp\libgcc.a(_arm_addsubdf3.o)
 .ARM.attributes
                0x000004c0       0x1d C:/ST/STM32CubeIDE_1.16.0/STM32CubeIDE/plugins/com.st.stm32cube.ide.mcu.externaltools.gnu-tools-for-stm32.12.3.rel1.win32_1.0.200.202406191623/tools/bin/../lib/gcc/arm-none-eabi/12.3.1/thumb/v7-m/nofp\libgcc.a(_arm_muldivdf3.o)
 .ARM.attributes
                0x000004dd       0x1d C:/ST/STM32CubeIDE_1.16.0/STM32CubeIDE/plugins/com.st.stm32cube.ide.mcu.externaltools.gnu-tools-for-stm32.12.3.rel1.win32_1.0.200.202406191623/tools/bin/../lib/gcc/arm-none-eabi/12.3.1/thumb/v7-m/nofp\libgcc.a(_arm_cmpdf2.o)
 .ARM.attributes
                0x000004fa       0x1d C:/ST/STM32CubeIDE_1.16.0/STM32CubeIDE/plugins/com.st.stm32cube.ide.mcu.externaltools.gnu-tools-for-stm32.12.3.rel1.win32_1.0.200.202406191623/tools/bin/../lib/gcc/arm-none-eabi/12.3.1/thumb/v7-m/nofp\libgcc.a(_arm_fixdfsi.o)
 .ARM.attributes
                0x00000517       0x1d C:/ST/STM32CubeIDE_1.16.0/STM32CubeIDE/plugins/com.st.stm32cube.ide.mcu.externaltools.gnu-tools-for-stm32.12.3.rel1.win32_1.0.200.202406191623/tools/bin/../lib/gcc/arm-none-eabi/12.3.1/thumb/v7-m/nofp\libgcc.a(_arm_addsubsf3.o)
 .ARM.attributes
                0x00000534       0x1d C:/ST/STM32CubeIDE_1.16.0/STM32CubeIDE/plugins/com.st.stm32cube.ide.mcu.externaltools.gnu-tools-for-stm32.12.3.rel1.win32_1.0.200.202406191623/tools/bin/../lib/gcc/arm-none-eabi/12.3.1/thumb/v7-m/nofp\libgcc.a(_arm_muldivsf3.o)
 .ARM.attributes
                0x00000551       0x1d C:/ST/STM32CubeIDE_1.16.0/STM32CubeIDE/plugins/com.st.stm32cube.ide.mcu.externaltools.gnu-tools-for-stm32.12.3.rel1.win32_1.0.200.202406191623/tools/bin/../lib/gcc/arm-none-eabi/12.3.1/thumb/v7-m/nofp\libgcc.a(_arm_cmpsf2.o)
 .ARM.attributes
                0x0000056e       0x1d C:/ST/STM32CubeIDE_1.16.0/STM32CubeIDE/plugins/com.st.stm32cube.ide.mcu.externaltools.gnu-tools-for-stm32.12.3.rel1.win32_1.0.200.202406191623/tools/bin/../lib/gcc/arm-none-eabi/12.3.1/thumb/v7-m/nofp\libgcc.a(_arm_fixsfsi.o)
 .ARM.attributes
                0x0000058b       0x1d C:/ST/STM32CubeIDE_1.16.0/STM32CubeIDE/plugins/com.st.stm32cube.ide.mcu.externaltools.gnu-tools-for-stm32.12.3.rel1.win32_1.0.200.202406191623/tools/bin/../lib/gcc/arm-none-eabi/12.3.1/thumb/v7-m/nofp/crtn.o
OUTPUT(intercar.elf elf32-littlearm)
LOAD linker stubs
LOAD C:/ST/STM32CubeIDE_1.16.0/STM32CubeIDE/plugins/com.st.stm32cube.ide.mcu.externaltools.gnu-tools-for-stm32.12.3.rel1.win32_1.0.200.202406191623/tools/bin/../lib/gcc/arm-none-eabi/12.3.1/../../../../arm-none-eabi/lib/thumb/v7-m/nofp\libc.a
LOAD C:/ST/STM32CubeIDE_1.16.0/STM32CubeIDE/plugins/com.st.stm32cube.ide.mcu.externaltools.gnu-tools-for-stm32.12.3.rel1.win32_1.0.200.202406191623/tools/bin/../lib/gcc/arm-none-eabi/12.3.1/../../../../arm-none-eabi/lib/thumb/v7-m/nofp\libm.a
LOAD C:/ST/STM32CubeIDE_1.16.0/STM32CubeIDE/plugins/com.st.stm32cube.ide.mcu.externaltools.gnu-tools-for-stm32.12.3.rel1.win32_1.0.200.202406191623/tools/bin/../lib/gcc/arm-none-eabi/12.3.1/thumb/v7-m/nofp\libgcc.a

.debug_info     0x00000000     0xe64f
 .debug_info    0x00000000      0xa01 ./Core/Src/bluetooth.o
 .debug_info    0x00000a01      0x544 ./Core/Src/control.o
 .debug_info    0x00000f45      0x2ef ./Core/Src/gpio.o
 .debug_info    0x00001234      0x11c ./Core/Src/imu.o
 .debug_info    0x00001350     0x1321 ./Core/Src/main.o
 .debug_info    0x00002671      0x9a0 ./Core/Src/motor.o
 .debug_info    0x00003011      0x4fa ./Core/Src/openmv.o
 .debug_info    0x0000350b      0x865 ./Core/Src/servo.o
 .debug_info    0x00003d70      0x7be ./Core/Src/sonic.o
 .debug_info    0x0000452e      0x1f1 ./Core/Src/stm32f1xx_hal_msp.o
 .debug_info    0x0000471f      0x973 ./Core/Src/stm32f1xx_it.o
 .debug_info    0x00005092      0x222 ./Core/Src/system_stm32f1xx.o
 .debug_info    0x000052b4     0x1239 ./Core/Src/tim.o
 .debug_info    0x000064ed      0xa6d ./Core/Src/usart.o
 .debug_info    0x00006f5a       0x30 ./Core/Startup/startup_stm32f103vetx.o
 .debug_info    0x00006f8a      0x76a ./Drivers/STM32F1xx_HAL_Driver/Src/stm32f1xx_hal.o
 .debug_info    0x000076f4      0xaed ./Drivers/STM32F1xx_HAL_Driver/Src/stm32f1xx_hal_cortex.o
 .debug_info    0x000081e1      0x6cd ./Drivers/STM32F1xx_HAL_Driver/Src/stm32f1xx_hal_dma.o
 .debug_info    0x000088ae      0x5ab ./Drivers/STM32F1xx_HAL_Driver/Src/stm32f1xx_hal_gpio.o
 .debug_info    0x00008e59      0x7e9 ./Drivers/STM32F1xx_HAL_Driver/Src/stm32f1xx_hal_rcc.o
 .debug_info    0x00009642     0x2789 ./Drivers/STM32F1xx_HAL_Driver/Src/stm32f1xx_hal_tim.o
 .debug_info    0x0000bdcb     0x13f1 ./Drivers/STM32F1xx_HAL_Driver/Src/stm32f1xx_hal_tim_ex.o
 .debug_info    0x0000d1bc     0x1493 ./Drivers/STM32F1xx_HAL_Driver/Src/stm32f1xx_hal_uart.o

.debug_abbrev   0x00000000     0x2ab5
 .debug_abbrev  0x00000000      0x1fc ./Core/Src/bluetooth.o
 .debug_abbrev  0x000001fc      0x145 ./Core/Src/control.o
 .debug_abbrev  0x00000341      0x13f ./Core/Src/gpio.o
 .debug_abbrev  0x00000480       0x92 ./Core/Src/imu.o
 .debug_abbrev  0x00000512      0x2f9 ./Core/Src/main.o
 .debug_abbrev  0x0000080b      0x20f ./Core/Src/motor.o
 .debug_abbrev  0x00000a1a      0x127 ./Core/Src/openmv.o
 .debug_abbrev  0x00000b41      0x22f ./Core/Src/servo.o
 .debug_abbrev  0x00000d70      0x1a3 ./Core/Src/sonic.o
 .debug_abbrev  0x00000f13       0xdb ./Core/Src/stm32f1xx_hal_msp.o
 .debug_abbrev  0x00000fee      0x1ad ./Core/Src/stm32f1xx_it.o
 .debug_abbrev  0x0000119b      0x13f ./Core/Src/system_stm32f1xx.o
 .debug_abbrev  0x000012da      0x28c ./Core/Src/tim.o
 .debug_abbrev  0x00001566      0x234 ./Core/Src/usart.o
 .debug_abbrev  0x0000179a       0x24 ./Core/Startup/startup_stm32f103vetx.o
 .debug_abbrev  0x000017be      0x201 ./Drivers/STM32F1xx_HAL_Driver/Src/stm32f1xx_hal.o
 .debug_abbrev  0x000019bf      0x2f8 ./Drivers/STM32F1xx_HAL_Driver/Src/stm32f1xx_hal_cortex.o
 .debug_abbrev  0x00001cb7      0x20b ./Drivers/STM32F1xx_HAL_Driver/Src/stm32f1xx_hal_dma.o
 .debug_abbrev  0x00001ec2      0x1ca ./Drivers/STM32F1xx_HAL_Driver/Src/stm32f1xx_hal_gpio.o
 .debug_abbrev  0x0000208c      0x2b1 ./Drivers/STM32F1xx_HAL_Driver/Src/stm32f1xx_hal_rcc.o
 .debug_abbrev  0x0000233d      0x270 ./Drivers/STM32F1xx_HAL_Driver/Src/stm32f1xx_hal_tim.o
 .debug_abbrev  0x000025ad      0x27b ./Drivers/STM32F1xx_HAL_Driver/Src/stm32f1xx_hal_tim_ex.o
 .debug_abbrev  0x00002828      0x28d ./Drivers/STM32F1xx_HAL_Driver/Src/stm32f1xx_hal_uart.o

.debug_aranges  0x00000000      0xe88
 .debug_aranges
                0x00000000       0x30 ./Core/Src/bluetooth.o
 .debug_aranges
                0x00000030       0x58 ./Core/Src/control.o
 .debug_aranges
                0x00000088       0x20 ./Core/Src/gpio.o
 .debug_aranges
                0x000000a8       0x20 ./Core/Src/imu.o
 .debug_aranges
                0x000000c8       0x48 ./Core/Src/main.o
 .debug_aranges
                0x00000110       0x48 ./Core/Src/motor.o
 .debug_aranges
                0x00000158       0x38 ./Core/Src/openmv.o
 .debug_aranges
                0x00000190       0x68 ./Core/Src/servo.o
 .debug_aranges
                0x000001f8       0x40 ./Core/Src/sonic.o
 .debug_aranges
                0x00000238       0x20 ./Core/Src/stm32f1xx_hal_msp.o
 .debug_aranges
                0x00000258       0x88 ./Core/Src/stm32f1xx_it.o
 .debug_aranges
                0x000002e0       0x28 ./Core/Src/system_stm32f1xx.o
 .debug_aranges
                0x00000308       0x90 ./Core/Src/tim.o
 .debug_aranges
                0x00000398       0x48 ./Core/Src/usart.o
 .debug_aranges
                0x000003e0       0x28 ./Core/Startup/startup_stm32f103vetx.o
 .debug_aranges
                0x00000408       0xe0 ./Drivers/STM32F1xx_HAL_Driver/Src/stm32f1xx_hal.o
 .debug_aranges
                0x000004e8      0x100 ./Drivers/STM32F1xx_HAL_Driver/Src/stm32f1xx_hal_cortex.o
 .debug_aranges
                0x000005e8       0x80 ./Drivers/STM32F1xx_HAL_Driver/Src/stm32f1xx_hal_dma.o
 .debug_aranges
                0x00000668       0x58 ./Drivers/STM32F1xx_HAL_Driver/Src/stm32f1xx_hal_gpio.o
 .debug_aranges
                0x000006c0       0x90 ./Drivers/STM32F1xx_HAL_Driver/Src/stm32f1xx_hal_rcc.o
 .debug_aranges
                0x00000750      0x3d0 ./Drivers/STM32F1xx_HAL_Driver/Src/stm32f1xx_hal_tim.o
 .debug_aranges
                0x00000b20      0x168 ./Drivers/STM32F1xx_HAL_Driver/Src/stm32f1xx_hal_tim_ex.o
 .debug_aranges
                0x00000c88      0x200 ./Drivers/STM32F1xx_HAL_Driver/Src/stm32f1xx_hal_uart.o

.debug_rnglists
                0x00000000      0xb3f
 .debug_rnglists
                0x00000000       0x22 ./Core/Src/bluetooth.o
 .debug_rnglists
                0x00000022       0x43 ./Core/Src/control.o
 .debug_rnglists
                0x00000065       0x14 ./Core/Src/gpio.o
 .debug_rnglists
                0x00000079       0x14 ./Core/Src/imu.o
 .debug_rnglists
                0x0000008d       0x36 ./Core/Src/main.o
 .debug_rnglists
                0x000000c3       0x34 ./Core/Src/motor.o
 .debug_rnglists
                0x000000f7       0x28 ./Core/Src/openmv.o
 .debug_rnglists
                0x0000011f       0x4a ./Core/Src/servo.o
 .debug_rnglists
                0x00000169       0x2b ./Core/Src/sonic.o
 .debug_rnglists
                0x00000194       0x13 ./Core/Src/stm32f1xx_hal_msp.o
 .debug_rnglists
                0x000001a7       0x61 ./Core/Src/stm32f1xx_it.o
 .debug_rnglists
                0x00000208       0x1a ./Core/Src/system_stm32f1xx.o
 .debug_rnglists
                0x00000222       0x71 ./Core/Src/tim.o
 .debug_rnglists
                0x00000293       0x33 ./Core/Src/usart.o
 .debug_rnglists
                0x000002c6       0x19 ./Core/Startup/startup_stm32f103vetx.o
 .debug_rnglists
                0x000002df       0xa3 ./Drivers/STM32F1xx_HAL_Driver/Src/stm32f1xx_hal.o
 .debug_rnglists
                0x00000382       0xbb ./Drivers/STM32F1xx_HAL_Driver/Src/stm32f1xx_hal_cortex.o
 .debug_rnglists
                0x0000043d       0x64 ./Drivers/STM32F1xx_HAL_Driver/Src/stm32f1xx_hal_dma.o
 .debug_rnglists
                0x000004a1       0x3f ./Drivers/STM32F1xx_HAL_Driver/Src/stm32f1xx_hal_gpio.o
 .debug_rnglists
                0x000004e0       0x6c ./Drivers/STM32F1xx_HAL_Driver/Src/stm32f1xx_hal_rcc.o
 .debug_rnglists
                0x0000054c      0x31a ./Drivers/STM32F1xx_HAL_Driver/Src/stm32f1xx_hal_tim.o
 .debug_rnglists
                0x00000866      0x125 ./Drivers/STM32F1xx_HAL_Driver/Src/stm32f1xx_hal_tim_ex.o
 .debug_rnglists
                0x0000098b      0x1b4 ./Drivers/STM32F1xx_HAL_Driver/Src/stm32f1xx_hal_uart.o

.debug_macro    0x00000000    0x1b92e
 .debug_macro   0x00000000      0x37e ./Core/Src/bluetooth.o
 .debug_macro   0x0000037e      0xaa8 ./Core/Src/bluetooth.o
 .debug_macro   0x00000e26      0x21b ./Core/Src/bluetooth.o
 .debug_macro   0x00001041       0x2e ./Core/Src/bluetooth.o
 .debug_macro   0x0000106f       0x22 ./Core/Src/bluetooth.o
 .debug_macro   0x00001091       0x22 ./Core/Src/bluetooth.o
 .debug_macro   0x000010b3       0x8e ./Core/Src/bluetooth.o
 .debug_macro   0x00001141       0x51 ./Core/Src/bluetooth.o
 .debug_macro   0x00001192      0x103 ./Core/Src/bluetooth.o
 .debug_macro   0x00001295       0x6a ./Core/Src/bluetooth.o
 .debug_macro   0x000012ff      0x1df ./Core/Src/bluetooth.o
 .debug_macro   0x000014de       0x1c ./Core/Src/bluetooth.o
 .debug_macro   0x000014fa       0x22 ./Core/Src/bluetooth.o
 .debug_macro   0x0000151c       0xbd ./Core/Src/bluetooth.o
 .debug_macro   0x000015d9      0xd23 ./Core/Src/bluetooth.o
 .debug_macro   0x000022fc     0xfd8c ./Core/Src/bluetooth.o
 .debug_macro   0x00012088       0x6d ./Core/Src/bluetooth.o
 .debug_macro   0x000120f5     0x3468 ./Core/Src/bluetooth.o
 .debug_macro   0x0001555d      0x189 ./Core/Src/bluetooth.o
 .debug_macro   0x000156e6       0x5c ./Core/Src/bluetooth.o
 .debug_macro   0x00015742      0x5be ./Core/Src/bluetooth.o
 .debug_macro   0x00015d00      0x4d5 ./Core/Src/bluetooth.o
 .debug_macro   0x000161d5      0x1cb ./Core/Src/bluetooth.o
 .debug_macro   0x000163a0      0x114 ./Core/Src/bluetooth.o
 .debug_macro   0x000164b4      0x1ea ./Core/Src/bluetooth.o
 .debug_macro   0x0001669e       0x27 ./Core/Src/bluetooth.o
 .debug_macro   0x000166c5      0x144 ./Core/Src/bluetooth.o
 .debug_macro   0x00016809      0x1bc ./Core/Src/bluetooth.o
 .debug_macro   0x000169c5       0x30 ./Core/Src/bluetooth.o
 .debug_macro   0x000169f5       0x3c ./Core/Src/bluetooth.o
 .debug_macro   0x00016a31       0x57 ./Core/Src/bluetooth.o
 .debug_macro   0x00016a88       0x88 ./Core/Src/bluetooth.o
 .debug_macro   0x00016b10      0x24f ./Core/Src/bluetooth.o
 .debug_macro   0x00016d5f      0x141 ./Core/Src/bluetooth.o
 .debug_macro   0x00016ea0      0x8d1 ./Core/Src/bluetooth.o
 .debug_macro   0x00017771      0x279 ./Core/Src/bluetooth.o
 .debug_macro   0x000179ea       0xb5 ./Core/Src/bluetooth.o
 .debug_macro   0x00017a9f       0x52 ./Core/Src/bluetooth.o
 .debug_macro   0x00017af1      0x34e ./Core/Src/bluetooth.o
 .debug_macro   0x00017e3f       0x61 ./Core/Src/bluetooth.o
 .debug_macro   0x00017ea0       0x24 ./Core/Src/bluetooth.o
 .debug_macro   0x00017ec4       0x43 ./Core/Src/bluetooth.o
 .debug_macro   0x00017f07       0x34 ./Core/Src/bluetooth.o
 .debug_macro   0x00017f3b       0x16 ./Core/Src/bluetooth.o
 .debug_macro   0x00017f51       0x35 ./Core/Src/bluetooth.o
 .debug_macro   0x00017f86      0x369 ./Core/Src/bluetooth.o
 .debug_macro   0x000182ef       0x10 ./Core/Src/bluetooth.o
 .debug_macro   0x000182ff       0x16 ./Core/Src/bluetooth.o
 .debug_macro   0x00018315       0x43 ./Core/Src/bluetooth.o
 .debug_macro   0x00018358       0x34 ./Core/Src/bluetooth.o
 .debug_macro   0x0001838c       0x10 ./Core/Src/bluetooth.o
 .debug_macro   0x0001839c       0x58 ./Core/Src/bluetooth.o
 .debug_macro   0x000183f4       0x8e ./Core/Src/bluetooth.o
 .debug_macro   0x00018482       0x1c ./Core/Src/bluetooth.o
 .debug_macro   0x0001849e      0x177 ./Core/Src/bluetooth.o
 .debug_macro   0x00018615       0x16 ./Core/Src/bluetooth.o
 .debug_macro   0x0001862b       0x16 ./Core/Src/bluetooth.o
 .debug_macro   0x00018641      0x146 ./Core/Src/bluetooth.o
 .debug_macro   0x00018787       0x16 ./Core/Src/bluetooth.o
 .debug_macro   0x0001879d       0x16 ./Core/Src/bluetooth.o
 .debug_macro   0x000187b3       0x29 ./Core/Src/bluetooth.o
 .debug_macro   0x000187dc       0x34 ./Core/Src/bluetooth.o
 .debug_macro   0x00018810      0x19b ./Core/Src/bluetooth.o
 .debug_macro   0x000189ab       0x16 ./Core/Src/bluetooth.o
 .debug_macro   0x000189c1       0x20 ./Core/Src/bluetooth.o
 .debug_macro   0x000189e1       0x2e ./Core/Src/bluetooth.o
 .debug_macro   0x00018a0f      0x36e ./Core/Src/control.o
 .debug_macro   0x00018d7d      0x1bc ./Core/Src/gpio.o
 .debug_macro   0x00018f39      0x2ca ./Core/Src/imu.o
 .debug_macro   0x00019203      0x3ef ./Core/Src/main.o
 .debug_macro   0x000195f2      0x2f8 ./Core/Src/motor.o
 .debug_macro   0x000198ea      0x378 ./Core/Src/openmv.o
 .debug_macro   0x00019c62      0x2b9 ./Core/Src/servo.o
 .debug_macro   0x00019f1b       0x1c ./Core/Src/servo.o
 .debug_macro   0x00019f37       0x1c ./Core/Src/servo.o
 .debug_macro   0x00019f53      0x2b9 ./Core/Src/sonic.o
 .debug_macro   0x0001a20c      0x1b2 ./Core/Src/stm32f1xx_hal_msp.o
 .debug_macro   0x0001a3be      0x1bc ./Core/Src/stm32f1xx_it.o
 .debug_macro   0x0001a57a      0x1a3 ./Core/Src/system_stm32f1xx.o
 .debug_macro   0x0001a71d      0x1bc ./Core/Src/tim.o
 .debug_macro   0x0001a8d9      0x29a ./Core/Src/usart.o
 .debug_macro   0x0001ab73      0x1c7 ./Drivers/STM32F1xx_HAL_Driver/Src/stm32f1xx_hal.o
 .debug_macro   0x0001ad3a      0x1a3 ./Drivers/STM32F1xx_HAL_Driver/Src/stm32f1xx_hal_cortex.o
 .debug_macro   0x0001aedd      0x1a3 ./Drivers/STM32F1xx_HAL_Driver/Src/stm32f1xx_hal_dma.o
 .debug_macro   0x0001b080      0x20e ./Drivers/STM32F1xx_HAL_Driver/Src/stm32f1xx_hal_gpio.o
 .debug_macro   0x0001b28e      0x1b5 ./Drivers/STM32F1xx_HAL_Driver/Src/stm32f1xx_hal_rcc.o
 .debug_macro   0x0001b443      0x1a4 ./Drivers/STM32F1xx_HAL_Driver/Src/stm32f1xx_hal_tim.o
 .debug_macro   0x0001b5e7      0x1a3 ./Drivers/STM32F1xx_HAL_Driver/Src/stm32f1xx_hal_tim_ex.o
 .debug_macro   0x0001b78a      0x1a4 ./Drivers/STM32F1xx_HAL_Driver/Src/stm32f1xx_hal_uart.o

.debug_line     0x00000000    0x1382d
 .debug_line    0x00000000      0xb63 ./Core/Src/bluetooth.o
 .debug_line    0x00000b63      0xf48 ./Core/Src/control.o
 .debug_line    0x00001aab      0x731 ./Core/Src/gpio.o
 .debug_line    0x000021dc      0x934 ./Core/Src/imu.o
 .debug_line    0x00002b10      0xe76 ./Core/Src/main.o
 .debug_line    0x00003986      0x9db ./Core/Src/motor.o
 .debug_line    0x00004361      0xb13 ./Core/Src/openmv.o
 .debug_line    0x00004e74      0xa4e ./Core/Src/servo.o
 .debug_line    0x000058c2      0x90c ./Core/Src/sonic.o
 .debug_line    0x000061ce      0x706 ./Core/Src/stm32f1xx_hal_msp.o
 .debug_line    0x000068d4      0x83f ./Core/Src/stm32f1xx_it.o
 .debug_line    0x00007113      0x783 ./Core/Src/system_stm32f1xx.o
 .debug_line    0x00007896      0xb80 ./Core/Src/tim.o
 .debug_line    0x00008416      0x9cd ./Core/Src/usart.o
 .debug_line    0x00008de3       0x79 ./Core/Startup/startup_stm32f103vetx.o
 .debug_line    0x00008e5c      0x9b0 ./Drivers/STM32F1xx_HAL_Driver/Src/stm32f1xx_hal.o
 .debug_line    0x0000980c      0xb9c ./Drivers/STM32F1xx_HAL_Driver/Src/stm32f1xx_hal_cortex.o
 .debug_line    0x0000a3a8     0x12da ./Drivers/STM32F1xx_HAL_Driver/Src/stm32f1xx_hal_dma.o
 .debug_line    0x0000b682      0xa6f ./Drivers/STM32F1xx_HAL_Driver/Src/stm32f1xx_hal_gpio.o
 .debug_line    0x0000c0f1      0xdbb ./Drivers/STM32F1xx_HAL_Driver/Src/stm32f1xx_hal_rcc.o
 .debug_line    0x0000ceac     0x35a2 ./Drivers/STM32F1xx_HAL_Driver/Src/stm32f1xx_hal_tim.o
 .debug_line    0x0001044e     0x193c ./Drivers/STM32F1xx_HAL_Driver/Src/stm32f1xx_hal_tim_ex.o
 .debug_line    0x00011d8a     0x1aa3 ./Drivers/STM32F1xx_HAL_Driver/Src/stm32f1xx_hal_uart.o

.debug_str      0x00000000    0x99aca
 .debug_str     0x00000000    0x96442 ./Core/Src/bluetooth.o
                              0x969d3 (size before relaxing)
 .debug_str     0x00096442       0xe5 ./Core/Src/control.o
                              0x965e8 (size before relaxing)
 .debug_str     0x00096527       0xf3 ./Core/Src/gpio.o
                              0x918dd (size before relaxing)
 .debug_str     0x0009661a       0x20 ./Core/Src/imu.o
                              0x94f89 (size before relaxing)
 .debug_str     0x0009663a      0x6b6 ./Core/Src/main.o
                              0x97149 (size before relaxing)
 .debug_str     0x00096cf0       0xcc ./Core/Src/motor.o
                              0x960ec (size before relaxing)
 .debug_str     0x00096dbc       0x33 ./Core/Src/openmv.o
                              0x965a5 (size before relaxing)
 .debug_str     0x00096def       0x60 ./Core/Src/servo.o
                              0x95cea (size before relaxing)
 .debug_str     0x00096e4f       0x25 ./Core/Src/sonic.o
                              0x95cc6 (size before relaxing)
 .debug_str     0x00096e74       0x5a ./Core/Src/stm32f1xx_hal_msp.o
                              0x91865 (size before relaxing)
 .debug_str     0x00096ece      0x145 ./Core/Src/stm32f1xx_it.o
                              0x91fda (size before relaxing)
 .debug_str     0x00097013       0x7e ./Core/Src/system_stm32f1xx.o
                              0x91785 (size before relaxing)
 .debug_str     0x00097091      0x75d ./Core/Src/tim.o
                              0x92688 (size before relaxing)
 .debug_str     0x000977ee       0x9b ./Core/Src/usart.o
                              0x9585d (size before relaxing)
 .debug_str     0x00097889       0x44 ./Core/Startup/startup_stm32f103vetx.o
                                 0xab (size before relaxing)
 .debug_str     0x000978cd      0x38e ./Drivers/STM32F1xx_HAL_Driver/Src/stm32f1xx_hal.o
                              0x91f9c (size before relaxing)
 .debug_str     0x00097c5b      0x294 ./Drivers/STM32F1xx_HAL_Driver/Src/stm32f1xx_hal_cortex.o
                              0x91ee8 (size before relaxing)
 .debug_str     0x00097eef      0x235 ./Drivers/STM32F1xx_HAL_Driver/Src/stm32f1xx_hal_dma.o
                              0x91b2e (size before relaxing)
 .debug_str     0x00098124      0x2e1 ./Drivers/STM32F1xx_HAL_Driver/Src/stm32f1xx_hal_gpio.o
                              0x91b0b (size before relaxing)
 .debug_str     0x00098405      0x229 ./Drivers/STM32F1xx_HAL_Driver/Src/stm32f1xx_hal_rcc.o
                              0x91bb4 (size before relaxing)
 .debug_str     0x0009862e      0xb54 ./Drivers/STM32F1xx_HAL_Driver/Src/stm32f1xx_hal_tim.o
                              0x92b9f (size before relaxing)
 .debug_str     0x00099182      0x3e1 ./Drivers/STM32F1xx_HAL_Driver/Src/stm32f1xx_hal_tim_ex.o
                              0x923bb (size before relaxing)
 .debug_str     0x00099563      0x567 ./Drivers/STM32F1xx_HAL_Driver/Src/stm32f1xx_hal_uart.o
                              0x921bf (size before relaxing)

.comment        0x00000000       0x43
 .comment       0x00000000       0x43 ./Core/Src/bluetooth.o
                                 0x44 (size before relaxing)
 .comment       0x00000043       0x44 ./Core/Src/control.o
 .comment       0x00000043       0x44 ./Core/Src/gpio.o
 .comment       0x00000043       0x44 ./Core/Src/imu.o
 .comment       0x00000043       0x44 ./Core/Src/main.o
 .comment       0x00000043       0x44 ./Core/Src/motor.o
 .comment       0x00000043       0x44 ./Core/Src/openmv.o
 .comment       0x00000043       0x44 ./Core/Src/servo.o
 .comment       0x00000043       0x44 ./Core/Src/sonic.o
 .comment       0x00000043       0x44 ./Core/Src/stm32f1xx_hal_msp.o
 .comment       0x00000043       0x44 ./Core/Src/stm32f1xx_it.o
 .comment       0x00000043       0x44 ./Core/Src/system_stm32f1xx.o
 .comment       0x00000043       0x44 ./Core/Src/tim.o
 .comment       0x00000043       0x44 ./Core/Src/usart.o
 .comment       0x00000043       0x44 ./Drivers/STM32F1xx_HAL_Driver/Src/stm32f1xx_hal.o
 .comment       0x00000043       0x44 ./Drivers/STM32F1xx_HAL_Driver/Src/stm32f1xx_hal_cortex.o
 .comment       0x00000043       0x44 ./Drivers/STM32F1xx_HAL_Driver/Src/stm32f1xx_hal_dma.o
 .comment       0x00000043       0x44 ./Drivers/STM32F1xx_HAL_Driver/Src/stm32f1xx_hal_gpio.o
 .comment       0x00000043       0x44 ./Drivers/STM32F1xx_HAL_Driver/Src/stm32f1xx_hal_rcc.o
 .comment       0x00000043       0x44 ./Drivers/STM32F1xx_HAL_Driver/Src/stm32f1xx_hal_tim.o
 .comment       0x00000043       0x44 ./Drivers/STM32F1xx_HAL_Driver/Src/stm32f1xx_hal_tim_ex.o
 .comment       0x00000043       0x44 ./Drivers/STM32F1xx_HAL_Driver/Src/stm32f1xx_hal_uart.o

.debug_frame    0x00000000     0x3d34
 .debug_frame   0x00000000       0x80 ./Core/Src/bluetooth.o
 .debug_frame   0x00000080      0x12c ./Core/Src/control.o
 .debug_frame   0x000001ac       0x34 ./Core/Src/gpio.o
 .debug_frame   0x000001e0       0x34 ./Core/Src/imu.o
 .debug_frame   0x00000214       0xdc ./Core/Src/main.o
 .debug_frame   0x000002f0       0xe8 ./Core/Src/motor.o
 .debug_frame   0x000003d8       0x8c ./Core/Src/openmv.o
 .debug_frame   0x00000464      0x188 ./Core/Src/servo.o
 .debug_frame   0x000005ec       0xa8 ./Core/Src/sonic.o
 .debug_frame   0x00000694       0x38 ./Core/Src/stm32f1xx_hal_msp.o
 .debug_frame   0x000006cc      0x190 ./Core/Src/stm32f1xx_it.o
 .debug_frame   0x0000085c       0x58 ./Core/Src/system_stm32f1xx.o
 .debug_frame   0x000008b4      0x238 ./Core/Src/tim.o
 .debug_frame   0x00000aec       0xd0 ./Core/Src/usart.o
 .debug_frame   0x00000bbc      0x334 ./Drivers/STM32F1xx_HAL_Driver/Src/stm32f1xx_hal.o
 .debug_frame   0x00000ef0      0x428 ./Drivers/STM32F1xx_HAL_Driver/Src/stm32f1xx_hal_cortex.o
 .debug_frame   0x00001318      0x20c ./Drivers/STM32F1xx_HAL_Driver/Src/stm32f1xx_hal_dma.o
 .debug_frame   0x00001524      0x14c ./Drivers/STM32F1xx_HAL_Driver/Src/stm32f1xx_hal_gpio.o
 .debug_frame   0x00001670      0x21c ./Drivers/STM32F1xx_HAL_Driver/Src/stm32f1xx_hal_rcc.o
 .debug_frame   0x0000188c     0x11bc ./Drivers/STM32F1xx_HAL_Driver/Src/stm32f1xx_hal_tim.o
 .debug_frame   0x00002a48      0x638 ./Drivers/STM32F1xx_HAL_Driver/Src/stm32f1xx_hal_tim_ex.o
 .debug_frame   0x00003080      0x914 ./Drivers/STM32F1xx_HAL_Driver/Src/stm32f1xx_hal_uart.o
 .debug_frame   0x00003994       0x20 C:/ST/STM32CubeIDE_1.16.0/STM32CubeIDE/plugins/com.st.stm32cube.ide.mcu.externaltools.gnu-tools-for-stm32.12.3.rel1.win32_1.0.200.202406191623/tools/bin/../lib/gcc/arm-none-eabi/12.3.1/../../../../arm-none-eabi/lib/thumb/v7-m/nofp\libc_nano.a(libc_a-memset.o)
 .debug_frame   0x000039b4       0x2c C:/ST/STM32CubeIDE_1.16.0/STM32CubeIDE/plugins/com.st.stm32cube.ide.mcu.externaltools.gnu-tools-for-stm32.12.3.rel1.win32_1.0.200.202406191623/tools/bin/../lib/gcc/arm-none-eabi/12.3.1/../../../../arm-none-eabi/lib/thumb/v7-m/nofp\libc_nano.a(libc_a-init.o)
 .debug_frame   0x000039e0       0xac C:/ST/STM32CubeIDE_1.16.0/STM32CubeIDE/plugins/com.st.stm32cube.ide.mcu.externaltools.gnu-tools-for-stm32.12.3.rel1.win32_1.0.200.202406191623/tools/bin/../lib/gcc/arm-none-eabi/12.3.1/thumb/v7-m/nofp\libgcc.a(_arm_addsubdf3.o)
 .debug_frame   0x00003a8c       0x50 C:/ST/STM32CubeIDE_1.16.0/STM32CubeIDE/plugins/com.st.stm32cube.ide.mcu.externaltools.gnu-tools-for-stm32.12.3.rel1.win32_1.0.200.202406191623/tools/bin/../lib/gcc/arm-none-eabi/12.3.1/thumb/v7-m/nofp\libgcc.a(_arm_muldivdf3.o)
 .debug_frame   0x00003adc       0xc4 C:/ST/STM32CubeIDE_1.16.0/STM32CubeIDE/plugins/com.st.stm32cube.ide.mcu.externaltools.gnu-tools-for-stm32.12.3.rel1.win32_1.0.200.202406191623/tools/bin/../lib/gcc/arm-none-eabi/12.3.1/thumb/v7-m/nofp\libgcc.a(_arm_cmpdf2.o)
 .debug_frame   0x00003ba0       0x24 C:/ST/STM32CubeIDE_1.16.0/STM32CubeIDE/plugins/com.st.stm32cube.ide.mcu.externaltools.gnu-tools-for-stm32.12.3.rel1.win32_1.0.200.202406191623/tools/bin/../lib/gcc/arm-none-eabi/12.3.1/thumb/v7-m/nofp\libgcc.a(_arm_fixdfsi.o)
 .debug_frame   0x00003bc4       0x4c C:/ST/STM32CubeIDE_1.16.0/STM32CubeIDE/plugins/com.st.stm32cube.ide.mcu.externaltools.gnu-tools-for-stm32.12.3.rel1.win32_1.0.200.202406191623/tools/bin/../lib/gcc/arm-none-eabi/12.3.1/thumb/v7-m/nofp\libgcc.a(_arm_addsubsf3.o)
 .debug_frame   0x00003c10       0x38 C:/ST/STM32CubeIDE_1.16.0/STM32CubeIDE/plugins/com.st.stm32cube.ide.mcu.externaltools.gnu-tools-for-stm32.12.3.rel1.win32_1.0.200.202406191623/tools/bin/../lib/gcc/arm-none-eabi/12.3.1/thumb/v7-m/nofp\libgcc.a(_arm_muldivsf3.o)
 .debug_frame   0x00003c48       0xc8 C:/ST/STM32CubeIDE_1.16.0/STM32CubeIDE/plugins/com.st.stm32cube.ide.mcu.externaltools.gnu-tools-for-stm32.12.3.rel1.win32_1.0.200.202406191623/tools/bin/../lib/gcc/arm-none-eabi/12.3.1/thumb/v7-m/nofp\libgcc.a(_arm_cmpsf2.o)
 .debug_frame   0x00003d10       0x24 C:/ST/STM32CubeIDE_1.16.0/STM32CubeIDE/plugins/com.st.stm32cube.ide.mcu.externaltools.gnu-tools-for-stm32.12.3.rel1.win32_1.0.200.202406191623/tools/bin/../lib/gcc/arm-none-eabi/12.3.1/thumb/v7-m/nofp\libgcc.a(_arm_fixsfsi.o)

.debug_line_str
                0x00000000       0x8f
 .debug_line_str
                0x00000000       0x8f ./Core/Startup/startup_stm32f103vetx.o
