Archive member included to satisfy reference by file (symbol)

C:/ST/STM32CubeIDE_1.16.0/STM32CubeIDE/plugins/com.st.stm32cube.ide.mcu.externaltools.gnu-tools-for-stm32.12.3.rel1.win32_1.0.200.202406191623/tools/bin/../lib/gcc/arm-none-eabi/12.3.1/../../../../arm-none-eabi/lib/thumb/v7e-m+fp/hard\libm.a(libm_a-w_fmod.o)
                              ./Core/Src/float_uint8.o (fmod)
C:/ST/STM32CubeIDE_1.16.0/STM32CubeIDE/plugins/com.st.stm32cube.ide.mcu.externaltools.gnu-tools-for-stm32.12.3.rel1.win32_1.0.200.202406191623/tools/bin/../lib/gcc/arm-none-eabi/12.3.1/../../../../arm-none-eabi/lib/thumb/v7e-m+fp/hard\libm.a(libm_a-s_floor.o)
                              ./Core/Src/float_uint8.o (floor)
C:/ST/STM32CubeIDE_1.16.0/STM32CubeIDE/plugins/com.st.stm32cube.ide.mcu.externaltools.gnu-tools-for-stm32.12.3.rel1.win32_1.0.200.202406191623/tools/bin/../lib/gcc/arm-none-eabi/12.3.1/../../../../arm-none-eabi/lib/thumb/v7e-m+fp/hard\libm.a(libm_a-e_fmod.o)
                              C:/ST/STM32CubeIDE_1.16.0/STM32CubeIDE/plugins/com.st.stm32cube.ide.mcu.externaltools.gnu-tools-for-stm32.12.3.rel1.win32_1.0.200.202406191623/tools/bin/../lib/gcc/arm-none-eabi/12.3.1/../../../../arm-none-eabi/lib/thumb/v7e-m+fp/hard\libm.a(libm_a-w_fmod.o) (__ieee754_fmod)
C:/ST/STM32CubeIDE_1.16.0/STM32CubeIDE/plugins/com.st.stm32cube.ide.mcu.externaltools.gnu-tools-for-stm32.12.3.rel1.win32_1.0.200.202406191623/tools/bin/../lib/gcc/arm-none-eabi/12.3.1/../../../../arm-none-eabi/lib/thumb/v7e-m+fp/hard\libc_nano.a(libc_a-exit.o)
                              C:/ST/STM32CubeIDE_1.16.0/STM32CubeIDE/plugins/com.st.stm32cube.ide.mcu.externaltools.gnu-tools-for-stm32.12.3.rel1.win32_1.0.200.202406191623/tools/bin/../lib/gcc/arm-none-eabi/12.3.1/../../../../arm-none-eabi/lib/thumb/v7e-m+fp/hard/crt0.o (exit)
C:/ST/STM32CubeIDE_1.16.0/STM32CubeIDE/plugins/com.st.stm32cube.ide.mcu.externaltools.gnu-tools-for-stm32.12.3.rel1.win32_1.0.200.202406191623/tools/bin/../lib/gcc/arm-none-eabi/12.3.1/../../../../arm-none-eabi/lib/thumb/v7e-m+fp/hard\libc_nano.a(libc_a-findfp.o)
                              C:/ST/STM32CubeIDE_1.16.0/STM32CubeIDE/plugins/com.st.stm32cube.ide.mcu.externaltools.gnu-tools-for-stm32.12.3.rel1.win32_1.0.200.202406191623/tools/bin/../lib/gcc/arm-none-eabi/12.3.1/../../../../arm-none-eabi/lib/thumb/v7e-m+fp/hard\libc_nano.a(libc_a-exit.o) (__stdio_exit_handler)
C:/ST/STM32CubeIDE_1.16.0/STM32CubeIDE/plugins/com.st.stm32cube.ide.mcu.externaltools.gnu-tools-for-stm32.12.3.rel1.win32_1.0.200.202406191623/tools/bin/../lib/gcc/arm-none-eabi/12.3.1/../../../../arm-none-eabi/lib/thumb/v7e-m+fp/hard\libc_nano.a(libc_a-fwalk.o)
                              C:/ST/STM32CubeIDE_1.16.0/STM32CubeIDE/plugins/com.st.stm32cube.ide.mcu.externaltools.gnu-tools-for-stm32.12.3.rel1.win32_1.0.200.202406191623/tools/bin/../lib/gcc/arm-none-eabi/12.3.1/../../../../arm-none-eabi/lib/thumb/v7e-m+fp/hard\libc_nano.a(libc_a-findfp.o) (_fwalk_sglue)
C:/ST/STM32CubeIDE_1.16.0/STM32CubeIDE/plugins/com.st.stm32cube.ide.mcu.externaltools.gnu-tools-for-stm32.12.3.rel1.win32_1.0.200.202406191623/tools/bin/../lib/gcc/arm-none-eabi/12.3.1/../../../../arm-none-eabi/lib/thumb/v7e-m+fp/hard\libc_nano.a(libc_a-stdio.o)
                              C:/ST/STM32CubeIDE_1.16.0/STM32CubeIDE/plugins/com.st.stm32cube.ide.mcu.externaltools.gnu-tools-for-stm32.12.3.rel1.win32_1.0.200.202406191623/tools/bin/../lib/gcc/arm-none-eabi/12.3.1/../../../../arm-none-eabi/lib/thumb/v7e-m+fp/hard\libc_nano.a(libc_a-findfp.o) (__sread)
C:/ST/STM32CubeIDE_1.16.0/STM32CubeIDE/plugins/com.st.stm32cube.ide.mcu.externaltools.gnu-tools-for-stm32.12.3.rel1.win32_1.0.200.202406191623/tools/bin/../lib/gcc/arm-none-eabi/12.3.1/../../../../arm-none-eabi/lib/thumb/v7e-m+fp/hard\libc_nano.a(libc_a-memset.o)
                              C:/ST/STM32CubeIDE_1.16.0/STM32CubeIDE/plugins/com.st.stm32cube.ide.mcu.externaltools.gnu-tools-for-stm32.12.3.rel1.win32_1.0.200.202406191623/tools/bin/../lib/gcc/arm-none-eabi/12.3.1/../../../../arm-none-eabi/lib/thumb/v7e-m+fp/hard/crt0.o (memset)
C:/ST/STM32CubeIDE_1.16.0/STM32CubeIDE/plugins/com.st.stm32cube.ide.mcu.externaltools.gnu-tools-for-stm32.12.3.rel1.win32_1.0.200.202406191623/tools/bin/../lib/gcc/arm-none-eabi/12.3.1/../../../../arm-none-eabi/lib/thumb/v7e-m+fp/hard\libc_nano.a(libc_a-closer.o)
                              C:/ST/STM32CubeIDE_1.16.0/STM32CubeIDE/plugins/com.st.stm32cube.ide.mcu.externaltools.gnu-tools-for-stm32.12.3.rel1.win32_1.0.200.202406191623/tools/bin/../lib/gcc/arm-none-eabi/12.3.1/../../../../arm-none-eabi/lib/thumb/v7e-m+fp/hard\libc_nano.a(libc_a-stdio.o) (_close_r)
C:/ST/STM32CubeIDE_1.16.0/STM32CubeIDE/plugins/com.st.stm32cube.ide.mcu.externaltools.gnu-tools-for-stm32.12.3.rel1.win32_1.0.200.202406191623/tools/bin/../lib/gcc/arm-none-eabi/12.3.1/../../../../arm-none-eabi/lib/thumb/v7e-m+fp/hard\libc_nano.a(libc_a-reent.o)
[...]
Memory Configuration

Name             Origin             Length             Attributes
CCMRAM           0x10000000         0x00010000         xrw
RAM              0x20000000         0x00020000         xrw
FLASH            0x08000000         0x00100000         xr
*default*        0x00000000         0xffffffff

Linker script and memory map

LOAD C:/ST/STM32CubeIDE_1.16.0/STM32CubeIDE/plugins/com.st.stm32cube.ide.mcu.externaltools.gnu-tools-for-stm32.12.3.rel1.win32_1.0.200.202406191623/tools/bin/../lib/gcc/arm-none-eabi/12.3.1/thumb/v7e-m+fp/hard/crti.o
LOAD C:/ST/STM32CubeIDE_1.16.0/STM32CubeIDE/plugins/com.st.stm32cube.ide.mcu.externaltools.gnu-tools-for-stm32.12.3.rel1.win32_1.0.200.202406191623/tools/bin/../lib/gcc/arm-none-eabi/12.3.1/thumb/v7e-m+fp/hard/crtbegin.o
LOAD C:/ST/STM32CubeIDE_1.16.0/STM32CubeIDE/plugins/com.st.stm32cube.ide.mcu.externaltools.gnu-tools-for-stm32.12.3.rel1.win32_1.0.200.202406191623/tools/bin/../lib/gcc/arm-none-eabi/12.3.1/../../../../arm-none-eabi/lib/thumb/v7e-m+fp/hard/crt0.o
LOAD ./Core/Src/callBacks.o
LOAD ./Core/Src/dma.o
LOAD ./Core/Src/float_uint8.o
LOAD ./Core/Src/gpio.o
LOAD ./Core/Src/iwdg.o
LOAD ./Core/Src/main.o
LOAD ./Core/Src/motor.o
LOAD ./Core/Src/servo.o
LOAD ./Core/Src/stm32f4xx_hal_msp.o
LOAD ./Core/Src/stm32f4xx_it.o
LOAD ./Core/Src/syscalls.o
LOAD ./Core/Src/sysmem.o
LOAD ./Core/Src/system_stm32f4xx.o
LOAD ./Core/Src/tim.o
LOAD ./Core/Src/timersInit.o
LOAD ./Core/Src/ultraSonic.o
LOAD ./Core/Src/usart.o
LOAD ./Core/Startup/startup_stm32f407zgtx.o
LOAD ./Drivers/STM32F4xx_HAL_Driver/Src/stm32f4xx_hal.o
LOAD ./Drivers/STM32F4xx_HAL_Driver/Src/stm32f4xx_hal_cortex.o
LOAD ./Drivers/STM32F4xx_HAL_Driver/Src/stm32f4xx_hal_dma.o
LOAD ./Drivers/STM32F4xx_HAL_Driver/Src/stm32f4xx_hal_dma_ex.o
LOAD ./Drivers/STM32F4xx_HAL_Driver/Src/stm32f4xx_hal_exti.o
LOAD ./Drivers/STM32F4xx_HAL_Driver/Src/stm32f4xx_hal_flash.o
LOAD ./Drivers/STM32F4xx_HAL_Driver/Src/stm32f4xx_hal_flash_ex.o
LOAD ./Drivers/STM32F4xx_HAL_Driver/Src/stm32f4xx_hal_flash_ramfunc.o
LOAD ./Drivers/STM32F4xx_HAL_Driver/Src/stm32f4xx_hal_gpio.o
LOAD ./Drivers/STM32F4xx_HAL_Driver/Src/stm32f4xx_hal_iwdg.o
LOAD ./Drivers/STM32F4xx_HAL_Driver/Src/stm32f4xx_hal_pwr.o
LOAD ./Drivers/STM32F4xx_HAL_Driver/Src/stm32f4xx_hal_pwr_ex.o
LOAD ./Drivers/STM32F4xx_HAL_Driver/Src/stm32f4xx_hal_rcc.o
LOAD ./Drivers/STM32F4xx_HAL_Driver/Src/stm32f4xx_hal_rcc_ex.o
LOAD ./Drivers/STM32F4xx_HAL_Driver/Src/stm32f4xx_hal_tim.o
LOAD ./Drivers/STM32F4xx_HAL_Driver/Src/stm32f4xx_hal_tim_ex.o
LOAD ./Drivers/STM32F4xx_HAL_Driver/Src/stm32f4xx_hal_uart.o
START GROUP
LOAD C:/ST/STM32CubeIDE_1.16.0/STM32CubeIDE/plugins/com.st.stm32cube.ide.mcu.externaltools.gnu-tools-for-stm32.12.3.rel1.win32_1.0.200.202406191623/tools/bin/../lib/gcc/arm-none-eabi/12.3.1/../../../../arm-none-eabi/lib/thumb/v7e-m+fp/hard\libstdc++_nano.a
LOAD C:/ST/STM32CubeIDE_1.16.0/STM32CubeIDE/plugins/com.st.stm32cube.ide.mcu.externaltools.gnu-tools-for-stm32.12.3.rel1.win32_1.0.200.202406191623/tools/bin/../lib/gcc/arm-none-eabi/12.3.1/../../../../arm-none-eabi/lib/thumb/v7e-m+fp/hard\libsupc++_nano.a
END GROUP
LOAD C:/ST/STM32CubeIDE_1.16.0/STM32CubeIDE/plugins/com.st.stm32cube.ide.mcu.externaltools.gnu-tools-for-stm32.12.3.rel1.win32_1.0.200.202406191623/tools/bin/../lib/gcc/arm-none-eabi/12.3.1/../../../../arm-none-eabi/lib/thumb/v7e-m+fp/hard\libstdc++_nano.a
LOAD C:/ST/STM32CubeIDE_1.16.0/STM32CubeIDE/plugins/com.st.stm32cube.ide.mcu.externaltools.gnu-tools-for-stm32.12.3.rel1.win32_1.0.200.202406191623/tools/bin/../lib/gcc/arm-none-eabi/12.3.1/../../../../arm-none-eabi/lib/thumb/v7e-m+fp/hard\libm.a
LOAD C:/ST/STM32CubeIDE_1.16.0/STM32CubeIDE/plugins/com.st.stm32cube.ide.mcu.externaltools.gnu-tools-for-stm32.12.3.rel1.win32_1.0.200.202406191623/tools/bin/../lib/gcc/arm-none-eabi/12.3.1/../../../../arm-none-eabi/lib/thumb/v7e-m+fp/hard\libc_nano.a
START GROUP
LOAD C:/ST/STM32CubeIDE_1.16.0/STM32CubeIDE/plugins/com.st.stm32cube.ide.mcu.externaltools.gnu-tools-for-stm32.12.3.rel1.win32_1.0.200.202406191623/tools/bin/../lib/gcc/arm-none-eabi/12.3.1/thumb/v7e-m+fp/hard\libgcc.a
LOAD C:/ST/STM32CubeIDE_1.16.0/STM32CubeIDE/plugins/com.st.stm32cube.ide.mcu.externaltools.gnu-tools-for-stm32.12.3.rel1.win32_1.0.200.202406191623/tools/bin/../lib/gcc/arm-none-eabi/12.3.1/../../../../arm-none-eabi/lib/thumb/v7e-m+fp/hard\libc_nano.a
END GROUP
START GROUP
LOAD C:/ST/STM32CubeIDE_1.16.0/STM32CubeIDE/plugins/com.st.stm32cube.ide.mcu.externaltools.gnu-tools-for-stm32.12.3.rel1.win32_1.0.200.202406191623/tools/bin/../lib/gcc/arm-none-eabi/12.3.1/thumb/v7e-m+fp/hard\libgcc.a
LOAD C:/ST/STM32CubeIDE_1.16.0/STM32CubeIDE/plugins/com.st.stm32cube.ide.mcu.externaltools.gnu-tools-for-stm32.12.3.rel1.win32_1.0.200.202406191623/tools/bin/../lib/gcc/arm-none-eabi/12.3.1/../../../../arm-none-eabi/lib/thumb/v7e-m+fp/hard\libc_nano.a
LOAD C:/ST/STM32CubeIDE_1.16.0/STM32CubeIDE/plugins/com.st.stm32cube.ide.mcu.externaltools.gnu-tools-for-stm32.12.3.rel1.win32_1.0.200.202406191623/tools/bin/../lib/gcc/arm-none-eabi/12.3.1/../../../../arm-none-eabi/lib/thumb/v7e-m+fp/hard\libnosys.a
END GROUP
START GROUP
LOAD C:/ST/STM32CubeIDE_1.16.0/STM32CubeIDE/plugins/com.st.stm32cube.ide.mcu.externaltools.gnu-tools-for-stm32.12.3.rel1.win32_1.0.200.202406191623/tools/bin/../lib/gcc/arm-none-eabi/12.3.1/thumb/v7e-m+fp/hard\libgcc.a
LOAD C:/ST/STM32CubeIDE_1.16.0/STM32CubeIDE/plugins/com.st.stm32cube.ide.mcu.externaltools.gnu-tools-for-stm32.12.3.rel1.win32_1.0.200.202406191623/tools/bin/../lib/gcc/arm-none-eabi/12.3.1/../../../../arm-none-eabi/lib/thumb/v7e-m+fp/hard\libc_nano.a
LOAD C:/ST/STM32CubeIDE_1.16.0/STM32CubeIDE/plugins/com.st.stm32cube.ide.mcu.externaltools.gnu-tools-for-stm32.12.3.rel1.win32_1.0.200.202406191623/tools/bin/../lib/gcc/arm-none-eabi/12.3.1/../../../../arm-none-eabi/lib/thumb/v7e-m+fp/hard\libnosys.a
END GROUP
LOAD C:/ST/STM32CubeIDE_1.16.0/STM32CubeIDE/plugins/com.st.stm32cube.ide.mcu.externaltools.gnu-tools-for-stm32.12.3.rel1.win32_1.0.200.202406191623/tools/bin/../lib/gcc/arm-none-eabi/12.3.1/thumb/v7e-m+fp/hard/crtend.o
LOAD C:/ST/STM32CubeIDE_1.16.0/STM32CubeIDE/plugins/com.st.stm32cube.ide.mcu.externaltools.gnu-tools-for-stm32.12.3.rel1.win32_1.0.200.202406191623/tools/bin/../lib/gcc/arm-none-eabi/12.3.1/thumb/v7e-m+fp/hard/crtn.o
                0x20020000                        _estack = (ORIGIN (RAM) + LENGTH (RAM))
                0x00000200                        _Min_Heap_Size = 0x200
                0x00000400                        _Min_Stack_Size = 0x400

.isr_vector     0x08000000      0x188
                0x08000000                        . = ALIGN (0x4)
 *(.isr_vector)
 .isr_vector    0x08000000      0x188 ./Core/Startup/startup_stm32f407zgtx.o
                0x08000000                g_pfnVectors
                0x08000188                        . = ALIGN (0x4)

.text           0x08000188     0x8070
                0x08000188                        . = ALIGN (0x4)
 *(.text)
 .text          0x08000188       0x40 C:/ST/STM32CubeIDE_1.16.0/STM32CubeIDE/plugins/com.st.stm32cube.ide.mcu.externaltools.gnu-tools-for-stm32.12.3.rel1.win32_1.0.200.202406191623/tools/bin/../lib/gcc/arm-none-eabi/12.3.1/thumb/v7e-m+fp/hard/crtbegin.o
 .text          0x080001c8      0x378 C:/ST/STM32CubeIDE_1.16.0/STM32CubeIDE/plugins/com.st.stm32cube.ide.mcu.externaltools.gnu-tools-for-stm32.12.3.rel1.win32_1.0.200.202406191623/tools/bin/../lib/gcc/arm-none-eabi/12.3.1/thumb/v7e-m+fp/hard\libgcc.a(_arm_addsubdf3.o)
                0x080001c8                __aeabi_drsub
                0x080001d0                __aeabi_dsub
                0x080001d0                __subdf3
                0x080001d4                __aeabi_dadd
                0x080001d4                __adddf3
                0x0800044c                __floatunsidf
                0x0800044c                __aeabi_ui2d
                0x0800046c                __floatsidf
                0x0800046c                __aeabi_i2d
                0x08000490                __aeabi_f2d
                0x08000490                __extendsfdf2
                0x080004d4                __floatundidf
                0x080004d4                __aeabi_ul2d
                0x080004e4                __floatdidf
                0x080004e4                __aeabi_l2d
 .text          0x08000540      0x424 C:/ST/STM32CubeIDE_1.16.0/STM32CubeIDE/plugins/com.st.stm32cube.ide.mcu.externaltools.gnu-tools-for-stm32.12.3.rel1.win32_1.0.200.202406191623/tools/bin/../lib/gcc/arm-none-eabi/12.3.1/thumb/v7e-m+fp/hard\libgcc.a(_arm_muldivdf3.o)
                0x08000540                __aeabi_dmul
                0x08000540                __muldf3
                0x08000794                __divdf3
                0x08000794                __aeabi_ddiv
 .text          0x08000964      0x110 C:/ST/STM32CubeIDE_1.16.0/STM32CubeIDE/plugins/com.st.stm32cube.ide.mcu.externaltools.gnu-tools-for-stm32.12.3.rel1.win32_1.0.200.202406191623/tools/bin/../lib/gcc/arm-none-eabi/12.3.1/thumb/v7e-m+fp/hard\libgcc.a(_arm_cmpdf2.o)
                0x08000964                __gtdf2
                0x08000964                __gedf2
                0x0800096c                __ltdf2
                0x0800096c                __ledf2
                0x08000974                __nedf2
                0x08000974                __eqdf2
                0x08000974                __cmpdf2
                0x080009f0                __aeabi_cdrcmple
                0x08000a00                __aeabi_cdcmpeq
                0x08000a00                __aeabi_cdcmple
                0x08000a10                __aeabi_dcmpeq
                0x08000a24                __aeabi_dcmplt
                0x08000a38                __aeabi_dcmple
                0x08000a4c                __aeabi_dcmpge
                0x08000a60                __aeabi_dcmpgt
 .text          0x08000a74       0x2c C:/ST/STM32CubeIDE_1.16.0/STM32CubeIDE/plugins/com.st.stm32cube.ide.mcu.externaltools.gnu-tools-for-stm32.12.3.rel1.win32_1.0.200.202406191623/tools/bin/../lib/gcc/arm-none-eabi/12.3.1/thumb/v7e-m+fp/hard\libgcc.a(_arm_unorddf2.o)
                0x08000a74                __unorddf2
                0x08000a74                __aeabi_dcmpun
 .text          0x08000aa0       0x40 C:/ST/STM32CubeIDE_1.16.0/STM32CubeIDE/plugins/com.st.stm32cube.ide.mcu.externaltools.gnu-tools-for-stm32.12.3.rel1.win32_1.0.200.202406191623/tools/bin/../lib/gcc/arm-none-eabi/12.3.1/thumb/v7e-m+fp/hard\libgcc.a(_arm_fixunsdfsi.o)
                0x08000aa0                __aeabi_d2uiz
                0x08000aa0                __fixunsdfsi
 .text          0x08000ae0       0x30 C:/ST/STM32CubeIDE_1.16.0/STM32CubeIDE/plugins/com.st.stm32cube.ide.mcu.externaltools.gnu-tools-for-stm32.12.3.rel1.win32_1.0.200.202406191623/tools/bin/../lib/gcc/arm-none-eabi/12.3.1/thumb/v7e-m+fp/hard\libgcc.a(_aeabi_uldivmod.o)
                0x08000ae0                __aeabi_uldivmod
 .text          0x08000b10      0x2bc C:/ST/STM32CubeIDE_1.16.0/STM32CubeIDE/plugins/com.st.stm32cube.ide.mcu.externaltools.gnu-tools-for-stm32.12.3.rel1.win32_1.0.200.202406191623/tools/bin/../lib/gcc/arm-none-eabi/12.3.1/thumb/v7e-m+fp/hard\libgcc.a(_udivmoddi4.o)
                0x08000b10                __udivmoddi4
 .text          0x08000dcc        0x4 C:/ST/STM32CubeIDE_1.16.0/STM32CubeIDE/plugins/com.st.stm32cube.ide.mcu.externaltools.gnu-tools-for-stm32.12.3.rel1.win32_1.0.200.202406191623/tools/bin/../lib/gcc/arm-none-eabi/12.3.1/thumb/v7e-m+fp/hard\libgcc.a(_dvmd_tls.o)
                0x08000dcc                __aeabi_idiv0
                0x08000dcc                __aeabi_ldiv0
 *(.text*)
 .text.HAL_TIM_PeriodElapsedCallback
                0x08000dd0      0x2d8 ./Core/Src/callBacks.o
                0x08000dd0                HAL_TIM_PeriodElapsedCallback
 .text.HAL_UARTEx_RxEventCallback
                0x080010a8      0x620 ./Core/Src/callBacks.o
                0x080010a8                HAL_UARTEx_RxEventCallback
 .text.MX_DMA_Init
                0x080016c8       0x70 ./Core/Src/dma.o
                0x080016c8                MX_DMA_Init
 .text.float_to_uint8_arry
                0x08001738      0x230 ./Core/Src/float_uint8.o
                0x08001738                float_to_uint8_arry
 .text.uint8_to_float
                0x08001968      0x1b4 ./Core/Src/float_uint8.o
                0x08001968                uint8_to_float
 .text.MX_GPIO_Init
                0x08001b1c      0x138 ./Core/Src/gpio.o
                0x08001b1c                MX_GPIO_Init
 .text.MX_IWDG_Init
                0x08001c54       0x34 ./Core/Src/iwdg.o
                0x08001c54                MX_IWDG_Init
 .text.main     0x08001c88      0x188 ./Core/Src/main.o
                0x08001c88                main
 .text.SystemClock_Config
                0x08001e10       0xd4 ./Core/Src/main.o
                0x08001e10                SystemClock_Config
 .text.Error_Handler
                0x08001ee4        0xc ./Core/Src/main.o
                0x08001ee4                Error_Handler
 .text.setLeftRpm
                0x08001ef0       0x54 ./Core/Src/motor.o
                0x08001ef0                setLeftRpm
 .text.setRightRpm
                0x08001f44       0x54 ./Core/Src/motor.o
                0x08001f44                setRightRpm
 .text.pidDiffLeft
                0x08001f98       0xc0 ./Core/Src/motor.o
                0x08001f98                pidDiffLeft
 .text.pidDiffRight
                0x08002058       0xc0 ./Core/Src/motor.o
                0x08002058                pidDiffRight
 .text.getLeftRpm
                0x08002118       0xbc ./Core/Src/motor.o
                0x08002118                getLeftRpm
 .text.getRightRpm
                0x080021d4       0xbc ./Core/Src/motor.o
                0x080021d4                getRightRpm
 .text.setRightPWM
                0x08002290       0x74 ./Core/Src/motor.o
                0x08002290                setRightPWM
 .text.setLeftPWM
                0x08002304       0x74 ./Core/Src/motor.o
                0x08002304                setLeftPWM
 .text.setDirection
                0x08002378       0xd4 ./Core/Src/motor.o
                0x08002378                setDirection
 .text.setSpin  0x0800244c       0x8c ./Core/Src/motor.o
                0x0800244c                setSpin
 .text.Servo_turn
                0x080024d8      0x648 ./Core/Src/servo.o
                0x080024d8                Servo_turn
 .text.Servo1_craw
                0x08002b20       0x3c ./Core/Src/servo.o
                0x08002b20                Servo1_craw
 .text.Servo1_put
                0x08002b5c       0x3c ./Core/Src/servo.o
                0x08002b5c                Servo1_put
 .text.Servo2_driving
                0x08002b98       0x3c ./Core/Src/servo.o
                0x08002b98                Servo2_driving
 .text.Servo2_puting
                0x08002bd4       0x3c ./Core/Src/servo.o
                0x08002bd4                Servo2_puting
 .text.craw_up_trail
                0x08002c10       0x88 ./Core/Src/servo.o
                0x08002c10                craw_up_trail
 .text.HAL_MspInit
                0x08002c98       0x50 ./Core/Src/stm32f4xx_hal_msp.o
                0x08002c98                HAL_MspInit
 .text.NMI_Handler
                0x08002ce8        0x8 ./Core/Src/stm32f4xx_it.o
                0x08002ce8                NMI_Handler
 .text.HardFault_Handler
                0x08002cf0        0x8 ./Core/Src/stm32f4xx_it.o
                0x08002cf0                HardFault_Handler
 .text.MemManage_Handler
                0x08002cf8        0x8 ./Core/Src/stm32f4xx_it.o
                0x08002cf8                MemManage_Handler
 .text.BusFault_Handler
                0x08002d00        0x8 ./Core/Src/stm32f4xx_it.o
                0x08002d00                BusFault_Handler
 .text.UsageFault_Handler
                0x08002d08        0x8 ./Core/Src/stm32f4xx_it.o
                0x08002d08                UsageFault_Handler
 .text.SVC_Handler
                0x08002d10        0xe ./Core/Src/stm32f4xx_it.o
                0x08002d10                SVC_Handler
 .text.DebugMon_Handler
                0x08002d1e        0xe ./Core/Src/stm32f4xx_it.o
                0x08002d1e                DebugMon_Handler
 .text.PendSV_Handler
                0x08002d2c        0xe ./Core/Src/stm32f4xx_it.o
                0x08002d2c                PendSV_Handler
 .text.SysTick_Handler
                0x08002d3a        0xc ./Core/Src/stm32f4xx_it.o
                0x08002d3a                SysTick_Handler
 *fill*         0x08002d46        0x2 
 .text.DMA1_Stream0_IRQHandler
                0x08002d48       0x14 ./Core/Src/stm32f4xx_it.o
                0x08002d48                DMA1_Stream0_IRQHandler
 .text.DMA1_Stream2_IRQHandler
                0x08002d5c       0x14 ./Core/Src/stm32f4xx_it.o
                0x08002d5c                DMA1_Stream2_IRQHandler
 .text.DMA1_Stream4_IRQHandler
                0x08002d70       0x14 ./Core/Src/stm32f4xx_it.o
                0x08002d70                DMA1_Stream4_IRQHandler
 .text.TIM8_BRK_TIM12_IRQHandler
                0x08002d84       0x1c ./Core/Src/stm32f4xx_it.o
                0x08002d84                TIM8_BRK_TIM12_IRQHandler
 .text.DMA1_Stream7_IRQHandler
                0x08002da0       0x14 ./Core/Src/stm32f4xx_it.o
                0x08002da0                DMA1_Stream7_IRQHandler
 .text.UART4_IRQHandler
                0x08002db4       0x14 ./Core/Src/stm32f4xx_it.o
                0x08002db4                UART4_IRQHandler
 .text.UART5_IRQHandler
                0x08002dc8       0x14 ./Core/Src/stm32f4xx_it.o
                0x08002dc8                UART5_IRQHandler
 .text.TIM7_IRQHandler
                0x08002ddc       0x14 ./Core/Src/stm32f4xx_it.o
                0x08002ddc                TIM7_IRQHandler
 .text.SystemInit
                0x08002df0       0x24 ./Core/Src/system_stm32f4xx.o
                0x08002df0                SystemInit
 .text.MX_TIM1_Init
                0x08002e14      0x170 ./Core/Src/tim.o
                0x08002e14                MX_TIM1_Init
 .text.MX_TIM2_Init
                0x08002f84       0xa8 ./Core/Src/tim.o
                0x08002f84                MX_TIM2_Init
 .text.MX_TIM3_Init
                0x0800302c       0x9c ./Core/Src/tim.o
                0x0800302c                MX_TIM3_Init
 .text.MX_TIM4_Init
                0x080030c8       0xa8 ./Core/Src/tim.o
                0x080030c8                MX_TIM4_Init
 .text.MX_TIM5_Init
                0x08003170      0x104 ./Core/Src/tim.o
                0x08003170                MX_TIM5_Init
 .text.MX_TIM6_Init
                0x08003274       0x6c ./Core/Src/tim.o
                0x08003274                MX_TIM6_Init
 .text.MX_TIM7_Init
                0x080032e0       0x6c ./Core/Src/tim.o
                0x080032e0                MX_TIM7_Init
 .text.MX_TIM8_Init
                0x0800334c       0xa0 ./Core/Src/tim.o
                0x0800334c                MX_TIM8_Init
 .text.MX_TIM10_Init
                0x080033ec       0x48 ./Core/Src/tim.o
                0x080033ec                MX_TIM10_Init
 .text.MX_TIM12_Init
                0x08003434       0x74 ./Core/Src/tim.o
                0x08003434                MX_TIM12_Init
 .text.HAL_TIM_Base_MspInit
                0x080034a8      0x1a4 ./Core/Src/tim.o
                0x080034a8                HAL_TIM_Base_MspInit
 .text.HAL_TIM_Encoder_MspInit
                0x0800364c       0xf8 ./Core/Src/tim.o
                0x0800364c                HAL_TIM_Encoder_MspInit
 .text.HAL_TIM_MspPostInit
                0x08003744       0xc4 ./Core/Src/tim.o
                0x08003744                HAL_TIM_MspPostInit
 .text.timersInit
                0x08003808       0x70 ./Core/Src/timersInit.o
                0x08003808                timersInit
 .text.MeasureDistance
                0x08003878      0x104 ./Core/Src/ultraSonic.o
                0x08003878                MeasureDistance
 .text.MX_UART4_Init
                0x0800397c       0x54 ./Core/Src/usart.o
                0x0800397c                MX_UART4_Init
 .text.MX_UART5_Init
                0x080039d0       0x54 ./Core/Src/usart.o
                0x080039d0                MX_UART5_Init
 .text.HAL_UART_MspInit
                0x08003a24      0x2f8 ./Core/Src/usart.o
                0x08003a24                HAL_UART_MspInit
 .text.Reset_Handler
                0x08003d1c       0x50 ./Core/Startup/startup_stm32f407zgtx.o
                0x08003d1c                Reset_Handler
 .text.Default_Handler
                0x08003d6c        0x2 ./Core/Startup/startup_stm32f407zgtx.o
                0x08003d6c                RTC_Alarm_IRQHandler
                0x08003d6c                HASH_RNG_IRQHandler
                0x08003d6c                EXTI2_IRQHandler
                0x08003d6c                TIM8_CC_IRQHandler
                0x08003d6c                TIM1_CC_IRQHandler
                0x08003d6c                DMA2_Stream5_IRQHandler
                0x08003d6c                DMA1_Stream5_IRQHandler
                0x08003d6c                PVD_IRQHandler
                0x08003d6c                SDIO_IRQHandler
                0x08003d6c                TAMP_STAMP_IRQHandler
                0x08003d6c                CAN2_RX1_IRQHandler
                0x08003d6c                EXTI3_IRQHandler
                0x08003d6c                TIM8_TRG_COM_TIM14_IRQHandler
                0x08003d6c                TIM1_UP_TIM10_IRQHandler
                0x08003d6c                TIM8_UP_TIM13_IRQHandler
                0x08003d6c                I2C3_ER_IRQHandler
                0x08003d6c                EXTI0_IRQHandler
                0x08003d6c                I2C2_EV_IRQHandler
                0x08003d6c                CAN1_RX0_IRQHandler
                0x08003d6c                FPU_IRQHandler
                0x08003d6c                OTG_HS_WKUP_IRQHandler
                0x08003d6c                CAN2_SCE_IRQHandler
                0x08003d6c                DMA2_Stream2_IRQHandler
                0x08003d6c                SPI1_IRQHandler
                0x08003d6c                TIM6_DAC_IRQHandler
                0x08003d6c                TIM1_BRK_TIM9_IRQHandler
                0x08003d6c                DCMI_IRQHandler
                0x08003d6c                CAN2_RX0_IRQHandler
                0x08003d6c                DMA2_Stream3_IRQHandler
                0x08003d6c                USART6_IRQHandler
                0x08003d6c                USART3_IRQHandler
                0x08003d6c                CAN1_RX1_IRQHandler
                0x08003d6c                DMA2_Stream0_IRQHandler
                0x08003d6c                TIM4_IRQHandler
                0x08003d6c                I2C1_EV_IRQHandler
                0x08003d6c                DMA1_Stream6_IRQHandler
                0x08003d6c                DMA1_Stream1_IRQHandler
                0x08003d6c                TIM3_IRQHandler
                0x08003d6c                RCC_IRQHandler
                0x08003d6c                Default_Handler
                0x08003d6c                EXTI15_10_IRQHandler
                0x08003d6c                ADC_IRQHandler
                0x08003d6c                CAN2_TX_IRQHandler
                0x08003d6c                TIM5_IRQHandler
                0x08003d6c                DMA2_Stream7_IRQHandler
                0x08003d6c                I2C3_EV_IRQHandler
                0x08003d6c                EXTI9_5_IRQHandler
                0x08003d6c                RTC_WKUP_IRQHandler
                0x08003d6c                ETH_WKUP_IRQHandler
                0x08003d6c                SPI2_IRQHandler
                0x08003d6c                OTG_HS_EP1_IN_IRQHandler
                0x08003d6c                CAN1_TX_IRQHandler
                0x08003d6c                EXTI4_IRQHandler
                0x08003d6c                FSMC_IRQHandler
                0x08003d6c                ETH_IRQHandler
                0x08003d6c                OTG_HS_EP1_OUT_IRQHandler
                0x08003d6c                WWDG_IRQHandler
                0x08003d6c                TIM2_IRQHandler
                0x08003d6c                OTG_FS_WKUP_IRQHandler
                0x08003d6c                TIM1_TRG_COM_TIM11_IRQHandler
                0x08003d6c                OTG_HS_IRQHandler
                0x08003d6c                EXTI1_IRQHandler
                0x08003d6c                USART2_IRQHandler
                0x08003d6c                I2C2_ER_IRQHandler
                0x08003d6c                DMA2_Stream1_IRQHandler
                0x08003d6c                CAN1_SCE_IRQHandler
                0x08003d6c                FLASH_IRQHandler
                0x08003d6c                DMA2_Stream4_IRQHandler
                0x08003d6c                USART1_IRQHandler
                0x08003d6c                OTG_FS_IRQHandler
                0x08003d6c                SPI3_IRQHandler
                0x08003d6c                I2C1_ER_IRQHandler
                0x08003d6c                DMA2_Stream6_IRQHandler
                0x08003d6c                DMA1_Stream3_IRQHandler
 *fill*         0x08003d6e        0x2 
 .text.HAL_Init
                0x08003d70       0x44 ./Drivers/STM32F4xx_HAL_Driver/Src/stm32f4xx_hal.o
                0x08003d70                HAL_Init
 .text.HAL_InitTick
                0x08003db4       0x60 ./Drivers/STM32F4xx_HAL_Driver/Src/stm32f4xx_hal.o
                0x08003db4                HAL_InitTick
 .text.HAL_IncTick
                0x08003e14       0x28 ./Drivers/STM32F4xx_HAL_Driver/Src/stm32f4xx_hal.o
                0x08003e14                HAL_IncTick
 .text.HAL_GetTick
                0x08003e3c       0x18 ./Drivers/STM32F4xx_HAL_Driver/Src/stm32f4xx_hal.o
                0x08003e3c                HAL_GetTick
 .text.HAL_Delay
                0x08003e54       0x48 ./Drivers/STM32F4xx_HAL_Driver/Src/stm32f4xx_hal.o
                0x08003e54                HAL_Delay
 .text.__NVIC_SetPriorityGrouping
                0x08003e9c       0x48 ./Drivers/STM32F4xx_HAL_Driver/Src/stm32f4xx_hal_cortex.o
 .text.__NVIC_GetPriorityGrouping
                0x08003ee4       0x1c ./Drivers/STM32F4xx_HAL_Driver/Src/stm32f4xx_hal_cortex.o
 .text.__NVIC_EnableIRQ
                0x08003f00       0x3c ./Drivers/STM32F4xx_HAL_Driver/Src/stm32f4xx_hal_cortex.o
 .text.__NVIC_SetPriority
                0x08003f3c       0x54 ./Drivers/STM32F4xx_HAL_Driver/Src/stm32f4xx_hal_cortex.o
 .text.NVIC_EncodePriority
                0x08003f90       0x66 ./Drivers/STM32F4xx_HAL_Driver/Src/stm32f4xx_hal_cortex.o
 *fill*         0x08003ff6        0x2 
 .text.SysTick_Config
                0x08003ff8       0x44 ./Drivers/STM32F4xx_HAL_Driver/Src/stm32f4xx_hal_cortex.o
 .text.HAL_NVIC_SetPriorityGrouping
                0x0800403c       0x16 ./Drivers/STM32F4xx_HAL_Driver/Src/stm32f4xx_hal_cortex.o
                0x0800403c                HAL_NVIC_SetPriorityGrouping
 .text.HAL_NVIC_SetPriority
                0x08004052       0x38 ./Drivers/STM32F4xx_HAL_Driver/Src/stm32f4xx_hal_cortex.o
                0x08004052                HAL_NVIC_SetPriority
 .text.HAL_NVIC_EnableIRQ
                0x0800408a       0x1c ./Drivers/STM32F4xx_HAL_Driver/Src/stm32f4xx_hal_cortex.o
                0x0800408a                HAL_NVIC_EnableIRQ
 .text.HAL_SYSTICK_Config
                0x080040a6       0x18 ./Drivers/STM32F4xx_HAL_Driver/Src/stm32f4xx_hal_cortex.o
                0x080040a6                HAL_SYSTICK_Config
 *fill*         0x080040be        0x2 
 .text.HAL_DMA_Init
                0x080040c0      0x15c ./Drivers/STM32F4xx_HAL_Driver/Src/stm32f4xx_hal_dma.o
                0x080040c0                HAL_DMA_Init
 .text.HAL_DMA_Start_IT
                0x0800421c       0xb0 ./Drivers/STM32F4xx_HAL_Driver/Src/stm32f4xx_hal_dma.o
                0x0800421c                HAL_DMA_Start_IT
 .text.HAL_DMA_Abort
                0x080042cc       0xe0 ./Drivers/STM32F4xx_HAL_Driver/Src/stm32f4xx_hal_dma.o
                0x080042cc                HAL_DMA_Abort
 .text.HAL_DMA_Abort_IT
                0x080043ac       0x44 ./Drivers/STM32F4xx_HAL_Driver/Src/stm32f4xx_hal_dma.o
                0x080043ac                HAL_DMA_Abort_IT
 .text.HAL_DMA_IRQHandler
                0x080043f0      0x314 ./Drivers/STM32F4xx_HAL_Driver/Src/stm32f4xx_hal_dma.o
                0x080043f0                HAL_DMA_IRQHandler
 .text.DMA_SetConfig
                0x08004704       0x5c ./Drivers/STM32F4xx_HAL_Driver/Src/stm32f4xx_hal_dma.o
 .text.DMA_CalcBaseAndBitshift
                0x08004760       0x6c ./Drivers/STM32F4xx_HAL_Driver/Src/stm32f4xx_hal_dma.o
 .text.DMA_CheckFifoParam
                0x080047cc       0xf8 ./Drivers/STM32F4xx_HAL_Driver/Src/stm32f4xx_hal_dma.o
 .text.HAL_GPIO_Init
                0x080048c4      0x338 ./Drivers/STM32F4xx_HAL_Driver/Src/stm32f4xx_hal_gpio.o
                0x080048c4                HAL_GPIO_Init
 .text.HAL_GPIO_ReadPin
                0x08004bfc       0x30 ./Drivers/STM32F4xx_HAL_Driver/Src/stm32f4xx_hal_gpio.o
                0x08004bfc                HAL_GPIO_ReadPin
 .text.HAL_GPIO_WritePin
                0x08004c2c       0x32 ./Drivers/STM32F4xx_HAL_Driver/Src/stm32f4xx_hal_gpio.o
                0x08004c2c                HAL_GPIO_WritePin
 .text.HAL_IWDG_Init
                0x08004c5e       0x84 ./Drivers/STM32F4xx_HAL_Driver/Src/stm32f4xx_hal_iwdg.o
                0x08004c5e                HAL_IWDG_Init
 .text.HAL_IWDG_Refresh
                0x08004ce2       0x20 ./Drivers/STM32F4xx_HAL_Driver/Src/stm32f4xx_hal_iwdg.o
                0x08004ce2                HAL_IWDG_Refresh
 *fill*         0x08004d02        0x2 
 .text.HAL_RCC_OscConfig
                0x08004d04      0x4f0 ./Drivers/STM32F4xx_HAL_Driver/Src/stm32f4xx_hal_rcc.o
                0x08004d04                HAL_RCC_OscConfig
 .text.HAL_RCC_ClockConfig
                0x080051f4      0x1cc ./Drivers/STM32F4xx_HAL_Driver/Src/stm32f4xx_hal_rcc.o
                0x080051f4                HAL_RCC_ClockConfig
 .text.HAL_RCC_GetSysClockFreq
                0x080053c0      0x18c ./Drivers/STM32F4xx_HAL_Driver/Src/stm32f4xx_hal_rcc.o
                0x080053c0                HAL_RCC_GetSysClockFreq
 .text.HAL_RCC_GetHCLKFreq
                0x0800554c       0x18 ./Drivers/STM32F4xx_HAL_Driver/Src/stm32f4xx_hal_rcc.o
                0x0800554c                HAL_RCC_GetHCLKFreq
 .text.HAL_RCC_GetPCLK1Freq
                0x08005564       0x28 ./Drivers/STM32F4xx_HAL_Driver/Src/stm32f4xx_hal_rcc.o
                0x08005564                HAL_RCC_GetPCLK1Freq
 .text.HAL_RCC_GetPCLK2Freq
                0x0800558c       0x28 ./Drivers/STM32F4xx_HAL_Driver/Src/stm32f4xx_hal_rcc.o
                0x0800558c                HAL_RCC_GetPCLK2Freq
 .text.HAL_TIM_Base_Init
                0x080055b4       0x9e ./Drivers/STM32F4xx_HAL_Driver/Src/stm32f4xx_hal_tim.o
                0x080055b4                HAL_TIM_Base_Init
 *fill*         0x08005652        0x2 
 .text.HAL_TIM_Base_Start
                0x08005654       0xd0 ./Drivers/STM32F4xx_HAL_Driver/Src/stm32f4xx_hal_tim.o
                0x08005654                HAL_TIM_Base_Start
 .text.HAL_TIM_Base_Start_IT
                0x08005724       0xe0 ./Drivers/STM32F4xx_HAL_Driver/Src/stm32f4xx_hal_tim.o
                0x08005724                HAL_TIM_Base_Start_IT
 .text.HAL_TIM_PWM_Init
                0x08005804       0x9e ./Drivers/STM32F4xx_HAL_Driver/Src/stm32f4xx_hal_tim.o
                0x08005804                HAL_TIM_PWM_Init
 .text.HAL_TIM_PWM_MspInit
                0x080058a2       0x14 ./Drivers/STM32F4xx_HAL_Driver/Src/stm32f4xx_hal_tim.o
                0x080058a2                HAL_TIM_PWM_MspInit
 *fill*         0x080058b6        0x2 
 .text.HAL_TIM_PWM_Start
                0x080058b8      0x190 ./Drivers/STM32F4xx_HAL_Driver/Src/stm32f4xx_hal_tim.o
                0x080058b8                HAL_TIM_PWM_Start
 .text.HAL_TIM_Encoder_Init
                0x08005a48      0x14c ./Drivers/STM32F4xx_HAL_Driver/Src/stm32f4xx_hal_tim.o
                0x08005a48                HAL_TIM_Encoder_Init
 .text.HAL_TIM_Encoder_Start
                0x08005b94      0x11c ./Drivers/STM32F4xx_HAL_Driver/Src/stm32f4xx_hal_tim.o
                0x08005b94                HAL_TIM_Encoder_Start
 .text.HAL_TIM_IRQHandler
                0x08005cb0      0x1e0 ./Drivers/STM32F4xx_HAL_Driver/Src/stm32f4xx_hal_tim.o
                0x08005cb0                HAL_TIM_IRQHandler
 .text.HAL_TIM_PWM_ConfigChannel
                0x08005e90      0x184 ./Drivers/STM32F4xx_HAL_Driver/Src/stm32f4xx_hal_tim.o
                0x08005e90                HAL_TIM_PWM_ConfigChannel
 .text.HAL_TIM_ConfigClockSource
                0x08006014      0x18e ./Drivers/STM32F4xx_HAL_Driver/Src/stm32f4xx_hal_tim.o
                0x08006014                HAL_TIM_ConfigClockSource
 .text.HAL_TIM_OC_DelayElapsedCallback
                0x080061a2       0x14 ./Drivers/STM32F4xx_HAL_Driver/Src/stm32f4xx_hal_tim.o
                0x080061a2                HAL_TIM_OC_DelayElapsedCallback
 .text.HAL_TIM_IC_CaptureCallback
                0x080061b6       0x14 ./Drivers/STM32F4xx_HAL_Driver/Src/stm32f4xx_hal_tim.o
                0x080061b6                HAL_TIM_IC_CaptureCallback
 .text.HAL_TIM_PWM_PulseFinishedCallback
                0x080061ca       0x14 ./Drivers/STM32F4xx_HAL_Driver/Src/stm32f4xx_hal_tim.o
                0x080061ca                HAL_TIM_PWM_PulseFinishedCallback
 .text.HAL_TIM_TriggerCallback
                0x080061de       0x14 ./Drivers/STM32F4xx_HAL_Driver/Src/stm32f4xx_hal_tim.o
                0x080061de                HAL_TIM_TriggerCallback
 *fill*         0x080061f2        0x2 
 .text.TIM_Base_SetConfig
                0x080061f4      0x158 ./Drivers/STM32F4xx_HAL_Driver/Src/stm32f4xx_hal_tim.o
                0x080061f4                TIM_Base_SetConfig
 .text.TIM_OC1_SetConfig
                0x0800634c       0xe0 ./Drivers/STM32F4xx_HAL_Driver/Src/stm32f4xx_hal_tim.o
 .text.TIM_OC2_SetConfig
                0x0800642c       0xec ./Drivers/STM32F4xx_HAL_Driver/Src/stm32f4xx_hal_tim.o
                0x0800642c                TIM_OC2_SetConfig
 .text.TIM_OC3_SetConfig
                0x08006518       0xe8 ./Drivers/STM32F4xx_HAL_Driver/Src/stm32f4xx_hal_tim.o
 .text.TIM_OC4_SetConfig
                0x08006600       0xac ./Drivers/STM32F4xx_HAL_Driver/Src/stm32f4xx_hal_tim.o
 .text.TIM_TI1_ConfigInputStage
                0x080066ac       0x5e ./Drivers/STM32F4xx_HAL_Driver/Src/stm32f4xx_hal_tim.o
 .text.TIM_TI2_ConfigInputStage
                0x0800670a       0x60 ./Drivers/STM32F4xx_HAL_Driver/Src/stm32f4xx_hal_tim.o
 .text.TIM_ITRx_SetConfig
                0x0800676a       0x36 ./Drivers/STM32F4xx_HAL_Driver/Src/stm32f4xx_hal_tim.o
 .text.TIM_ETR_SetConfig
                0x080067a0       0x40 ./Drivers/STM32F4xx_HAL_Driver/Src/stm32f4xx_hal_tim.o
                0x080067a0                TIM_ETR_SetConfig
 .text.TIM_CCxChannelCmd
                0x080067e0       0x4a ./Drivers/STM32F4xx_HAL_Driver/Src/stm32f4xx_hal_tim.o
                0x080067e0                TIM_CCxChannelCmd
 *fill*         0x0800682a        0x2 
 .text.HAL_TIMEx_MasterConfigSynchronization
                0x0800682c       0xf8 ./Drivers/STM32F4xx_HAL_Driver/Src/stm32f4xx_hal_tim_ex.o
                0x0800682c                HAL_TIMEx_MasterConfigSynchronization
 .text.HAL_TIMEx_ConfigBreakDeadTime
                0x08006924       0xa4 ./Drivers/STM32F4xx_HAL_Driver/Src/stm32f4xx_hal_tim_ex.o
                0x08006924                HAL_TIMEx_ConfigBreakDeadTime
 .text.HAL_TIMEx_CommutCallback
                0x080069c8       0x14 ./Drivers/STM32F4xx_HAL_Driver/Src/stm32f4xx_hal_tim_ex.o
                0x080069c8                HAL_TIMEx_CommutCallback
 .text.HAL_TIMEx_BreakCallback
                0x080069dc       0x14 ./Drivers/STM32F4xx_HAL_Driver/Src/stm32f4xx_hal_tim_ex.o
                0x080069dc                HAL_TIMEx_BreakCallback
 .text.HAL_UART_Init
                0x080069f0       0xa0 ./Drivers/STM32F4xx_HAL_Driver/Src/stm32f4xx_hal_uart.o
                0x080069f0                HAL_UART_Init
 .text.HAL_UART_Transmit_DMA
                0x08006a90       0xe0 ./Drivers/STM32F4xx_HAL_Driver/Src/stm32f4xx_hal_uart.o
                0x08006a90                HAL_UART_Transmit_DMA
 .text.HAL_UARTEx_ReceiveToIdle_DMA
                0x08006b70       0xba ./Drivers/STM32F4xx_HAL_Driver/Src/stm32f4xx_hal_uart.o
                0x08006b70                HAL_UARTEx_ReceiveToIdle_DMA
 *fill*         0x08006c2a        0x2 
 .text.HAL_UART_IRQHandler
                0x08006c2c      0x524 ./Drivers/STM32F4xx_HAL_Driver/Src/stm32f4xx_hal_uart.o
                0x08006c2c                HAL_UART_IRQHandler
 .text.HAL_UART_TxCpltCallback
                0x08007150       0x14 ./Drivers/STM32F4xx_HAL_Driver/Src/stm32f4xx_hal_uart.o
                0x08007150                HAL_UART_TxCpltCallback
 .text.HAL_UART_TxHalfCpltCallback
                0x08007164       0x14 ./Drivers/STM32F4xx_HAL_Driver/Src/stm32f4xx_hal_uart.o
                0x08007164                HAL_UART_TxHalfCpltCallback
 .text.HAL_UART_RxCpltCallback
                0x08007178       0x14 ./Drivers/STM32F4xx_HAL_Driver/Src/stm32f4xx_hal_uart.o
                0x08007178                HAL_UART_RxCpltCallback
 .text.HAL_UART_RxHalfCpltCallback
                0x0800718c       0x14 ./Drivers/STM32F4xx_HAL_Driver/Src/stm32f4xx_hal_uart.o
                0x0800718c                HAL_UART_RxHalfCpltCallback
 .text.HAL_UART_ErrorCallback
                0x080071a0       0x14 ./Drivers/STM32F4xx_HAL_Driver/Src/stm32f4xx_hal_uart.o
                0x080071a0                HAL_UART_ErrorCallback
 .text.UART_DMATransmitCplt
                0x080071b4       0x9a ./Drivers/STM32F4xx_HAL_Driver/Src/stm32f4xx_hal_uart.o
 .text.UART_DMATxHalfCplt
                0x0800724e       0x1c ./Drivers/STM32F4xx_HAL_Driver/Src/stm32f4xx_hal_uart.o
 .text.UART_DMAReceiveCplt
                0x0800726a      0x12c ./Drivers/STM32F4xx_HAL_Driver/Src/stm32f4xx_hal_uart.o
 .text.UART_DMARxHalfCplt
                0x08007396       0x3c ./Drivers/STM32F4xx_HAL_Driver/Src/stm32f4xx_hal_uart.o
 .text.UART_DMAError
                0x080073d2       0x94 ./Drivers/STM32F4xx_HAL_Driver/Src/stm32f4xx_hal_uart.o
 *fill*         0x08007466        0x2 
 .text.UART_Start_Receive_DMA
                0x08007468      0x134 ./Drivers/STM32F4xx_HAL_Driver/Src/stm32f4xx_hal_uart.o
                0x08007468                UART_Start_Receive_DMA
 .text.UART_EndTxTransfer
                0x0800759c       0x50 ./Drivers/STM32F4xx_HAL_Driver/Src/stm32f4xx_hal_uart.o
 .text.UART_EndRxTransfer
                0x080075ec       0xc6 ./Drivers/STM32F4xx_HAL_Driver/Src/stm32f4xx_hal_uart.o
 .text.UART_DMAAbortOnError
                0x080076b2       0x28 ./Drivers/STM32F4xx_HAL_Driver/Src/stm32f4xx_hal_uart.o
 .text.UART_Transmit_IT
                0x080076da       0xa0 ./Drivers/STM32F4xx_HAL_Driver/Src/stm32f4xx_hal_uart.o
 .text.UART_EndTransmit_IT
                0x0800777a       0x30 ./Drivers/STM32F4xx_HAL_Driver/Src/stm32f4xx_hal_uart.o
 .text.UART_Receive_IT
                0x080077aa      0x17c ./Drivers/STM32F4xx_HAL_Driver/Src/stm32f4xx_hal_uart.o
 *fill*         0x08007926        0x2 
 .text.UART_SetConfig
                0x08007928      0x4e8 ./Drivers/STM32F4xx_HAL_Driver/Src/stm32f4xx_hal_uart.o
 .text.fmod     0x08007e10       0x5c C:/ST/STM32CubeIDE_1.16.0/STM32CubeIDE/plugins/com.st.stm32cube.ide.mcu.externaltools.gnu-tools-for-stm32.12.3.rel1.win32_1.0.200.202406191623/tools/bin/../lib/gcc/arm-none-eabi/12.3.1/../../../../arm-none-eabi/lib/thumb/v7e-m+fp/hard\libm.a(libm_a-w_fmod.o)
                0x08007e10                fmod
 *fill*         0x08007e6c        0x4 
 .text.floor    0x08007e70       0xf8 C:/ST/STM32CubeIDE_1.16.0/STM32CubeIDE/plugins/com.st.stm32cube.ide.mcu.externaltools.gnu-tools-for-stm32.12.3.rel1.win32_1.0.200.202406191623/tools/bin/../lib/gcc/arm-none-eabi/12.3.1/../../../../arm-none-eabi/lib/thumb/v7e-m+fp/hard\libm.a(libm_a-s_floor.o)
                0x08007e70                floor
 .text.__ieee754_fmod
                0x08007f68      0x214 C:/ST/STM32CubeIDE_1.16.0/STM32CubeIDE/plugins/com.st.stm32cube.ide.mcu.externaltools.gnu-tools-for-stm32.12.3.rel1.win32_1.0.200.202406191623/tools/bin/../lib/gcc/arm-none-eabi/12.3.1/../../../../arm-none-eabi/lib/thumb/v7e-m+fp/hard\libm.a(libm_a-e_fmod.o)
                0x08007f68                __ieee754_fmod
 .text.memset   0x0800817c       0x10 C:/ST/STM32CubeIDE_1.16.0/STM32CubeIDE/plugins/com.st.stm32cube.ide.mcu.externaltools.gnu-tools-for-stm32.12.3.rel1.win32_1.0.200.202406191623/tools/bin/../lib/gcc/arm-none-eabi/12.3.1/../../../../arm-none-eabi/lib/thumb/v7e-m+fp/hard\libc_nano.a(libc_a-memset.o)
                0x0800817c                memset
 .text.__errno  0x0800818c        0xc C:/ST/STM32CubeIDE_1.16.0/STM32CubeIDE/plugins/com.st.stm32cube.ide.mcu.externaltools.gnu-tools-for-stm32.12.3.rel1.win32_1.0.200.202406191623/tools/bin/../lib/gcc/arm-none-eabi/12.3.1/../../../../arm-none-eabi/lib/thumb/v7e-m+fp/hard\libc_nano.a(libc_a-errno.o)
                0x0800818c                __errno
 .text.__libc_init_array
                0x08008198       0x48 C:/ST/STM32CubeIDE_1.16.0/STM32CubeIDE/plugins/com.st.stm32cube.ide.mcu.externaltools.gnu-tools-for-stm32.12.3.rel1.win32_1.0.200.202406191623/tools/bin/../lib/gcc/arm-none-eabi/12.3.1/../../../../arm-none-eabi/lib/thumb/v7e-m+fp/hard\libc_nano.a(libc_a-init.o)
                0x08008198                __libc_init_array
 *(.glue_7)
 .glue_7        0x080081e0        0x0 linker stubs
 *(.glue_7t)
 .glue_7t       0x080081e0        0x0 linker stubs
 *(.eh_frame)
 .eh_frame      0x080081e0        0x0 C:/ST/STM32CubeIDE_1.16.0/STM32CubeIDE/plugins/com.st.stm32cube.ide.mcu.externaltools.gnu-tools-for-stm32.12.3.rel1.win32_1.0.200.202406191623/tools/bin/../lib/gcc/arm-none-eabi/12.3.1/thumb/v7e-m+fp/hard/crtbegin.o
 *(.init)
 .init          0x080081e0        0x4 C:/ST/STM32CubeIDE_1.16.0/STM32CubeIDE/plugins/com.st.stm32cube.ide.mcu.externaltools.gnu-tools-for-stm32.12.3.rel1.win32_1.0.200.202406191623/tools/bin/../lib/gcc/arm-none-eabi/12.3.1/thumb/v7e-m+fp/hard/crti.o
                0x080081e0                _init
 .init          0x080081e4        0x8 C:/ST/STM32CubeIDE_1.16.0/STM32CubeIDE/plugins/com.st.stm32cube.ide.mcu.externaltools.gnu-tools-for-stm32.12.3.rel1.win32_1.0.200.202406191623/tools/bin/../lib/gcc/arm-none-eabi/12.3.1/thumb/v7e-m+fp/hard/crtn.o
 *(.fini)
 .fini          0x080081ec        0x4 C:/ST/STM32CubeIDE_1.16.0/STM32CubeIDE/plugins/com.st.stm32cube.ide.mcu.externaltools.gnu-tools-for-stm32.12.3.rel1.win32_1.0.200.202406191623/tools/bin/../lib/gcc/arm-none-eabi/12.3.1/thumb/v7e-m+fp/hard/crti.o
                0x080081ec                _fini
 .fini          0x080081f0        0x8 C:/ST/STM32CubeIDE_1.16.0/STM32CubeIDE/plugins/com.st.stm32cube.ide.mcu.externaltools.gnu-tools-for-stm32.12.3.rel1.win32_1.0.200.202406191623/tools/bin/../lib/gcc/arm-none-eabi/12.3.1/thumb/v7e-m+fp/hard/crtn.o
                0x080081f8                        . = ALIGN (0x4)
                0x080081f8                        _etext = .

.vfp11_veneer   0x080081f8        0x0
 .vfp11_veneer  0x080081f8        0x0 linker stubs

.v4_bx          0x080081f8        0x0
 .v4_bx         0x080081f8        0x0 linker stubs

.iplt           0x080081f8        0x0
 .iplt          0x080081f8        0x0 C:/ST/STM32CubeIDE_1.16.0/STM32CubeIDE/plugins/com.st.stm32cube.ide.mcu.externaltools.gnu-tools-for-stm32.12.3.rel1.win32_1.0.200.202406191623/tools/bin/../lib/gcc/arm-none-eabi/12.3.1/thumb/v7e-m+fp/hard/crtbegin.o

.rodata         0x080081f8       0x40
                0x080081f8                        . = ALIGN (0x4)
 *(.rodata)
 .rodata        0x080081f8       0x10 ./Core/Src/callBacks.o
 *(.rodata*)
 .rodata.AHBPrescTable
                0x08008208       0x10 ./Core/Src/system_stm32f4xx.o
                0x08008208                AHBPrescTable
 .rodata.APBPrescTable
                0x08008218        0x8 ./Core/Src/system_stm32f4xx.o
                0x08008218                APBPrescTable
 .rodata.flagBitshiftOffset.0
                0x08008220        0x8 ./Drivers/STM32F4xx_HAL_Driver/Src/stm32f4xx_hal_dma.o
 .rodata.Zero   0x08008228       0x10 C:/ST/STM32CubeIDE_1.16.0/STM32CubeIDE/plugins/com.st.stm32cube.ide.mcu.externaltools.gnu-tools-for-stm32.12.3.rel1.win32_1.0.200.202406191623/tools/bin/../lib/gcc/arm-none-eabi/12.3.1/../../../../arm-none-eabi/lib/thumb/v7e-m+fp/hard\libm.a(libm_a-e_fmod.o)
                0x08008238                        . = ALIGN (0x4)

.ARM.extab      0x08008238        0x0
                0x08008238                        . = ALIGN (0x4)
 *(.ARM.extab* .gnu.linkonce.armextab.*)
                0x08008238                        . = ALIGN (0x4)

.ARM            0x08008238        0x8
                0x08008238                        . = ALIGN (0x4)
                0x08008238                        __exidx_start = .
 *(.ARM.exidx*)
 .ARM.exidx     0x08008238        0x8 C:/ST/STM32CubeIDE_1.16.0/STM32CubeIDE/plugins/com.st.stm32cube.ide.mcu.externaltools.gnu-tools-for-stm32.12.3.rel1.win32_1.0.200.202406191623/tools/bin/../lib/gcc/arm-none-eabi/12.3.1/thumb/v7e-m+fp/hard\libgcc.a(_udivmoddi4.o)
                0x08008240                        __exidx_end = .
                0x08008240                        . = ALIGN (0x4)

.preinit_array  0x08008240        0x0
                0x08008240                        . = ALIGN (0x4)
                0x08008240                        PROVIDE (__preinit_array_start = .)
 *(.preinit_array*)
                0x08008240                        PROVIDE (__preinit_array_end = .)
                0x08008240                        . = ALIGN (0x4)

.init_array     0x08008240        0x4
                0x08008240                        . = ALIGN (0x4)
                0x08008240                        PROVIDE (__init_array_start = .)
 *(SORT_BY_NAME(.init_array.*))
 *(.init_array*)
 .init_array    0x08008240        0x4 C:/ST/STM32CubeIDE_1.16.0/STM32CubeIDE/plugins/com.st.stm32cube.ide.mcu.externaltools.gnu-tools-for-stm32.12.3.rel1.win32_1.0.200.202406191623/tools/bin/../lib/gcc/arm-none-eabi/12.3.1/thumb/v7e-m+fp/hard/crtbegin.o
                0x08008244                        PROVIDE (__init_array_end = .)
                0x08008244                        . = ALIGN (0x4)

.fini_array     0x08008244        0x4
                0x08008244                        . = ALIGN (0x4)
                [!provide]                        PROVIDE (__fini_array_start = .)
 *(SORT_BY_NAME(.fini_array.*))
 *(.fini_array*)
 .fini_array    0x08008244        0x4 C:/ST/STM32CubeIDE_1.16.0/STM32CubeIDE/plugins/com.st.stm32cube.ide.mcu.externaltools.gnu-tools-for-stm32.12.3.rel1.win32_1.0.200.202406191623/tools/bin/../lib/gcc/arm-none-eabi/12.3.1/thumb/v7e-m+fp/hard/crtbegin.o
                [!provide]                        PROVIDE (__fini_array_end = .)
                0x08008248                        . = ALIGN (0x4)
                0x08008248                        _sidata = LOADADDR (.data)

.rel.dyn        0x08008248        0x0
 .rel.iplt      0x08008248        0x0 C:/ST/STM32CubeIDE_1.16.0/STM32CubeIDE/plugins/com.st.stm32cube.ide.mcu.externaltools.gnu-tools-for-stm32.12.3.rel1.win32_1.0.200.202406191623/tools/bin/../lib/gcc/arm-none-eabi/12.3.1/thumb/v7e-m+fp/hard/crtbegin.o

.data           0x20000000       0xb0 load address 0x08008248
                0x20000000                        . = ALIGN (0x4)
                0x20000000                        _sdata = .
 *(.data)
 *(.data*)
 .data.kp       0x20000000        0x4 ./Core/Src/callBacks.o
                0x20000000                kp
 .data.ki       0x20000004        0x4 ./Core/Src/callBacks.o
                0x20000004                ki
 .data.kd       0x20000008        0x4 ./Core/Src/callBacks.o
                0x20000008                kd
 .data.count_num_left_past
                0x2000000c        0x2 ./Core/Src/motor.o
                0x2000000c                count_num_left_past
 .data.count_num_right_past
                0x2000000e        0x2 ./Core/Src/motor.o
                0x2000000e                count_num_right_past
 .data.Servo1   0x20000010        0x4 ./Core/Src/servo.o
                0x20000010                Servo1
 .data.Servo1_Channel
                0x20000014        0x4 ./Core/Src/servo.o
                0x20000014                Servo1_Channel
 .data.Servo2   0x20000018        0x4 ./Core/Src/servo.o
                0x20000018                Servo2
 .data.Servo3   0x2000001c        0x4 ./Core/Src/servo.o
                0x2000001c                Servo3
 .data.Servo3_Channel
                0x20000020        0x4 ./Core/Src/servo.o
                0x20000020                Servo3_Channel
 .data.SystemCoreClock
                0x20000024        0x4 ./Core/Src/system_stm32f4xx.o
                0x20000024                SystemCoreClock
 .data.ultraSonicFront
                0x20000028       0x10 ./Core/Src/ultraSonic.o
                0x20000028                ultraSonicFront
 .data.ultraSonicLeft
                0x20000038       0x10 ./Core/Src/ultraSonic.o
                0x20000038                ultraSonicLeft
 .data.ultraSonicRight
                0x20000048       0x10 ./Core/Src/ultraSonic.o
                0x20000048                ultraSonicRight
 .data.uwTickPrio
                0x20000058        0x4 ./Drivers/STM32F4xx_HAL_Driver/Src/stm32f4xx_hal.o
                0x20000058                uwTickPrio
 .data.uwTickFreq
                0x2000005c        0x1 ./Drivers/STM32F4xx_HAL_Driver/Src/stm32f4xx_hal.o
                0x2000005c                uwTickFreq
 *fill*         0x2000005d        0x3 
 .data._impure_ptr
                0x20000060        0x4 C:/ST/STM32CubeIDE_1.16.0/STM32CubeIDE/plugins/com.st.stm32cube.ide.mcu.externaltools.gnu-tools-for-stm32.12.3.rel1.win32_1.0.200.202406191623/tools/bin/../lib/gcc/arm-none-eabi/12.3.1/../../../../arm-none-eabi/lib/thumb/v7e-m+fp/hard\libc_nano.a(libc_a-impure.o)
                0x20000060                _impure_ptr
 .data._impure_data
                0x20000064       0x4c C:/ST/STM32CubeIDE_1.16.0/STM32CubeIDE/plugins/com.st.stm32cube.ide.mcu.externaltools.gnu-tools-for-stm32.12.3.rel1.win32_1.0.200.202406191623/tools/bin/../lib/gcc/arm-none-eabi/12.3.1/../../../../arm-none-eabi/lib/thumb/v7e-m+fp/hard\libc_nano.a(libc_a-impure.o)
                0x20000064                _impure_data
 *(.RamFunc)
 *(.RamFunc*)
                0x200000b0                        . = ALIGN (0x4)
                0x200000b0                        _edata = .
                0x080082f8                        _siccmram = LOADADDR (.ccmram)

.igot.plt       0x200000b0        0x0 load address 0x080082f8
 .igot.plt      0x200000b0        0x0 C:/ST/STM32CubeIDE_1.16.0/STM32CubeIDE/plugins/com.st.stm32cube.ide.mcu.externaltools.gnu-tools-for-stm32.12.3.rel1.win32_1.0.200.202406191623/tools/bin/../lib/gcc/arm-none-eabi/12.3.1/thumb/v7e-m+fp/hard/crtbegin.o

.ccmram         0x10000000        0x0 load address 0x080082f8
                0x10000000                        . = ALIGN (0x4)
                0x10000000                        _sccmram = .
 *(.ccmram)
 *(.ccmram*)
                0x10000000                        . = ALIGN (0x4)
                0x10000000                        _eccmram = .
                0x10000000                        . = ALIGN (0x4)

.bss            0x200000b0      0x918
                0x200000b0                        _sbss = .
                0x200000b0                        __bss_start__ = _sbss
 *(.bss)
 .bss           0x200000b0       0x1c C:/ST/STM32CubeIDE_1.16.0/STM32CubeIDE/plugins/com.st.stm32cube.ide.mcu.externaltools.gnu-tools-for-stm32.12.3.rel1.win32_1.0.200.202406191623/tools/bin/../lib/gcc/arm-none-eabi/12.3.1/thumb/v7e-m+fp/hard/crtbegin.o
 *(.bss*)
 .bss.preScaller
                0x200000cc        0x4 ./Core/Src/callBacks.o
                0x200000cc                preScaller
 .bss.spin      0x200000d0        0x4 ./Core/Src/callBacks.o
                0x200000d0                spin
 .bss.dt        0x200000d4        0x4 ./Core/Src/callBacks.o
                0x200000d4                dt
 .bss.pulseLeft
                0x200000d8        0x4 ./Core/Src/callBacks.o
                0x200000d8                pulseLeft
 .bss.pulseRight
                0x200000dc        0x4 ./Core/Src/callBacks.o
                0x200000dc                pulseRight
 .bss.leftError
                0x200000e0        0x4 ./Core/Src/callBacks.o
                0x200000e0                leftError
 .bss.rightError
                0x200000e4        0x4 ./Core/Src/callBacks.o
                0x200000e4                rightError
 .bss.error_last_left
                0x200000e8        0x4 ./Core/Src/callBacks.o
                0x200000e8                error_last_left
 .bss.error_before_left
                0x200000ec        0x4 ./Core/Src/callBacks.o
                0x200000ec                error_before_left
 .bss.error_last_right
                0x200000f0        0x4 ./Core/Src/callBacks.o
                0x200000f0                error_last_right
 .bss.error_before_right
                0x200000f4        0x4 ./Core/Src/callBacks.o
                0x200000f4                error_before_right
 .bss.cRt       0x200000f8      0x200 ./Core/Src/callBacks.o
                0x200000f8                cRt
 .bss.currentRpm_left
                0x200002f8        0x4 ./Core/Src/callBacks.o
                0x200002f8                currentRpm_left
 .bss.currentRpm_right
                0x200002fc        0x4 ./Core/Src/callBacks.o
                0x200002fc                currentRpm_right
 .bss.ultraLoop
                0x20000300        0x4 ./Core/Src/callBacks.o
                0x20000300                ultraLoop
 .bss.hiwdg     0x20000304        0xc ./Core/Src/iwdg.o
                0x20000304                hiwdg
 .bss.rpmRight  0x20000310        0x4 ./Core/Src/main.o
                0x20000310                rpmRight
 .bss.rpmLeft   0x20000314        0x4 ./Core/Src/main.o
                0x20000314                rpmLeft
 .bss.deriSpeed
                0x20000318        0x4 ./Core/Src/main.o
                0x20000318                deriSpeed
 .bss.centralSpeed
                0x2000031c        0x4 ./Core/Src/main.o
                0x2000031c                centralSpeed
 .bss.rxDataBT  0x20000320       0x32 ./Core/Src/main.o
                0x20000320                rxDataBT
 *fill*         0x20000352        0x2 
 .bss.rxDataOp  0x20000354       0x32 ./Core/Src/main.o
                0x20000354                rxDataOp
 *fill*         0x20000386        0x2 
 .bss.countnum_rightcircuance
                0x20000388        0x4 ./Core/Src/main.o
                0x20000388                countnum_rightcircuance
 .bss.countnum_leftcircuance
                0x2000038c        0x4 ./Core/Src/main.o
                0x2000038c                countnum_leftcircuance
 .bss.mode      0x20000390        0x4 ./Core/Src/main.o
                0x20000390                mode
 .bss.craw_state
                0x20000394        0x4 ./Core/Src/main.o
                0x20000394                craw_state
 .bss.is_crawed
                0x20000398        0x4 ./Core/Src/main.o
                0x20000398                is_crawed
 .bss.is_put    0x2000039c        0x4 ./Core/Src/main.o
                0x2000039c                is_put
 .bss.Servo2_Channel
                0x200003a0        0x4 ./Core/Src/servo.o
                0x200003a0                Servo2_Channel
 .bss.htim1     0x200003a4       0x48 ./Core/Src/tim.o
                0x200003a4                htim1
 .bss.htim2     0x200003ec       0x48 ./Core/Src/tim.o
                0x200003ec                htim2
 .bss.htim3     0x20000434       0x48 ./Core/Src/tim.o
                0x20000434                htim3
 .bss.htim4     0x2000047c       0x48 ./Core/Src/tim.o
                0x2000047c                htim4
 .bss.htim5     0x200004c4       0x48 ./Core/Src/tim.o
                0x200004c4                htim5
 .bss.htim6     0x2000050c       0x48 ./Core/Src/tim.o
                0x2000050c                htim6
 .bss.htim7     0x20000554       0x48 ./Core/Src/tim.o
                0x20000554                htim7
 .bss.htim8     0x2000059c       0x48 ./Core/Src/tim.o
                0x2000059c                htim8
 .bss.htim10    0x200005e4       0x48 ./Core/Src/tim.o
                0x200005e4                htim10
 .bss.htim12    0x2000062c       0x48 ./Core/Src/tim.o
                0x2000062c                htim12
 .bss.distanceLeft
                0x20000674        0x2 ./Core/Src/ultraSonic.o
                0x20000674                distanceLeft
 .bss.distanceRight
                0x20000676        0x2 ./Core/Src/ultraSonic.o
                0x20000676                distanceRight
 .bss.distanceFront
                0x20000678        0x2 ./Core/Src/ultraSonic.o
                0x20000678                distanceFront
 *fill*         0x2000067a        0x2 
 .bss.huart4    0x2000067c       0x48 ./Core/Src/usart.o
                0x2000067c                huart4
 .bss.huart5    0x200006c4       0x48 ./Core/Src/usart.o
                0x200006c4                huart5
 .bss.hdma_uart4_rx
                0x2000070c       0x60 ./Core/Src/usart.o
                0x2000070c                hdma_uart4_rx
 .bss.hdma_uart4_tx
                0x2000076c       0x60 ./Core/Src/usart.o
                0x2000076c                hdma_uart4_tx
 .bss.hdma_uart5_rx
                0x200007cc       0x60 ./Core/Src/usart.o
                0x200007cc                hdma_uart5_rx
 .bss.hdma_uart5_tx
                0x2000082c       0x60 ./Core/Src/usart.o
                0x2000082c                hdma_uart5_tx
 .bss.uwTick    0x2000088c        0x4 ./Drivers/STM32F4xx_HAL_Driver/Src/stm32f4xx_hal.o
                0x2000088c                uwTick
 .bss.__sf      0x20000890      0x138 C:/ST/STM32CubeIDE_1.16.0/STM32CubeIDE/plugins/com.st.stm32cube.ide.mcu.externaltools.gnu-tools-for-stm32.12.3.rel1.win32_1.0.200.202406191623/tools/bin/../lib/gcc/arm-none-eabi/12.3.1/../../../../arm-none-eabi/lib/thumb/v7e-m+fp/hard\libc_nano.a(libc_a-findfp.o)
                0x20000890                __sf
 *(COMMON)
                0x200009c8                        . = ALIGN (0x4)
                0x200009c8                        _ebss = .
                0x200009c8                        __bss_end__ = _ebss

._user_heap_stack
                0x200009c8      0x600
                0x200009c8                        . = ALIGN (0x8)
                [!provide]                        PROVIDE (end = .)
                0x200009c8                        PROVIDE (_end = .)
                0x20000bc8                        . = (. + _Min_Heap_Size)
 *fill*         0x200009c8      0x200 
                0x20000fc8                        . = (. + _Min_Stack_Size)
 *fill*         0x20000bc8      0x400 
                0x20000fc8                        . = ALIGN (0x8)

/DISCARD/
 libc.a(*)
 libm.a(*)
 libgcc.a(*)

.ARM.attributes
                0x00000000       0x30
 *(.ARM.attributes)
 .ARM.attributes
                0x00000000       0x22 C:/ST/STM32CubeIDE_1.16.0/STM32CubeIDE/plugins/com.st.stm32cube.ide.mcu.externaltools.gnu-tools-for-stm32.12.3.rel1.win32_1.0.200.202406191623/tools/bin/../lib/gcc/arm-none-eabi/12.3.1/thumb/v7e-m+fp/hard/crti.o
 .ARM.attributes
                0x00000022       0x34 C:/ST/STM32CubeIDE_1.16.0/STM32CubeIDE/plugins/com.st.stm32cube.ide.mcu.externaltools.gnu-tools-for-stm32.12.3.rel1.win32_1.0.200.202406191623/tools/bin/../lib/gcc/arm-none-eabi/12.3.1/thumb/v7e-m+fp/hard/crtbegin.o
 .ARM.attributes
                0x00000056       0x34 ./Core/Src/callBacks.o
 .ARM.attributes
                0x0000008a       0x34 ./Core/Src/dma.o
 .ARM.attributes
                0x000000be       0x34 ./Core/Src/float_uint8.o
 .ARM.attributes
                0x000000f2       0x34 ./Core/Src/gpio.o
 .ARM.attributes
                0x00000126       0x34 ./Core/Src/iwdg.o
 .ARM.attributes
                0x0000015a       0x34 ./Core/Src/main.o
 .ARM.attributes
                0x0000018e       0x34 ./Core/Src/motor.o
 .ARM.attributes
                0x000001c2       0x34 ./Core/Src/servo.o
 .ARM.attributes
                0x000001f6       0x34 ./Core/Src/stm32f4xx_hal_msp.o
 .ARM.attributes
                0x0000022a       0x34 ./Core/Src/stm32f4xx_it.o
 .ARM.attributes
                0x0000025e       0x34 ./Core/Src/system_stm32f4xx.o
 .ARM.attributes
                0x00000292       0x34 ./Core/Src/tim.o
 .ARM.attributes
                0x000002c6       0x34 ./Core/Src/timersInit.o
 .ARM.attributes
                0x000002fa       0x34 ./Core/Src/ultraSonic.o
 .ARM.attributes
                0x0000032e       0x34 ./Core/Src/usart.o
 .ARM.attributes
                0x00000362       0x21 ./Core/Startup/startup_stm32f407zgtx.o
 .ARM.attributes
                0x00000383       0x34 ./Drivers/STM32F4xx_HAL_Driver/Src/stm32f4xx_hal.o
 .ARM.attributes
                0x000003b7       0x34 ./Drivers/STM32F4xx_HAL_Driver/Src/stm32f4xx_hal_cortex.o
 .ARM.attributes
                0x000003eb       0x34 ./Drivers/STM32F4xx_HAL_Driver/Src/stm32f4xx_hal_dma.o
 .ARM.attributes
                0x0000041f       0x34 ./Drivers/STM32F4xx_HAL_Driver/Src/stm32f4xx_hal_gpio.o
 .ARM.attributes
                0x00000453       0x34 ./Drivers/STM32F4xx_HAL_Driver/Src/stm32f4xx_hal_iwdg.o
 .ARM.attributes
                0x00000487       0x34 ./Drivers/STM32F4xx_HAL_Driver/Src/stm32f4xx_hal_rcc.o
 .ARM.attributes
                0x000004bb       0x34 ./Drivers/STM32F4xx_HAL_Driver/Src/stm32f4xx_hal_tim.o
 .ARM.attributes
                0x000004ef       0x34 ./Drivers/STM32F4xx_HAL_Driver/Src/stm32f4xx_hal_tim_ex.o
 .ARM.attributes
                0x00000523       0x34 ./Drivers/STM32F4xx_HAL_Driver/Src/stm32f4xx_hal_uart.o
 .ARM.attributes
                0x00000557       0x34 C:/ST/STM32CubeIDE_1.16.0/STM32CubeIDE/plugins/com.st.stm32cube.ide.mcu.externaltools.gnu-tools-for-stm32.12.3.rel1.win32_1.0.200.202406191623/tools/bin/../lib/gcc/arm-none-eabi/12.3.1/../../../../arm-none-eabi/lib/thumb/v7e-m+fp/hard\libm.a(libm_a-w_fmod.o)
 .ARM.attributes
                0x0000058b       0x34 C:/ST/STM32CubeIDE_1.16.0/STM32CubeIDE/plugins/com.st.stm32cube.ide.mcu.externaltools.gnu-tools-for-stm32.12.3.rel1.win32_1.0.200.202406191623/tools/bin/../lib/gcc/arm-none-eabi/12.3.1/../../../../arm-none-eabi/lib/thumb/v7e-m+fp/hard\libm.a(libm_a-s_floor.o)
 .ARM.attributes
                0x000005bf       0x34 C:/ST/STM32CubeIDE_1.16.0/STM32CubeIDE/plugins/com.st.stm32cube.ide.mcu.externaltools.gnu-tools-for-stm32.12.3.rel1.win32_1.0.200.202406191623/tools/bin/../lib/gcc/arm-none-eabi/12.3.1/../../../../arm-none-eabi/lib/thumb/v7e-m+fp/hard\libm.a(libm_a-e_fmod.o)
 .ARM.attributes
                0x000005f3       0x34 C:/ST/STM32CubeIDE_1.16.0/STM32CubeIDE/plugins/com.st.stm32cube.ide.mcu.externaltools.gnu-tools-for-stm32.12.3.rel1.win32_1.0.200.202406191623/tools/bin/../lib/gcc/arm-none-eabi/12.3.1/../../../../arm-none-eabi/lib/thumb/v7e-m+fp/hard\libc_nano.a(libc_a-findfp.o)
 .ARM.attributes
                0x00000627       0x34 C:/ST/STM32CubeIDE_1.16.0/STM32CubeIDE/plugins/com.st.stm32cube.ide.mcu.externaltools.gnu-tools-for-stm32.12.3.rel1.win32_1.0.200.202406191623/tools/bin/../lib/gcc/arm-none-eabi/12.3.1/../../../../arm-none-eabi/lib/thumb/v7e-m+fp/hard\libc_nano.a(libc_a-memset.o)
 .ARM.attributes
                0x0000065b       0x34 C:/ST/STM32CubeIDE_1.16.0/STM32CubeIDE/plugins/com.st.stm32cube.ide.mcu.externaltools.gnu-tools-for-stm32.12.3.rel1.win32_1.0.200.202406191623/tools/bin/../lib/gcc/arm-none-eabi/12.3.1/../../../../arm-none-eabi/lib/thumb/v7e-m+fp/hard\libc_nano.a(libc_a-impure.o)
 .ARM.attributes
                0x0000068f       0x34 C:/ST/STM32CubeIDE_1.16.0/STM32CubeIDE/plugins/com.st.stm32cube.ide.mcu.externaltools.gnu-tools-for-stm32.12.3.rel1.win32_1.0.200.202406191623/tools/bin/../lib/gcc/arm-none-eabi/12.3.1/../../../../arm-none-eabi/lib/thumb/v7e-m+fp/hard\libc_nano.a(libc_a-errno.o)
 .ARM.attributes
                0x000006c3       0x34 C:/ST/STM32CubeIDE_1.16.0/STM32CubeIDE/plugins/com.st.stm32cube.ide.mcu.externaltools.gnu-tools-for-stm32.12.3.rel1.win32_1.0.200.202406191623/tools/bin/../lib/gcc/arm-none-eabi/12.3.1/../../../../arm-none-eabi/lib/thumb/v7e-m+fp/hard\libc_nano.a(libc_a-init.o)
 .ARM.attributes
                0x000006f7       0x22 C:/ST/STM32CubeIDE_1.16.0/STM32CubeIDE/plugins/com.st.stm32cube.ide.mcu.externaltools.gnu-tools-for-stm32.12.3.rel1.win32_1.0.200.202406191623/tools/bin/../lib/gcc/arm-none-eabi/12.3.1/thumb/v7e-m+fp/hard\libgcc.a(_arm_addsubdf3.o)
 .ARM.attributes
                0x00000719       0x22 C:/ST/STM32CubeIDE_1.16.0/STM32CubeIDE/plugins/com.st.stm32cube.ide.mcu.externaltools.gnu-tools-for-stm32.12.3.rel1.win32_1.0.200.202406191623/tools/bin/../lib/gcc/arm-none-eabi/12.3.1/thumb/v7e-m+fp/hard\libgcc.a(_arm_muldivdf3.o)
 .ARM.attributes
                0x0000073b       0x22 C:/ST/STM32CubeIDE_1.16.0/STM32CubeIDE/plugins/com.st.stm32cube.ide.mcu.externaltools.gnu-tools-for-stm32.12.3.rel1.win32_1.0.200.202406191623/tools/bin/../lib/gcc/arm-none-eabi/12.3.1/thumb/v7e-m+fp/hard\libgcc.a(_arm_cmpdf2.o)
 .ARM.attributes
                0x0000075d       0x22 C:/ST/STM32CubeIDE_1.16.0/STM32CubeIDE/plugins/com.st.stm32cube.ide.mcu.externaltools.gnu-tools-for-stm32.12.3.rel1.win32_1.0.200.202406191623/tools/bin/../lib/gcc/arm-none-eabi/12.3.1/thumb/v7e-m+fp/hard\libgcc.a(_arm_unorddf2.o)
 .ARM.attributes
                0x0000077f       0x22 C:/ST/STM32CubeIDE_1.16.0/STM32CubeIDE/plugins/com.st.stm32cube.ide.mcu.externaltools.gnu-tools-for-stm32.12.3.rel1.win32_1.0.200.202406191623/tools/bin/../lib/gcc/arm-none-eabi/12.3.1/thumb/v7e-m+fp/hard\libgcc.a(_arm_fixunsdfsi.o)
 .ARM.attributes
                0x000007a1       0x22 C:/ST/STM32CubeIDE_1.16.0/STM32CubeIDE/plugins/com.st.stm32cube.ide.mcu.externaltools.gnu-tools-for-stm32.12.3.rel1.win32_1.0.200.202406191623/tools/bin/../lib/gcc/arm-none-eabi/12.3.1/thumb/v7e-m+fp/hard\libgcc.a(_aeabi_uldivmod.o)
 .ARM.attributes
                0x000007c3       0x34 C:/ST/STM32CubeIDE_1.16.0/STM32CubeIDE/plugins/com.st.stm32cube.ide.mcu.externaltools.gnu-tools-for-stm32.12.3.rel1.win32_1.0.200.202406191623/tools/bin/../lib/gcc/arm-none-eabi/12.3.1/thumb/v7e-m+fp/hard\libgcc.a(_udivmoddi4.o)
 .ARM.attributes
                0x000007f7       0x22 C:/ST/STM32CubeIDE_1.16.0/STM32CubeIDE/plugins/com.st.stm32cube.ide.mcu.externaltools.gnu-tools-for-stm32.12.3.rel1.win32_1.0.200.202406191623/tools/bin/../lib/gcc/arm-none-eabi/12.3.1/thumb/v7e-m+fp/hard\libgcc.a(_dvmd_tls.o)
 .ARM.attributes
                0x00000819       0x22 C:/ST/STM32CubeIDE_1.16.0/STM32CubeIDE/plugins/com.st.stm32cube.ide.mcu.externaltools.gnu-tools-for-stm32.12.3.rel1.win32_1.0.200.202406191623/tools/bin/../lib/gcc/arm-none-eabi/12.3.1/thumb/v7e-m+fp/hard/crtn.o
OUTPUT(autoCAR.elf elf32-littlearm)
LOAD linker stubs
LOAD C:/ST/STM32CubeIDE_1.16.0/STM32CubeIDE/plugins/com.st.stm32cube.ide.mcu.externaltools.gnu-tools-for-stm32.12.3.rel1.win32_1.0.200.202406191623/tools/bin/../lib/gcc/arm-none-eabi/12.3.1/../../../../arm-none-eabi/lib/thumb/v7e-m+fp/hard\libc.a
LOAD C:/ST/STM32CubeIDE_1.16.0/STM32CubeIDE/plugins/com.st.stm32cube.ide.mcu.externaltools.gnu-tools-for-stm32.12.3.rel1.win32_1.0.200.202406191623/tools/bin/../lib/gcc/arm-none-eabi/12.3.1/../../../../arm-none-eabi/lib/thumb/v7e-m+fp/hard\libm.a
LOAD C:/ST/STM32CubeIDE_1.16.0/STM32CubeIDE/plugins/com.st.stm32cube.ide.mcu.externaltools.gnu-tools-for-stm32.12.3.rel1.win32_1.0.200.202406191623/tools/bin/../lib/gcc/arm-none-eabi/12.3.1/thumb/v7e-m+fp/hard\libgcc.a

.debug_info     0x00000000    0x12278
 .debug_info    0x00000000      0xd0d ./Core/Src/callBacks.o
 .debug_info    0x00000d0d      0x4ad ./Core/Src/dma.o
 .debug_info    0x000011ba      0x260 ./Core/Src/float_uint8.o
 .debug_info    0x0000141a      0x425 ./Core/Src/gpio.o
 .debug_info    0x0000183f      0x1b9 ./Core/Src/iwdg.o
 .debug_info    0x000019f8     0x1151 ./Core/Src/main.o
 .debug_info    0x00002b49      0xb2c ./Core/Src/motor.o
 .debug_info    0x00003675      0xb6c ./Core/Src/servo.o
 .debug_info    0x000041e1      0x269 ./Core/Src/stm32f4xx_hal_msp.o
 .debug_info    0x0000444a      0xa51 ./Core/Src/stm32f4xx_it.o
 .debug_info    0x00004e9b      0x512 ./Core/Src/system_stm32f4xx.o
 .debug_info    0x000053ad     0x13d4 ./Core/Src/tim.o
 .debug_info    0x00006781      0x700 ./Core/Src/timersInit.o
 .debug_info    0x00006e81      0x8c6 ./Core/Src/ultraSonic.o
 .debug_info    0x00007747      0xc6c ./Core/Src/usart.o
 .debug_info    0x000083b3       0x30 ./Core/Startup/startup_stm32f407zgtx.o
 .debug_info    0x000083e3      0x944 ./Drivers/STM32F4xx_HAL_Driver/Src/stm32f4xx_hal.o
 .debug_info    0x00008d27      0xd57 ./Drivers/STM32F4xx_HAL_Driver/Src/stm32f4xx_hal_cortex.o
 .debug_info    0x00009a7e      0x8e7 ./Drivers/STM32F4xx_HAL_Driver/Src/stm32f4xx_hal_dma.o
 .debug_info    0x0000a365      0x6c3 ./Drivers/STM32F4xx_HAL_Driver/Src/stm32f4xx_hal_gpio.o
 .debug_info    0x0000aa28      0x1d8 ./Drivers/STM32F4xx_HAL_Driver/Src/stm32f4xx_hal_iwdg.o
 .debug_info    0x0000ac00      0x8b1 ./Drivers/STM32F4xx_HAL_Driver/Src/stm32f4xx_hal_rcc.o
 .debug_info    0x0000b4b1     0x299d ./Drivers/STM32F4xx_HAL_Driver/Src/stm32f4xx_hal_tim.o
 .debug_info    0x0000de4e     0x14db ./Drivers/STM32F4xx_HAL_Driver/Src/stm32f4xx_hal_tim_ex.o
 .debug_info    0x0000f329     0x2f4f ./Drivers/STM32F4xx_HAL_Driver/Src/stm32f4xx_hal_uart.o

.debug_abbrev   0x00000000     0x2e9c
 .debug_abbrev  0x00000000      0x266 ./Core/Src/callBacks.o
 .debug_abbrev  0x00000266      0x10e ./Core/Src/dma.o
 .debug_abbrev  0x00000374       0xe6 ./Core/Src/float_uint8.o
 .debug_abbrev  0x0000045a      0x152 ./Core/Src/gpio.o
 .debug_abbrev  0x000005ac      0x128 ./Core/Src/iwdg.o
 .debug_abbrev  0x000006d4      0x292 ./Core/Src/main.o
 .debug_abbrev  0x00000966      0x23e ./Core/Src/motor.o
 .debug_abbrev  0x00000ba4      0x1f8 ./Core/Src/servo.o
 .debug_abbrev  0x00000d9c       0xd8 ./Core/Src/stm32f4xx_hal_msp.o
 .debug_abbrev  0x00000e74      0x1b6 ./Core/Src/stm32f4xx_it.o
 .debug_abbrev  0x0000102a      0x11a ./Core/Src/system_stm32f4xx.o
 .debug_abbrev  0x00001144      0x276 ./Core/Src/tim.o
 .debug_abbrev  0x000013ba      0x166 ./Core/Src/timersInit.o
 .debug_abbrev  0x00001520      0x1c5 ./Core/Src/ultraSonic.o
 .debug_abbrev  0x000016e5      0x234 ./Core/Src/usart.o
 .debug_abbrev  0x00001919       0x24 ./Core/Startup/startup_stm32f407zgtx.o
 .debug_abbrev  0x0000193d      0x214 ./Drivers/STM32F4xx_HAL_Driver/Src/stm32f4xx_hal.o
 .debug_abbrev  0x00001b51      0x328 ./Drivers/STM32F4xx_HAL_Driver/Src/stm32f4xx_hal_cortex.o
 .debug_abbrev  0x00001e79      0x264 ./Drivers/STM32F4xx_HAL_Driver/Src/stm32f4xx_hal_dma.o
 .debug_abbrev  0x000020dd      0x1d4 ./Drivers/STM32F4xx_HAL_Driver/Src/stm32f4xx_hal_gpio.o
 .debug_abbrev  0x000022b1      0x12c ./Drivers/STM32F4xx_HAL_Driver/Src/stm32f4xx_hal_iwdg.o
 .debug_abbrev  0x000023dd      0x2b6 ./Drivers/STM32F4xx_HAL_Driver/Src/stm32f4xx_hal_rcc.o
 .debug_abbrev  0x00002693      0x278 ./Drivers/STM32F4xx_HAL_Driver/Src/stm32f4xx_hal_tim.o
 .debug_abbrev  0x0000290b      0x283 ./Drivers/STM32F4xx_HAL_Driver/Src/stm32f4xx_hal_tim_ex.o
 .debug_abbrev  0x00002b8e      0x30e ./Drivers/STM32F4xx_HAL_Driver/Src/stm32f4xx_hal_uart.o

.debug_aranges  0x00000000      0xec8
 .debug_aranges
                0x00000000       0x28 ./Core/Src/callBacks.o
 .debug_aranges
                0x00000028       0x20 ./Core/Src/dma.o
 .debug_aranges
                0x00000048       0x28 ./Core/Src/float_uint8.o
 .debug_aranges
                0x00000070       0x20 ./Core/Src/gpio.o
 .debug_aranges
                0x00000090       0x20 ./Core/Src/iwdg.o
 .debug_aranges
                0x000000b0       0x30 ./Core/Src/main.o
 .debug_aranges
                0x000000e0       0x70 ./Core/Src/motor.o
 .debug_aranges
                0x00000150       0x78 ./Core/Src/servo.o
 .debug_aranges
                0x000001c8       0x20 ./Core/Src/stm32f4xx_hal_msp.o
 .debug_aranges
                0x000001e8       0xa0 ./Core/Src/stm32f4xx_it.o
 .debug_aranges
                0x00000288       0x28 ./Core/Src/system_stm32f4xx.o
 .debug_aranges
                0x000002b0       0x90 ./Core/Src/tim.o
 .debug_aranges
                0x00000340       0x20 ./Core/Src/timersInit.o
 .debug_aranges
                0x00000360       0x20 ./Core/Src/ultraSonic.o
 .debug_aranges
                0x00000380       0x38 ./Core/Src/usart.o
 .debug_aranges
                0x000003b8       0x28 ./Core/Startup/startup_stm32f407zgtx.o
 .debug_aranges
                0x000003e0       0xf0 ./Drivers/STM32F4xx_HAL_Driver/Src/stm32f4xx_hal.o
 .debug_aranges
                0x000004d0      0x120 ./Drivers/STM32F4xx_HAL_Driver/Src/stm32f4xx_hal_cortex.o
 .debug_aranges
                0x000005f0       0x90 ./Drivers/STM32F4xx_HAL_Driver/Src/stm32f4xx_hal_dma.o
 .debug_aranges
                0x00000680       0x58 ./Drivers/STM32F4xx_HAL_Driver/Src/stm32f4xx_hal_gpio.o
 .debug_aranges
                0x000006d8       0x28 ./Drivers/STM32F4xx_HAL_Driver/Src/stm32f4xx_hal_iwdg.o
 .debug_aranges
                0x00000700       0x88 ./Drivers/STM32F4xx_HAL_Driver/Src/stm32f4xx_hal_rcc.o
 .debug_aranges
                0x00000788      0x3d0 ./Drivers/STM32F4xx_HAL_Driver/Src/stm32f4xx_hal_tim.o
 .debug_aranges
                0x00000b58      0x168 ./Drivers/STM32F4xx_HAL_Driver/Src/stm32f4xx_hal_tim_ex.o
 .debug_aranges
                0x00000cc0      0x208 ./Drivers/STM32F4xx_HAL_Driver/Src/stm32f4xx_hal_uart.o

.debug_rnglists
                0x00000000      0xb63
 .debug_rnglists
                0x00000000       0x1b ./Core/Src/callBacks.o
 .debug_rnglists
                0x0000001b       0x13 ./Core/Src/dma.o
 .debug_rnglists
                0x0000002e       0x1b ./Core/Src/float_uint8.o
 .debug_rnglists
                0x00000049       0x14 ./Core/Src/gpio.o
 .debug_rnglists
                0x0000005d       0x13 ./Core/Src/iwdg.o
 .debug_rnglists
                0x00000070       0x21 ./Core/Src/main.o
 .debug_rnglists
                0x00000091       0x55 ./Core/Src/motor.o
 .debug_rnglists
                0x000000e6       0x58 ./Core/Src/servo.o
 .debug_rnglists
                0x0000013e       0x13 ./Core/Src/stm32f4xx_hal_msp.o
 .debug_rnglists
                0x00000151       0x73 ./Core/Src/stm32f4xx_it.o
 .debug_rnglists
                0x000001c4       0x1a ./Core/Src/system_stm32f4xx.o
 .debug_rnglists
                0x000001de       0x71 ./Core/Src/tim.o
 .debug_rnglists
                0x0000024f       0x13 ./Core/Src/timersInit.o
 .debug_rnglists
                0x00000262       0x14 ./Core/Src/ultraSonic.o
 .debug_rnglists
                0x00000276       0x27 ./Core/Src/usart.o
 .debug_rnglists
                0x0000029d       0x19 ./Core/Startup/startup_stm32f407zgtx.o
 .debug_rnglists
                0x000002b6       0xaf ./Drivers/STM32F4xx_HAL_Driver/Src/stm32f4xx_hal.o
 .debug_rnglists
                0x00000365       0xd4 ./Drivers/STM32F4xx_HAL_Driver/Src/stm32f4xx_hal_cortex.o
 .debug_rnglists
                0x00000439       0x70 ./Drivers/STM32F4xx_HAL_Driver/Src/stm32f4xx_hal_dma.o
 .debug_rnglists
                0x000004a9       0x3f ./Drivers/STM32F4xx_HAL_Driver/Src/stm32f4xx_hal_gpio.o
 .debug_rnglists
                0x000004e8       0x1a ./Drivers/STM32F4xx_HAL_Driver/Src/stm32f4xx_hal_iwdg.o
 .debug_rnglists
                0x00000502       0x66 ./Drivers/STM32F4xx_HAL_Driver/Src/stm32f4xx_hal_rcc.o
 .debug_rnglists
                0x00000568      0x31a ./Drivers/STM32F4xx_HAL_Driver/Src/stm32f4xx_hal_tim.o
 .debug_rnglists
                0x00000882      0x125 ./Drivers/STM32F4xx_HAL_Driver/Src/stm32f4xx_hal_tim_ex.o
 .debug_rnglists
                0x000009a7      0x1bc ./Drivers/STM32F4xx_HAL_Driver/Src/stm32f4xx_hal_uart.o

.debug_macro    0x00000000    0x22895
 .debug_macro   0x00000000      0x323 ./Core/Src/callBacks.o
 .debug_macro   0x00000323      0xab4 ./Core/Src/callBacks.o
 .debug_macro   0x00000dd7      0x2a1 ./Core/Src/callBacks.o
 .debug_macro   0x00001078       0x2e ./Core/Src/callBacks.o
 .debug_macro   0x000010a6       0x2f ./Core/Src/callBacks.o
 .debug_macro   0x000010d5       0x22 ./Core/Src/callBacks.o
 .debug_macro   0x000010f7       0x8e ./Core/Src/callBacks.o
 .debug_macro   0x00001185       0x51 ./Core/Src/callBacks.o
 .debug_macro   0x000011d6      0x103 ./Core/Src/callBacks.o
 .debug_macro   0x000012d9       0x6a ./Core/Src/callBacks.o
 .debug_macro   0x00001343      0x1df ./Core/Src/callBacks.o
 .debug_macro   0x00001522       0x1c ./Core/Src/callBacks.o
 .debug_macro   0x0000153e       0x22 ./Core/Src/callBacks.o
 .debug_macro   0x00001560       0xfb ./Core/Src/callBacks.o
 .debug_macro   0x0000165b     0x1011 ./Core/Src/callBacks.o
 .debug_macro   0x0000266c      0x11f ./Core/Src/callBacks.o
 .debug_macro   0x0000278b    0x15e97 ./Core/Src/callBacks.o
 .debug_macro   0x00018622       0x6d ./Core/Src/callBacks.o
 .debug_macro   0x0001868f     0x368c ./Core/Src/callBacks.o
 .debug_macro   0x0001bd1b      0x189 ./Core/Src/callBacks.o
 .debug_macro   0x0001bea4       0x5c ./Core/Src/callBacks.o
 .debug_macro   0x0001bf00      0x980 ./Core/Src/callBacks.o
 .debug_macro   0x0001c880      0x9e9 ./Core/Src/callBacks.o
 .debug_macro   0x0001d269      0x115 ./Core/Src/callBacks.o
 .debug_macro   0x0001d37e      0x13e ./Core/Src/callBacks.o
 .debug_macro   0x0001d4bc       0xa5 ./Core/Src/callBacks.o
 .debug_macro   0x0001d561      0x174 ./Core/Src/callBacks.o
 .debug_macro   0x0001d6d5      0x287 ./Core/Src/callBacks.o
 .debug_macro   0x0001d95c       0x5f ./Core/Src/callBacks.o
 .debug_macro   0x0001d9bb      0x236 ./Core/Src/callBacks.o
 .debug_macro   0x0001dbf1      0x12c ./Core/Src/callBacks.o
 .debug_macro   0x0001dd1d      0x21e ./Core/Src/callBacks.o
 .debug_macro   0x0001df3b       0x2e ./Core/Src/callBacks.o
 .debug_macro   0x0001df69       0x78 ./Core/Src/callBacks.o
 .debug_macro   0x0001dfe1      0x127 ./Core/Src/callBacks.o
 .debug_macro   0x0001e108       0x7e ./Core/Src/callBacks.o
 .debug_macro   0x0001e186       0x89 ./Core/Src/callBacks.o
 .debug_macro   0x0001e20f      0x8ed ./Core/Src/callBacks.o
 .debug_macro   0x0001eafc       0x4d ./Core/Src/callBacks.o
 .debug_macro   0x0001eb49      0x2aa ./Core/Src/callBacks.o
 .debug_macro   0x0001edf3      0x12d ./Core/Src/callBacks.o
 .debug_macro   0x0001ef20       0x7c ./Core/Src/callBacks.o
 .debug_macro   0x0001ef9c       0x61 ./Core/Src/callBacks.o
 .debug_macro   0x0001effd       0x2a ./Core/Src/callBacks.o
 .debug_macro   0x0001f027       0x43 ./Core/Src/callBacks.o
 .debug_macro   0x0001f06a       0x34 ./Core/Src/callBacks.o
 .debug_macro   0x0001f09e       0x16 ./Core/Src/callBacks.o
 .debug_macro   0x0001f0b4       0x43 ./Core/Src/callBacks.o
 .debug_macro   0x0001f0f7       0x34 ./Core/Src/callBacks.o
 .debug_macro   0x0001f12b       0x10 ./Core/Src/callBacks.o
 .debug_macro   0x0001f13b       0x58 ./Core/Src/callBacks.o
 .debug_macro   0x0001f193       0x8e ./Core/Src/callBacks.o
 .debug_macro   0x0001f221       0x1c ./Core/Src/callBacks.o
 .debug_macro   0x0001f23d      0x177 ./Core/Src/callBacks.o
 .debug_macro   0x0001f3b4      0x369 ./Core/Src/callBacks.o
 .debug_macro   0x0001f71d      0x19b ./Core/Src/callBacks.o
 .debug_macro   0x0001f8b8       0x16 ./Core/Src/callBacks.o
 .debug_macro   0x0001f8ce       0x35 ./Core/Src/callBacks.o
 .debug_macro   0x0001f903       0x20 ./Core/Src/callBacks.o
 .debug_macro   0x0001f923       0x40 ./Core/Src/callBacks.o
 .debug_macro   0x0001f963      0x1f1 ./Core/Src/dma.o
 .debug_macro   0x0001fb54      0x2cc ./Core/Src/float_uint8.o
 .debug_macro   0x0001fe20      0x1f1 ./Core/Src/gpio.o
 .debug_macro   0x00020011      0x1f1 ./Core/Src/iwdg.o
 .debug_macro   0x00020202      0x32e ./Core/Src/main.o
 .debug_macro   0x00020530       0x10 ./Core/Src/main.o
 .debug_macro   0x00020540      0x1fb ./Core/Src/motor.o
 .debug_macro   0x0002073b      0x21c ./Core/Src/servo.o
 .debug_macro   0x00020957      0x1e7 ./Core/Src/stm32f4xx_hal_msp.o
 .debug_macro   0x00020b3e      0x1f1 ./Core/Src/stm32f4xx_it.o
 .debug_macro   0x00020d2f      0x1d8 ./Core/Src/system_stm32f4xx.o
 .debug_macro   0x00020f07      0x1f1 ./Core/Src/tim.o
 .debug_macro   0x000210f8      0x1fb ./Core/Src/timersInit.o
 .debug_macro   0x000212f3      0x1f9 ./Core/Src/ultraSonic.o
 .debug_macro   0x000214ec       0x82 ./Core/Src/ultraSonic.o
 .debug_macro   0x0002156e      0x1f1 ./Core/Src/usart.o
 .debug_macro   0x0002175f      0x238 ./Drivers/STM32F4xx_HAL_Driver/Src/stm32f4xx_hal.o
 .debug_macro   0x00021997      0x1d8 ./Drivers/STM32F4xx_HAL_Driver/Src/stm32f4xx_hal_cortex.o
 .debug_macro   0x00021b6f      0x1de ./Drivers/STM32F4xx_HAL_Driver/Src/stm32f4xx_hal_dma.o
 .debug_macro   0x00021d4d      0x1de ./Drivers/STM32F4xx_HAL_Driver/Src/stm32f4xx_hal_gpio.o
 .debug_macro   0x00021f2b      0x1e4 ./Drivers/STM32F4xx_HAL_Driver/Src/stm32f4xx_hal_iwdg.o
 .debug_macro   0x0002210f      0x1fc ./Drivers/STM32F4xx_HAL_Driver/Src/stm32f4xx_hal_rcc.o
 .debug_macro   0x0002230b      0x1d9 ./Drivers/STM32F4xx_HAL_Driver/Src/stm32f4xx_hal_tim.o
 .debug_macro   0x000224e4      0x1d8 ./Drivers/STM32F4xx_HAL_Driver/Src/stm32f4xx_hal_tim_ex.o
 .debug_macro   0x000226bc      0x1d9 ./Drivers/STM32F4xx_HAL_Driver/Src/stm32f4xx_hal_uart.o

.debug_line     0x00000000    0x14e95
 .debug_line    0x00000000      0xc07 ./Core/Src/callBacks.o
 .debug_line    0x00000c07      0x768 ./Core/Src/dma.o
 .debug_line    0x0000136f      0xa9b ./Core/Src/float_uint8.o
 .debug_line    0x00001e0a      0x799 ./Core/Src/gpio.o
 .debug_line    0x000025a3      0x773 ./Core/Src/iwdg.o
 .debug_line    0x00002d16      0xa24 ./Core/Src/main.o
 .debug_line    0x0000373a      0xa7b ./Core/Src/motor.o
 .debug_line    0x000041b5      0xae1 ./Core/Src/servo.o
 .debug_line    0x00004c96      0x767 ./Core/Src/stm32f4xx_hal_msp.o
 .debug_line    0x000053fd      0x8ea ./Core/Src/stm32f4xx_it.o
 .debug_line    0x00005ce7      0x7eb ./Core/Src/system_stm32f4xx.o
 .debug_line    0x000064d2      0xcb5 ./Core/Src/tim.o
 .debug_line    0x00007187      0x77d ./Core/Src/timersInit.o
 .debug_line    0x00007904      0x809 ./Core/Src/ultraSonic.o
 .debug_line    0x0000810d      0x8f0 ./Core/Src/usart.o
 .debug_line    0x000089fd       0x7a ./Core/Startup/startup_stm32f407zgtx.o
 .debug_line    0x00008a77      0xa54 ./Drivers/STM32F4xx_HAL_Driver/Src/stm32f4xx_hal.o
 .debug_line    0x000094cb      0xd1c ./Drivers/STM32F4xx_HAL_Driver/Src/stm32f4xx_hal_cortex.o
 .debug_line    0x0000a1e7      0xfc4 ./Drivers/STM32F4xx_HAL_Driver/Src/stm32f4xx_hal_dma.o
 .debug_line    0x0000b1ab      0xbe0 ./Drivers/STM32F4xx_HAL_Driver/Src/stm32f4xx_hal_gpio.o
 .debug_line    0x0000bd8b      0x7dd ./Drivers/STM32F4xx_HAL_Driver/Src/stm32f4xx_hal_iwdg.o
 .debug_line    0x0000c568      0xdc5 ./Drivers/STM32F4xx_HAL_Driver/Src/stm32f4xx_hal_rcc.o
 .debug_line    0x0000d32d     0x37f8 ./Drivers/STM32F4xx_HAL_Driver/Src/stm32f4xx_hal_tim.o
 .debug_line    0x00010b25     0x1a4a ./Drivers/STM32F4xx_HAL_Driver/Src/stm32f4xx_hal_tim_ex.o
 .debug_line    0x0001256f     0x2926 ./Drivers/STM32F4xx_HAL_Driver/Src/stm32f4xx_hal_uart.o

.debug_str      0x00000000    0xcc0c8
 .debug_str     0x00000000    0xc848d ./Core/Src/callBacks.o
                              0xc87fc (size before relaxing)
 .debug_str     0x000c848d      0x62a ./Core/Src/dma.o
                              0xc4997 (size before relaxing)
 .debug_str     0x000c8ab7       0x7f ./Core/Src/float_uint8.o
                              0xc7d8c (size before relaxing)
 .debug_str     0x000c8b36       0xcc ./Core/Src/gpio.o
                              0xc4545 (size before relaxing)
 .debug_str     0x000c8c02       0x7f ./Core/Src/iwdg.o
                              0xc4421 (size before relaxing)
 .debug_str     0x000c8c81      0x33c ./Core/Src/main.o
                              0xc834a (size before relaxing)
 .debug_str     0x000c8fbd       0xbc ./Core/Src/motor.o
                              0xc4b07 (size before relaxing)
 .debug_str     0x000c9079      0x1f7 ./Core/Src/servo.o
                              0xc4be9 (size before relaxing)
 .debug_str     0x000c9270       0x2c ./Core/Src/stm32f4xx_hal_msp.o
                              0xc447a (size before relaxing)
 .debug_str     0x000c929c      0x1db ./Core/Src/stm32f4xx_it.o
                              0xc4c97 (size before relaxing)
 .debug_str     0x000c9477       0xdb ./Core/Src/system_stm32f4xx.o
                              0xc4360 (size before relaxing)
 .debug_str     0x000c9552      0x3b8 ./Core/Src/tim.o
                              0xc53f8 (size before relaxing)
 .debug_str     0x000c990a       0x58 ./Core/Src/timersInit.o
                              0xc4963 (size before relaxing)
 .debug_str     0x000c9962       0x81 ./Core/Src/ultraSonic.o
                              0xc4a32 (size before relaxing)
 .debug_str     0x000c99e3       0x6d ./Core/Src/usart.o
                              0xc4f99 (size before relaxing)
 .debug_str     0x000c9a50       0x7d ./Core/Startup/startup_stm32f407zgtx.o
 .debug_str     0x000c9acd      0x601 ./Drivers/STM32F4xx_HAL_Driver/Src/stm32f4xx_hal.o
                              0xc4ee4 (size before relaxing)
 .debug_str     0x000ca0ce      0x33a ./Drivers/STM32F4xx_HAL_Driver/Src/stm32f4xx_hal_cortex.o
                              0xc4c2e (size before relaxing)
 .debug_str     0x000ca408      0x2f4 ./Drivers/STM32F4xx_HAL_Driver/Src/stm32f4xx_hal_dma.o
                              0xc477a (size before relaxing)
 .debug_str     0x000ca6fc      0x110 ./Drivers/STM32F4xx_HAL_Driver/Src/stm32f4xx_hal_gpio.o
                              0xc44db (size before relaxing)
 .debug_str     0x000ca80c       0xd4 ./Drivers/STM32F4xx_HAL_Driver/Src/stm32f4xx_hal_iwdg.o
                              0xc430e (size before relaxing)
 .debug_str     0x000ca8e0      0x233 ./Drivers/STM32F4xx_HAL_Driver/Src/stm32f4xx_hal_rcc.o
                              0xc4794 (size before relaxing)
 .debug_str     0x000cab13      0xc1f ./Drivers/STM32F4xx_HAL_Driver/Src/stm32f4xx_hal_tim.o
                              0xc56ea (size before relaxing)
 .debug_str     0x000cb732      0x3e1 ./Drivers/STM32F4xx_HAL_Driver/Src/stm32f4xx_hal_tim_ex.o
                              0xc4ef6 (size before relaxing)
 .debug_str     0x000cbb13      0x5b5 ./Drivers/STM32F4xx_HAL_Driver/Src/stm32f4xx_hal_uart.o
                              0xc4d75 (size before relaxing)

.comment        0x00000000       0x43
 .comment       0x00000000       0x43 ./Core/Src/callBacks.o
                                 0x44 (size before relaxing)
 .comment       0x00000043       0x44 ./Core/Src/dma.o
 .comment       0x00000043       0x44 ./Core/Src/float_uint8.o
 .comment       0x00000043       0x44 ./Core/Src/gpio.o
 .comment       0x00000043       0x44 ./Core/Src/iwdg.o
 .comment       0x00000043       0x44 ./Core/Src/main.o
 .comment       0x00000043       0x44 ./Core/Src/motor.o
 .comment       0x00000043       0x44 ./Core/Src/servo.o
 .comment       0x00000043       0x44 ./Core/Src/stm32f4xx_hal_msp.o
 .comment       0x00000043       0x44 ./Core/Src/stm32f4xx_it.o
 .comment       0x00000043       0x44 ./Core/Src/system_stm32f4xx.o
 .comment       0x00000043       0x44 ./Core/Src/tim.o
 .comment       0x00000043       0x44 ./Core/Src/timersInit.o
 .comment       0x00000043       0x44 ./Core/Src/ultraSonic.o
 .comment       0x00000043       0x44 ./Core/Src/usart.o
 .comment       0x00000043       0x44 ./Drivers/STM32F4xx_HAL_Driver/Src/stm32f4xx_hal.o
 .comment       0x00000043       0x44 ./Drivers/STM32F4xx_HAL_Driver/Src/stm32f4xx_hal_cortex.o
 .comment       0x00000043       0x44 ./Drivers/STM32F4xx_HAL_Driver/Src/stm32f4xx_hal_dma.o
 .comment       0x00000043       0x44 ./Drivers/STM32F4xx_HAL_Driver/Src/stm32f4xx_hal_gpio.o
 .comment       0x00000043       0x44 ./Drivers/STM32F4xx_HAL_Driver/Src/stm32f4xx_hal_iwdg.o
 .comment       0x00000043       0x44 ./Drivers/STM32F4xx_HAL_Driver/Src/stm32f4xx_hal_rcc.o
 .comment       0x00000043       0x44 ./Drivers/STM32F4xx_HAL_Driver/Src/stm32f4xx_hal_tim.o
 .comment       0x00000043       0x44 ./Drivers/STM32F4xx_HAL_Driver/Src/stm32f4xx_hal_tim_ex.o
 .comment       0x00000043       0x44 ./Drivers/STM32F4xx_HAL_Driver/Src/stm32f4xx_hal_uart.o

.debug_frame    0x00000000     0x3ee4
 .debug_frame   0x00000000       0x60 ./Core/Src/callBacks.o
 .debug_frame   0x00000060       0x34 ./Core/Src/dma.o
 .debug_frame   0x00000094       0x60 ./Core/Src/float_uint8.o
 .debug_frame   0x000000f4       0x34 ./Core/Src/gpio.o
 .debug_frame   0x00000128       0x2c ./Core/Src/iwdg.o
 .debug_frame   0x00000154       0x68 ./Core/Src/main.o
 .debug_frame   0x000001bc      0x1b8 ./Core/Src/motor.o
 .debug_frame   0x00000374      0x1c4 ./Core/Src/servo.o
 .debug_frame   0x00000538       0x38 ./Core/Src/stm32f4xx_hal_msp.o
 .debug_frame   0x00000570      0x1e4 ./Core/Src/stm32f4xx_it.o
 .debug_frame   0x00000754       0x58 ./Core/Src/system_stm32f4xx.o
 .debug_frame   0x000007ac      0x224 ./Core/Src/tim.o
 .debug_frame   0x000009d0       0x2c ./Core/Src/timersInit.o
 .debug_frame   0x000009fc       0x38 ./Core/Src/ultraSonic.o
 .debug_frame   0x00000a34       0x94 ./Core/Src/usart.o
 .debug_frame   0x00000ac8      0x374 ./Drivers/STM32F4xx_HAL_Driver/Src/stm32f4xx_hal.o
 .debug_frame   0x00000e3c      0x4b8 ./Drivers/STM32F4xx_HAL_Driver/Src/stm32f4xx_hal_cortex.o
 .debug_frame   0x000012f4      0x250 ./Drivers/STM32F4xx_HAL_Driver/Src/stm32f4xx_hal_dma.o
 .debug_frame   0x00001544      0x14c ./Drivers/STM32F4xx_HAL_Driver/Src/stm32f4xx_hal_gpio.o
 .debug_frame   0x00001690       0x5c ./Drivers/STM32F4xx_HAL_Driver/Src/stm32f4xx_hal_iwdg.o
 .debug_frame   0x000016ec      0x1f4 ./Drivers/STM32F4xx_HAL_Driver/Src/stm32f4xx_hal_rcc.o
 .debug_frame   0x000018e0     0x11c0 ./Drivers/STM32F4xx_HAL_Driver/Src/stm32f4xx_hal_tim.o
 .debug_frame   0x00002aa0      0x638 ./Drivers/STM32F4xx_HAL_Driver/Src/stm32f4xx_hal_tim_ex.o
 .debug_frame   0x000030d8      0x954 ./Drivers/STM32F4xx_HAL_Driver/Src/stm32f4xx_hal_uart.o
 .debug_frame   0x00003a2c       0x40 C:/ST/STM32CubeIDE_1.16.0/STM32CubeIDE/plugins/com.st.stm32cube.ide.mcu.externaltools.gnu-tools-for-stm32.12.3.rel1.win32_1.0.200.202406191623/tools/bin/../lib/gcc/arm-none-eabi/12.3.1/../../../../arm-none-eabi/lib/thumb/v7e-m+fp/hard\libm.a(libm_a-w_fmod.o)
 .debug_frame   0x00003a6c       0x30 C:/ST/STM32CubeIDE_1.16.0/STM32CubeIDE/plugins/com.st.stm32cube.ide.mcu.externaltools.gnu-tools-for-stm32.12.3.rel1.win32_1.0.200.202406191623/tools/bin/../lib/gcc/arm-none-eabi/12.3.1/../../../../arm-none-eabi/lib/thumb/v7e-m+fp/hard\libm.a(libm_a-s_floor.o)
 .debug_frame   0x00003a9c       0x34 C:/ST/STM32CubeIDE_1.16.0/STM32CubeIDE/plugins/com.st.stm32cube.ide.mcu.externaltools.gnu-tools-for-stm32.12.3.rel1.win32_1.0.200.202406191623/tools/bin/../lib/gcc/arm-none-eabi/12.3.1/../../../../arm-none-eabi/lib/thumb/v7e-m+fp/hard\libm.a(libm_a-e_fmod.o)
 .debug_frame   0x00003ad0      0x144 C:/ST/STM32CubeIDE_1.16.0/STM32CubeIDE/plugins/com.st.stm32cube.ide.mcu.externaltools.gnu-tools-for-stm32.12.3.rel1.win32_1.0.200.202406191623/tools/bin/../lib/gcc/arm-none-eabi/12.3.1/../../../../arm-none-eabi/lib/thumb/v7e-m+fp/hard\libc_nano.a(libc_a-findfp.o)
 .debug_frame   0x00003c14       0x20 C:/ST/STM32CubeIDE_1.16.0/STM32CubeIDE/plugins/com.st.stm32cube.ide.mcu.externaltools.gnu-tools-for-stm32.12.3.rel1.win32_1.0.200.202406191623/tools/bin/../lib/gcc/arm-none-eabi/12.3.1/../../../../arm-none-eabi/lib/thumb/v7e-m+fp/hard\libc_nano.a(libc_a-memset.o)
 .debug_frame   0x00003c34       0x20 C:/ST/STM32CubeIDE_1.16.0/STM32CubeIDE/plugins/com.st.stm32cube.ide.mcu.externaltools.gnu-tools-for-stm32.12.3.rel1.win32_1.0.200.202406191623/tools/bin/../lib/gcc/arm-none-eabi/12.3.1/../../../../arm-none-eabi/lib/thumb/v7e-m+fp/hard\libc_nano.a(libc_a-errno.o)
 .debug_frame   0x00003c54       0x2c C:/ST/STM32CubeIDE_1.16.0/STM32CubeIDE/plugins/com.st.stm32cube.ide.mcu.externaltools.gnu-tools-for-stm32.12.3.rel1.win32_1.0.200.202406191623/tools/bin/../lib/gcc/arm-none-eabi/12.3.1/../../../../arm-none-eabi/lib/thumb/v7e-m+fp/hard\libc_nano.a(libc_a-init.o)
 .debug_frame   0x00003c80       0xac C:/ST/STM32CubeIDE_1.16.0/STM32CubeIDE/plugins/com.st.stm32cube.ide.mcu.externaltools.gnu-tools-for-stm32.12.3.rel1.win32_1.0.200.202406191623/tools/bin/../lib/gcc/arm-none-eabi/12.3.1/thumb/v7e-m+fp/hard\libgcc.a(_arm_addsubdf3.o)
 .debug_frame   0x00003d2c       0x50 C:/ST/STM32CubeIDE_1.16.0/STM32CubeIDE/plugins/com.st.stm32cube.ide.mcu.externaltools.gnu-tools-for-stm32.12.3.rel1.win32_1.0.200.202406191623/tools/bin/../lib/gcc/arm-none-eabi/12.3.1/thumb/v7e-m+fp/hard\libgcc.a(_arm_muldivdf3.o)
 .debug_frame   0x00003d7c       0xc4 C:/ST/STM32CubeIDE_1.16.0/STM32CubeIDE/plugins/com.st.stm32cube.ide.mcu.externaltools.gnu-tools-for-stm32.12.3.rel1.win32_1.0.200.202406191623/tools/bin/../lib/gcc/arm-none-eabi/12.3.1/thumb/v7e-m+fp/hard\libgcc.a(_arm_cmpdf2.o)
 .debug_frame   0x00003e40       0x20 C:/ST/STM32CubeIDE_1.16.0/STM32CubeIDE/plugins/com.st.stm32cube.ide.mcu.externaltools.gnu-tools-for-stm32.12.3.rel1.win32_1.0.200.202406191623/tools/bin/../lib/gcc/arm-none-eabi/12.3.1/thumb/v7e-m+fp/hard\libgcc.a(_arm_unorddf2.o)
 .debug_frame   0x00003e60       0x24 C:/ST/STM32CubeIDE_1.16.0/STM32CubeIDE/plugins/com.st.stm32cube.ide.mcu.externaltools.gnu-tools-for-stm32.12.3.rel1.win32_1.0.200.202406191623/tools/bin/../lib/gcc/arm-none-eabi/12.3.1/thumb/v7e-m+fp/hard\libgcc.a(_arm_fixunsdfsi.o)
 .debug_frame   0x00003e84       0x2c C:/ST/STM32CubeIDE_1.16.0/STM32CubeIDE/plugins/com.st.stm32cube.ide.mcu.externaltools.gnu-tools-for-stm32.12.3.rel1.win32_1.0.200.202406191623/tools/bin/../lib/gcc/arm-none-eabi/12.3.1/thumb/v7e-m+fp/hard\libgcc.a(_aeabi_uldivmod.o)
 .debug_frame   0x00003eb0       0x34 C:/ST/STM32CubeIDE_1.16.0/STM32CubeIDE/plugins/com.st.stm32cube.ide.mcu.externaltools.gnu-tools-for-stm32.12.3.rel1.win32_1.0.200.202406191623/tools/bin/../lib/gcc/arm-none-eabi/12.3.1/thumb/v7e-m+fp/hard\libgcc.a(_udivmoddi4.o)

.debug_line_str
                0x00000000       0x61
 .debug_line_str
                0x00000000       0x61 ./Core/Startup/startup_stm32f407zgtx.o