core_cm3.h:1499:26:__NVIC_GetPriorityGrouping	4	static
core_cm3.h:1511:22:__NVIC_EnableIRQ	16	static
core_cm3.h:1639:22:__NVIC_SetPriority	16	static
core_cm3.h:1686:26:NVIC_EncodePriority	40	static
stm32f1xx_ll_tim.h:1254:22:LL_TIM_DisableARRPreload	16	static
stm32f1xx_ll_tim.h:2214:22:LL_TIM_IC_SetActiveInput	32	static
stm32f1xx_ll_tim.h:2264:22:LL_TIM_IC_SetPrescaler	32	static
stm32f1xx_ll_tim.h:2327:22:LL_TIM_IC_SetFilter	32	static
stm32f1xx_ll_tim.h:2391:22:LL_TIM_IC_SetPolarity	32	static
stm32f1xx_ll_tim.h:2581:22:LL_TIM_SetClockSource	16	static
stm32f1xx_ll_tim.h:2627:22:LL_TIM_SetTriggerOutput	16	static
stm32f1xx_ll_tim.h:2693:22:LL_TIM_DisableMasterSlaveMode	16	static
stm32f1xx_ll_bus.h:447:22:LL_APB1_GRP1_EnableClock	24	static
stm32f1xx_ll_bus.h:763:22:LL_APB2_GRP1_EnableClock	24	static
tim.c:34:6:MX_TIM1_Init	56	static
tim.c:79:6:MX_TIM2_Init	48	static
tim.c:127:6:MX_TIM3_Init	48	static
tim.c:175:6:MX_TIM4_Init	48	static
tim.c:219:6:MX_TIM7_Init	16	static
tim.c:252:6:MX_TIM8_Init	56	static
tim.c:297:6:HAL_TIM_Encoder_MspInit	56	static
tim.c:349:6:HAL_TIM_PWM_MspInit	24	static
tim.c:376:6:HAL_TIM_Base_MspInit	24	static
tim.c:395:6:HAL_TIM_MspPostInit	48	static
tim.c:442:6:HAL_TIM_Encoder_MspDeInit	16	static
tim.c:483:6:HAL_TIM_PWM_MspDeInit	16	static
tim.c:510:6:HAL_TIM_Base_MspDeInit	16	static
