Archive member included to satisfy reference by file (symbol)

d:/stm32cubeide_1.6.1/stm32cubeide/plugins/com.st.stm32cube.ide.mcu.externaltools.gnu-tools-for-stm32.9-2020-q2-update.win32_1.5.0.202011040924/tools/bin/../lib/gcc/arm-none-eabi/9.3.1/../../../../arm-none-eabi/lib/thumb/v7-m/nofp\libc_nano.a(lib_a-errno.o)
                              Core/Src/syscalls.o (__errno)
d:/stm32cubeide_1.6.1/stm32cubeide/plugins/com.st.stm32cube.ide.mcu.externaltools.gnu-tools-for-stm32.9-2020-q2-update.win32_1.5.0.202011040924/tools/bin/../lib/gcc/arm-none-eabi/9.3.1/../../../../arm-none-eabi/lib/thumb/v7-m/nofp\libc_nano.a(lib_a-exit.o)
                              d:/stm32cubeide_1.6.1/stm32cubeide/plugins/com.st.stm32cube.ide.mcu.externaltools.gnu-tools-for-stm32.9-2020-q2-update.win32_1.5.0.202011040924/tools/bin/../lib/gcc/arm-none-eabi/9.3.1/../../../../arm-none-eabi/lib/thumb/v7-m/nofp/crt0.o (exit)
d:/stm32cubeide_1.6.1/stm32cubeide/plugins/com.st.stm32cube.ide.mcu.externaltools.gnu-tools-for-stm32.9-2020-q2-update.win32_1.5.0.202011040924/tools/bin/../lib/gcc/arm-none-eabi/9.3.1/../../../../arm-none-eabi/lib/thumb/v7-m/nofp\libc_nano.a(lib_a-impure.o)
                              d:/stm32cubeide_1.6.1/stm32cubeide/plugins/com.st.stm32cube.ide.mcu.externaltools.gnu-tools-for-stm32.9-2020-q2-update.win32_1.5.0.202011040924/tools/bin/../lib/gcc/arm-none-eabi/9.3.1/../../../../arm-none-eabi/lib/thumb/v7-m/nofp\libc_nano.a(lib_a-exit.o) (_global_impure_ptr)
d:/stm32cubeide_1.6.1/stm32cubeide/plugins/com.st.stm32cube.ide.mcu.externaltools.gnu-tools-for-stm32.9-2020-q2-update.win32_1.5.0.202011040924/tools/bin/../lib/gcc/arm-none-eabi/9.3.1/../../../../arm-none-eabi/lib/thumb/v7-m/nofp\libc_nano.a(lib_a-init.o)
                              d:/stm32cubeide_1.6.1/stm32cubeide/plugins/com.st.stm32cube.ide.mcu.externaltools.gnu-tools-for-stm32.9-2020-q2-update.win32_1.5.0.202011040924/tools/bin/../lib/gcc/arm-none-eabi/9.3.1/../../../../arm-none-eabi/lib/thumb/v7-m/nofp/crt0.o (__libc_init_array)
d:/stm32cubeide_1.6.1/stm32cubeide/plugins/com.st.stm32cube.ide.mcu.externaltools.gnu-tools-for-stm32.9-2020-q2-update.win32_1.5.0.202011040924/tools/bin/../lib/gcc/arm-none-eabi/9.3.1/../../../../arm-none-eabi/lib/thumb/v7-m/nofp\libc_nano.a(lib_a-memset.o)
                              d:/stm32cubeide_1.6.1/stm32cubeide/plugins/com.st.stm32cube.ide.mcu.externaltools.gnu-tools-for-stm32.9-2020-q2-update.win32_1.5.0.202011040924/tools/bin/../lib/gcc/arm-none-eabi/9.3.1/../../../../arm-none-eabi/lib/thumb/v7-m/nofp/crt0.o (memset)
d:/stm32cubeide_1.6.1/stm32cubeide/plugins/com.st.stm32cube.ide.mcu.externaltools.gnu-tools-for-stm32.9-2020-q2-update.win32_1.5.0.202011040924/tools/bin/../lib/gcc/arm-none-eabi/9.3.1/thumb/v7-m/nofp\libgcc.a(_arm_muldf3.o)
                              Core/Src/bluetooth.o (__aeabi_dmul)
d:/stm32cubeide_1.6.1/stm32cubeide/plugins/com.st.stm32cube.ide.mcu.externaltools.gnu-tools-for-stm32.9-2020-q2-update.win32_1.5.0.202011040924/tools/bin/../lib/gcc/arm-none-eabi/9.3.1/thumb/v7-m/nofp\libgcc.a(_arm_mulsf3.o)
                              Core/Src/control.o (__aeabi_fmul)
d:/stm32cubeide_1.6.1/stm32cubeide/plugins/com.st.stm32cube.ide.mcu.externaltools.gnu-tools-for-stm32.9-2020-q2-update.win32_1.5.0.202011040924/tools/bin/../lib/gcc/arm-none-eabi/9.3.1/thumb/v7-m/nofp\libgcc.a(_arm_addsubdf3.o)
                              Core/Src/control.o (__aeabi_dsub)
d:/stm32cubeide_1.6.1/stm32cubeide/plugins/com.st.stm32cube.ide.mcu.externaltools.gnu-tools-for-stm32.9-2020-q2-update.win32_1.5.0.202011040924/tools/bin/../lib/gcc/arm-none-eabi/9.3.1/thumb/v7-m/nofp\libgcc.a(_arm_muldivdf3.o)
                              Core/Src/control.o (__aeabi_ddiv)
d:/stm32cubeide_1.6.1/stm32cubeide/plugins/com.st.stm32cube.ide.mcu.externaltools.gnu-tools-for-stm32.9-2020-q2-update.win32_1.5.0.202011040924/tools/bin/../lib/gcc/arm-none-eabi/9.3.1/thumb/v7-m/nofp\libgcc.a(_arm_cmpdf2.o)
                              Core/Src/main.o (__aeabi_dcmpeq)
d:/stm32cubeide_1.6.1/stm32cubeide/plugins/com.st.stm32cube.ide.mcu.externaltools.gnu-tools-for-stm32.9-2020-q2-update.win32_1.5.0.202011040924/tools/bin/../lib/gcc/arm-none-eabi/9.3.1/thumb/v7-m/nofp\libgcc.a(_arm_fixdfsi.o)
                              Core/Src/bluetooth.o (__aeabi_d2iz)
d:/stm32cubeide_1.6.1/stm32cubeide/plugins/com.st.stm32cube.ide.mcu.externaltools.gnu-tools-for-stm32.9-2020-q2-update.win32_1.5.0.202011040924/tools/bin/../lib/gcc/arm-none-eabi/9.3.1/thumb/v7-m/nofp\libgcc.a(_arm_addsubsf3.o)
                              Core/Src/control.o (__aeabi_fsub)
d:/stm32cubeide_1.6.1/stm32cubeide/plugins/com.st.stm32cube.ide.mcu.externaltools.gnu-tools-for-stm32.9-2020-q2-update.win32_1.5.0.202011040924/tools/bin/../lib/gcc/arm-none-eabi/9.3.1/thumb/v7-m/nofp\libgcc.a(_arm_muldivsf3.o)
                              Core/Src/control.o (__aeabi_fdiv)
[...]
Memory Configuration

Name             Origin             Length             Attributes
RAM              0x0000000020000000 0x0000000000010000 xrw
FLASH            0x0000000008000000 0x0000000000080000 xr
*default*        0x0000000000000000 0xffffffffffffffff

Linker script and memory map

LOAD d:/stm32cubeide_1.6.1/stm32cubeide/plugins/com.st.stm32cube.ide.mcu.externaltools.gnu-tools-for-stm32.9-2020-q2-update.win32_1.5.0.202011040924/tools/bin/../lib/gcc/arm-none-eabi/9.3.1/thumb/v7-m/nofp/crti.o
LOAD d:/stm32cubeide_1.6.1/stm32cubeide/plugins/com.st.stm32cube.ide.mcu.externaltools.gnu-tools-for-stm32.9-2020-q2-update.win32_1.5.0.202011040924/tools/bin/../lib/gcc/arm-none-eabi/9.3.1/thumb/v7-m/nofp/crtbegin.o
LOAD d:/stm32cubeide_1.6.1/stm32cubeide/plugins/com.st.stm32cube.ide.mcu.externaltools.gnu-tools-for-stm32.9-2020-q2-update.win32_1.5.0.202011040924/tools/bin/../lib/gcc/arm-none-eabi/9.3.1/../../../../arm-none-eabi/lib/thumb/v7-m/nofp/crt0.o
LOAD Core/Src/bluetooth.o
LOAD Core/Src/control.o
LOAD Core/Src/gpio.o
LOAD Core/Src/imu.o
LOAD Core/Src/main.o
LOAD Core/Src/motor.o
LOAD Core/Src/openmv.o
LOAD Core/Src/servo.o
LOAD Core/Src/sonic.o
LOAD Core/Src/stm32f1xx_hal_msp.o
LOAD Core/Src/stm32f1xx_it.o
LOAD Core/Src/syscalls.o
LOAD Core/Src/sysmem.o
LOAD Core/Src/system_stm32f1xx.o
LOAD Core/Src/tim.o
LOAD Core/Src/usart.o
LOAD Core/Startup/startup_stm32f103vetx.o
LOAD Drivers/STM32F1xx_HAL_Driver/Src/stm32f1xx_hal.o
LOAD Drivers/STM32F1xx_HAL_Driver/Src/stm32f1xx_hal_cortex.o
LOAD Drivers/STM32F1xx_HAL_Driver/Src/stm32f1xx_hal_dma.o
LOAD Drivers/STM32F1xx_HAL_Driver/Src/stm32f1xx_hal_exti.o
LOAD Drivers/STM32F1xx_HAL_Driver/Src/stm32f1xx_hal_flash.o
LOAD Drivers/STM32F1xx_HAL_Driver/Src/stm32f1xx_hal_flash_ex.o
LOAD Drivers/STM32F1xx_HAL_Driver/Src/stm32f1xx_hal_gpio.o
LOAD Drivers/STM32F1xx_HAL_Driver/Src/stm32f1xx_hal_gpio_ex.o
LOAD Drivers/STM32F1xx_HAL_Driver/Src/stm32f1xx_hal_pwr.o
LOAD Drivers/STM32F1xx_HAL_Driver/Src/stm32f1xx_hal_rcc.o
LOAD Drivers/STM32F1xx_HAL_Driver/Src/stm32f1xx_hal_rcc_ex.o
LOAD Drivers/STM32F1xx_HAL_Driver/Src/stm32f1xx_hal_tim.o
LOAD Drivers/STM32F1xx_HAL_Driver/Src/stm32f1xx_hal_tim_ex.o
LOAD Drivers/STM32F1xx_HAL_Driver/Src/stm32f1xx_hal_uart.o
START GROUP
LOAD d:/stm32cubeide_1.6.1/stm32cubeide/plugins/com.st.stm32cube.ide.mcu.externaltools.gnu-tools-for-stm32.9-2020-q2-update.win32_1.5.0.202011040924/tools/bin/../lib/gcc/arm-none-eabi/9.3.1/../../../../arm-none-eabi/lib/thumb/v7-m/nofp\libc_nano.a
LOAD d:/stm32cubeide_1.6.1/stm32cubeide/plugins/com.st.stm32cube.ide.mcu.externaltools.gnu-tools-for-stm32.9-2020-q2-update.win32_1.5.0.202011040924/tools/bin/../lib/gcc/arm-none-eabi/9.3.1/../../../../arm-none-eabi/lib/thumb/v7-m/nofp\libm.a
END GROUP
START GROUP
LOAD d:/stm32cubeide_1.6.1/stm32cubeide/plugins/com.st.stm32cube.ide.mcu.externaltools.gnu-tools-for-stm32.9-2020-q2-update.win32_1.5.0.202011040924/tools/bin/../lib/gcc/arm-none-eabi/9.3.1/thumb/v7-m/nofp\libgcc.a
LOAD d:/stm32cubeide_1.6.1/stm32cubeide/plugins/com.st.stm32cube.ide.mcu.externaltools.gnu-tools-for-stm32.9-2020-q2-update.win32_1.5.0.202011040924/tools/bin/../lib/gcc/arm-none-eabi/9.3.1/../../../../arm-none-eabi/lib/thumb/v7-m/nofp\libc_nano.a
END GROUP
START GROUP
LOAD d:/stm32cubeide_1.6.1/stm32cubeide/plugins/com.st.stm32cube.ide.mcu.externaltools.gnu-tools-for-stm32.9-2020-q2-update.win32_1.5.0.202011040924/tools/bin/../lib/gcc/arm-none-eabi/9.3.1/thumb/v7-m/nofp\libgcc.a
LOAD d:/stm32cubeide_1.6.1/stm32cubeide/plugins/com.st.stm32cube.ide.mcu.externaltools.gnu-tools-for-stm32.9-2020-q2-update.win32_1.5.0.202011040924/tools/bin/../lib/gcc/arm-none-eabi/9.3.1/../../../../arm-none-eabi/lib/thumb/v7-m/nofp\libc_nano.a
LOAD d:/stm32cubeide_1.6.1/stm32cubeide/plugins/com.st.stm32cube.ide.mcu.externaltools.gnu-tools-for-stm32.9-2020-q2-update.win32_1.5.0.202011040924/tools/bin/../lib/gcc/arm-none-eabi/9.3.1/../../../../arm-none-eabi/lib/thumb/v7-m/nofp\libnosys.a
END GROUP
START GROUP
LOAD d:/stm32cubeide_1.6.1/stm32cubeide/plugins/com.st.stm32cube.ide.mcu.externaltools.gnu-tools-for-stm32.9-2020-q2-update.win32_1.5.0.202011040924/tools/bin/../lib/gcc/arm-none-eabi/9.3.1/thumb/v7-m/nofp\libgcc.a
LOAD d:/stm32cubeide_1.6.1/stm32cubeide/plugins/com.st.stm32cube.ide.mcu.externaltools.gnu-tools-for-stm32.9-2020-q2-update.win32_1.5.0.202011040924/tools/bin/../lib/gcc/arm-none-eabi/9.3.1/../../../../arm-none-eabi/lib/thumb/v7-m/nofp\libc_nano.a
LOAD d:/stm32cubeide_1.6.1/stm32cubeide/plugins/com.st.stm32cube.ide.mcu.externaltools.gnu-tools-for-stm32.9-2020-q2-update.win32_1.5.0.202011040924/tools/bin/../lib/gcc/arm-none-eabi/9.3.1/../../../../arm-none-eabi/lib/thumb/v7-m/nofp\libnosys.a
END GROUP
LOAD d:/stm32cubeide_1.6.1/stm32cubeide/plugins/com.st.stm32cube.ide.mcu.externaltools.gnu-tools-for-stm32.9-2020-q2-update.win32_1.5.0.202011040924/tools/bin/../lib/gcc/arm-none-eabi/9.3.1/thumb/v7-m/nofp/crtend.o
LOAD d:/stm32cubeide_1.6.1/stm32cubeide/plugins/com.st.stm32cube.ide.mcu.externaltools.gnu-tools-for-stm32.9-2020-q2-update.win32_1.5.0.202011040924/tools/bin/../lib/gcc/arm-none-eabi/9.3.1/thumb/v7-m/nofp/crtn.o
                0x0000000020010000                _estack = (ORIGIN (RAM) + LENGTH (RAM))
                0x0000000000000200                _Min_Heap_Size = 0x200
                0x0000000000000400                _Min_Stack_Size = 0x400

.isr_vector     0x0000000008000000      0x1e4
                0x0000000008000000                . = ALIGN (0x4)
 *(.isr_vector)
 .isr_vector    0x0000000008000000      0x1e4 Core/Startup/startup_stm32f103vetx.o
                0x0000000008000000                g_pfnVectors
                0x00000000080001e4                . = ALIGN (0x4)

.text           0x00000000080001e8     0x7b80
                0x00000000080001e8                . = ALIGN (0x4)
 *(.text)
 .text          0x00000000080001e8       0x40 d:/stm32cubeide_1.6.1/stm32cubeide/plugins/com.st.stm32cube.ide.mcu.externaltools.gnu-tools-for-stm32.9-2020-q2-update.win32_1.5.0.202011040924/tools/bin/../lib/gcc/arm-none-eabi/9.3.1/thumb/v7-m/nofp/crtbegin.o
 .text          0x0000000008000228      0x378 d:/stm32cubeide_1.6.1/stm32cubeide/plugins/com.st.stm32cube.ide.mcu.externaltools.gnu-tools-for-stm32.9-2020-q2-update.win32_1.5.0.202011040924/tools/bin/../lib/gcc/arm-none-eabi/9.3.1/thumb/v7-m/nofp\libgcc.a(_arm_addsubdf3.o)
                0x0000000008000228                __aeabi_drsub
                0x0000000008000230                __aeabi_dsub
                0x0000000008000230                __subdf3
                0x0000000008000234                __aeabi_dadd
                0x0000000008000234                __adddf3
                0x00000000080004ac                __floatunsidf
                0x00000000080004ac                __aeabi_ui2d
                0x00000000080004cc                __floatsidf
                0x00000000080004cc                __aeabi_i2d
                0x00000000080004f0                __aeabi_f2d
                0x00000000080004f0                __extendsfdf2
                0x0000000008000534                __floatundidf
                0x0000000008000534                __aeabi_ul2d
                0x0000000008000544                __floatdidf
                0x0000000008000544                __aeabi_l2d
 .text          0x00000000080005a0      0x424 d:/stm32cubeide_1.6.1/stm32cubeide/plugins/com.st.stm32cube.ide.mcu.externaltools.gnu-tools-for-stm32.9-2020-q2-update.win32_1.5.0.202011040924/tools/bin/../lib/gcc/arm-none-eabi/9.3.1/thumb/v7-m/nofp\libgcc.a(_arm_muldivdf3.o)
                0x00000000080005a0                __aeabi_dmul
                0x00000000080005a0                __muldf3
                0x00000000080007f4                __divdf3
                0x00000000080007f4                __aeabi_ddiv
 .text          0x00000000080009c4      0x110 d:/stm32cubeide_1.6.1/stm32cubeide/plugins/com.st.stm32cube.ide.mcu.externaltools.gnu-tools-for-stm32.9-2020-q2-update.win32_1.5.0.202011040924/tools/bin/../lib/gcc/arm-none-eabi/9.3.1/thumb/v7-m/nofp\libgcc.a(_arm_cmpdf2.o)
                0x00000000080009c4                __gtdf2
                0x00000000080009c4                __gedf2
                0x00000000080009cc                __ltdf2
                0x00000000080009cc                __ledf2
                0x00000000080009d4                __nedf2
                0x00000000080009d4                __eqdf2
                0x00000000080009d4                __cmpdf2
                0x0000000008000a50                __aeabi_cdrcmple
                0x0000000008000a60                __aeabi_cdcmpeq
                0x0000000008000a60                __aeabi_cdcmple
                0x0000000008000a70                __aeabi_dcmpeq
                0x0000000008000a84                __aeabi_dcmplt
                0x0000000008000a98                __aeabi_dcmple
                0x0000000008000aac                __aeabi_dcmpge
                0x0000000008000ac0                __aeabi_dcmpgt
 .text          0x0000000008000ad4       0x50 d:/stm32cubeide_1.6.1/stm32cubeide/plugins/com.st.stm32cube.ide.mcu.externaltools.gnu-tools-for-stm32.9-2020-q2-update.win32_1.5.0.202011040924/tools/bin/../lib/gcc/arm-none-eabi/9.3.1/thumb/v7-m/nofp\libgcc.a(_arm_fixdfsi.o)
                0x0000000008000ad4                __aeabi_d2iz
                0x0000000008000ad4                __fixdfsi
 .text          0x0000000008000b24      0x21c d:/stm32cubeide_1.6.1/stm32cubeide/plugins/com.st.stm32cube.ide.mcu.externaltools.gnu-tools-for-stm32.9-2020-q2-update.win32_1.5.0.202011040924/tools/bin/../lib/gcc/arm-none-eabi/9.3.1/thumb/v7-m/nofp\libgcc.a(_arm_addsubsf3.o)
                0x0000000008000b24                __aeabi_frsub
                0x0000000008000b2c                __subsf3
                0x0000000008000b2c                __aeabi_fsub
                0x0000000008000b30                __aeabi_fadd
                0x0000000008000b30                __addsf3
                0x0000000008000c90                __aeabi_ui2f
                0x0000000008000c90                __floatunsisf
                0x0000000008000c98                __aeabi_i2f
                0x0000000008000c98                __floatsisf
                0x0000000008000cb4                __aeabi_ul2f
                0x0000000008000cb4                __floatundisf
                0x0000000008000cc4                __aeabi_l2f
                0x0000000008000cc4                __floatdisf
 .text          0x0000000008000d40      0x2a0 d:/stm32cubeide_1.6.1/stm32cubeide/plugins/com.st.stm32cube.ide.mcu.externaltools.gnu-tools-for-stm32.9-2020-q2-update.win32_1.5.0.202011040924/tools/bin/../lib/gcc/arm-none-eabi/9.3.1/thumb/v7-m/nofp\libgcc.a(_arm_muldivsf3.o)
                0x0000000008000d40                __mulsf3
                0x0000000008000d40                __aeabi_fmul
                0x0000000008000ea8                __aeabi_fdiv
                0x0000000008000ea8                __divsf3
 .text          0x0000000008000fe0       0xec d:/stm32cubeide_1.6.1/stm32cubeide/plugins/com.st.stm32cube.ide.mcu.externaltools.gnu-tools-for-stm32.9-2020-q2-update.win32_1.5.0.202011040924/tools/bin/../lib/gcc/arm-none-eabi/9.3.1/thumb/v7-m/nofp\libgcc.a(_arm_cmpsf2.o)
                0x0000000008000fe0                __gesf2
                0x0000000008000fe0                __gtsf2
                0x0000000008000fe8                __lesf2
                0x0000000008000fe8                __ltsf2
                0x0000000008000ff0                __nesf2
                0x0000000008000ff0                __eqsf2
                0x0000000008000ff0                __cmpsf2
                0x0000000008001050                __aeabi_cfrcmple
                0x0000000008001058                __aeabi_cfcmpeq
                0x0000000008001058                __aeabi_cfcmple
                0x0000000008001068                __aeabi_fcmpeq
                0x000000000800107c                __aeabi_fcmplt
                0x0000000008001090                __aeabi_fcmple
                0x00000000080010a4                __aeabi_fcmpge
                0x00000000080010b8                __aeabi_fcmpgt
 .text          0x00000000080010cc       0x4c d:/stm32cubeide_1.6.1/stm32cubeide/plugins/com.st.stm32cube.ide.mcu.externaltools.gnu-tools-for-stm32.9-2020-q2-update.win32_1.5.0.202011040924/tools/bin/../lib/gcc/arm-none-eabi/9.3.1/thumb/v7-m/nofp\libgcc.a(_arm_fixsfsi.o)
                0x00000000080010cc                __aeabi_f2iz
                0x00000000080010cc                __fixsfsi
 *(.text*)
 .text.extract_RX
                0x0000000008001118       0x9c Core/Src/bluetooth.o
                0x0000000008001118                extract_RX
 .text.mode_switch
                0x00000000080011b4      0x178 Core/Src/bluetooth.o
                0x00000000080011b4                mode_switch
 *fill*         0x000000000800132c        0x4 
 .text.remote_control
                0x0000000008001330       0xfc Core/Src/bluetooth.o
                0x0000000008001330                remote_control
 .text.setspeed
                0x000000000800142c       0xd0 Core/Src/control.o
                0x000000000800142c                setspeed
 *fill*         0x00000000080014fc        0x4 
 .text.roundPID
                0x0000000008001500      0x118 Core/Src/control.o
                0x0000000008001500                roundPID
 .text.spin     0x0000000008001618       0xa8 Core/Src/control.o
                0x0000000008001618                spin
 .text.groundturn
                0x00000000080016c0       0x68 Core/Src/control.o
                0x00000000080016c0                groundturn
 .text.fetchplace
                0x0000000008001728       0x8c Core/Src/control.o
                0x0000000008001728                fetchplace
 .text.alongside
                0x00000000080017b4       0xbc Core/Src/control.o
                0x00000000080017b4                alongside
 .text.avoidance
                0x0000000008001870      0x630 Core/Src/control.o
                0x0000000008001870                avoidance
 .text.avoid_stop
                0x0000000008001ea0       0x1c Core/Src/control.o
                0x0000000008001ea0                avoid_stop
 .text.MX_GPIO_Init
                0x0000000008001ebc      0x11c Core/Src/gpio.o
                0x0000000008001ebc                MX_GPIO_Init
 .text.JY901_Process
                0x0000000008001fd8       0xf4 Core/Src/imu.o
                0x0000000008001fd8                JY901_Process
 .text.main     0x00000000080020cc      0x220 Core/Src/main.o
                0x00000000080020cc                main
 .text.SystemClock_Config
                0x00000000080022ec       0x8a Core/Src/main.o
                0x00000000080022ec                SystemClock_Config
 *fill*         0x0000000008002376        0x2 
 .text.HAL_TIM_PeriodElapsedCallback
                0x0000000008002378      0x54c Core/Src/main.o
                0x0000000008002378                HAL_TIM_PeriodElapsedCallback
 *fill*         0x00000000080028c4        0x4 
 .text.HAL_TIM_IC_CaptureCallback
                0x00000000080028c8      0x46c Core/Src/main.o
                0x00000000080028c8                HAL_TIM_IC_CaptureCallback
 .text.HAL_UART_RxCpltCallback
                0x0000000008002d34       0xc4 Core/Src/main.o
                0x0000000008002d34                HAL_UART_RxCpltCallback
 .text.Error_Handler
                0x0000000008002df8        0xa Core/Src/main.o
                0x0000000008002df8                Error_Handler
 *fill*         0x0000000008002e02        0x2 
 .text.motor_init
                0x0000000008002e04       0x48 Core/Src/motor.o
                0x0000000008002e04                motor_init
 .text.motor_PWM
                0x0000000008002e4c      0x124 Core/Src/motor.o
                0x0000000008002e4c                motor_PWM
 .text.motor_leftfeedback
                0x0000000008002f70       0x6c Core/Src/motor.o
                0x0000000008002f70                motor_leftfeedback
 *fill*         0x0000000008002fdc        0x4 
 .text.motor_rightfeedback
                0x0000000008002fe0       0x6c Core/Src/motor.o
                0x0000000008002fe0                motor_rightfeedback
 *fill*         0x000000000800304c        0x4 
 .text.leftspeedPID
                0x0000000008003050       0xd8 Core/Src/motor.o
                0x0000000008003050                leftspeedPID
 .text.rightspeedPID
                0x0000000008003128       0xd8 Core/Src/motor.o
                0x0000000008003128                rightspeedPID
 .text.Openmv_Receive_Data
                0x0000000008003200      0x184 Core/Src/openmv.o
                0x0000000008003200                Openmv_Receive_Data
 .text.extract_MVRX1
                0x0000000008003384       0x94 Core/Src/openmv.o
                0x0000000008003384                extract_MVRX1
 .text.extract_MVRX2
                0x0000000008003418       0x70 Core/Src/openmv.o
                0x0000000008003418                extract_MVRX2
 .text.extract_MVRX3
                0x0000000008003488       0xb4 Core/Src/openmv.o
                0x0000000008003488                extract_MVRX3
 .text.servo1_init
                0x000000000800353c       0x2c Core/Src/servo.o
                0x000000000800353c                servo1_init
 .text.servo1_turn
                0x0000000008003568       0x48 Core/Src/servo.o
                0x0000000008003568                servo1_turn
 .text.servo2_init
                0x00000000080035b0       0x2c Core/Src/servo.o
                0x00000000080035b0                servo2_init
 .text.servo2_turn
                0x00000000080035dc       0x48 Core/Src/servo.o
                0x00000000080035dc                servo2_turn
 .text.servo3_init
                0x0000000008003624       0x48 Core/Src/servo.o
                0x0000000008003624                servo3_init
 .text.servo3_scan
                0x000000000800366c       0xa4 Core/Src/servo.o
                0x000000000800366c                servo3_scan
 .text.servo4_init
                0x0000000008003710       0x2c Core/Src/servo.o
                0x0000000008003710                servo4_init
 .text.servo4_turn
                0x000000000800373c       0x48 Core/Src/servo.o
                0x000000000800373c                servo4_turn
 .text.servo1_down
                0x0000000008003784       0x74 Core/Src/servo.o
                0x0000000008003784                servo1_down
 .text.servo2_shut
                0x00000000080037f8       0x74 Core/Src/servo.o
                0x00000000080037f8                servo2_shut
 .text.sonic_delay
                0x000000000800386c       0x30 Core/Src/sonic.o
                0x000000000800386c                sonic_delay
 .text.get_distance1
                0x000000000800389c       0x58 Core/Src/sonic.o
                0x000000000800389c                get_distance1
 .text.get_distance2
                0x00000000080038f4       0x58 Core/Src/sonic.o
                0x00000000080038f4                get_distance2
 .text.get_distance3
                0x000000000800394c       0x58 Core/Src/sonic.o
                0x000000000800394c                get_distance3
 .text.get_distance4
                0x00000000080039a4       0x58 Core/Src/sonic.o
                0x00000000080039a4                get_distance4
 .text.HAL_MspInit
                0x00000000080039fc       0x64 Core/Src/stm32f1xx_hal_msp.o
                0x00000000080039fc                HAL_MspInit
 .text.NMI_Handler
                0x0000000008003a60        0x6 Core/Src/stm32f1xx_it.o
                0x0000000008003a60                NMI_Handler
 .text.HardFault_Handler
                0x0000000008003a66        0x6 Core/Src/stm32f1xx_it.o
                0x0000000008003a66                HardFault_Handler
 .text.MemManage_Handler
                0x0000000008003a6c        0x6 Core/Src/stm32f1xx_it.o
                0x0000000008003a6c                MemManage_Handler
 .text.BusFault_Handler
                0x0000000008003a72        0x6 Core/Src/stm32f1xx_it.o
                0x0000000008003a72                BusFault_Handler
 .text.UsageFault_Handler
                0x0000000008003a78        0x6 Core/Src/stm32f1xx_it.o
                0x0000000008003a78                UsageFault_Handler
 .text.SVC_Handler
                0x0000000008003a7e        0xc Core/Src/stm32f1xx_it.o
                0x0000000008003a7e                SVC_Handler
 .text.DebugMon_Handler
                0x0000000008003a8a        0xc Core/Src/stm32f1xx_it.o
                0x0000000008003a8a                DebugMon_Handler
 .text.PendSV_Handler
                0x0000000008003a96        0xc Core/Src/stm32f1xx_it.o
                0x0000000008003a96                PendSV_Handler
 .text.SysTick_Handler
                0x0000000008003aa2        0xc Core/Src/stm32f1xx_it.o
                0x0000000008003aa2                SysTick_Handler
 *fill*         0x0000000008003aae        0x2 
 .text.TIM4_IRQHandler
                0x0000000008003ab0       0x14 Core/Src/stm32f1xx_it.o
                0x0000000008003ab0                TIM4_IRQHandler
 .text.USART1_IRQHandler
                0x0000000008003ac4       0x14 Core/Src/stm32f1xx_it.o
                0x0000000008003ac4                USART1_IRQHandler
 .text.USART3_IRQHandler
                0x0000000008003ad8       0x14 Core/Src/stm32f1xx_it.o
                0x0000000008003ad8                USART3_IRQHandler
 .text.UART4_IRQHandler
                0x0000000008003aec       0x14 Core/Src/stm32f1xx_it.o
                0x0000000008003aec                UART4_IRQHandler
 .text.TIM7_IRQHandler
                0x0000000008003b00       0x14 Core/Src/stm32f1xx_it.o
                0x0000000008003b00                TIM7_IRQHandler
 .text.SystemInit
                0x0000000008003b14        0xc Core/Src/system_stm32f1xx.o
                0x0000000008003b14                SystemInit
 .text.MX_TIM1_Init
                0x0000000008003b20      0x150 Core/Src/tim.o
                0x0000000008003b20                MX_TIM1_Init
 .text.MX_TIM2_Init
                0x0000000008003c70       0xa8 Core/Src/tim.o
                0x0000000008003c70                MX_TIM2_Init
 .text.MX_TIM3_Init
                0x0000000008003d18       0x9c Core/Src/tim.o
                0x0000000008003d18                MX_TIM3_Init
 .text.MX_TIM4_Init
                0x0000000008003db4      0x124 Core/Src/tim.o
                0x0000000008003db4                MX_TIM4_Init
 .text.MX_TIM5_Init
                0x0000000008003ed8       0xc8 Core/Src/tim.o
                0x0000000008003ed8                MX_TIM5_Init
 .text.MX_TIM7_Init
                0x0000000008003fa0       0x6c Core/Src/tim.o
                0x0000000008003fa0                MX_TIM7_Init
 .text.MX_TIM8_Init
                0x000000000800400c       0xb0 Core/Src/tim.o
                0x000000000800400c                MX_TIM8_Init
 .text.HAL_TIM_PWM_MspInit
                0x00000000080040bc       0x64 Core/Src/tim.o
                0x00000000080040bc                HAL_TIM_PWM_MspInit
 .text.HAL_TIM_Encoder_MspInit
                0x0000000008004120       0xd4 Core/Src/tim.o
                0x0000000008004120                HAL_TIM_Encoder_MspInit
 .text.HAL_TIM_Base_MspInit
                0x00000000080041f4      0x110 Core/Src/tim.o
                0x00000000080041f4                HAL_TIM_Base_MspInit
 .text.HAL_TIM_MspPostInit
                0x0000000008004304       0xd4 Core/Src/tim.o
                0x0000000008004304                HAL_TIM_MspPostInit
 .text.total_delay
                0x00000000080043d8       0x30 Core/Src/tim.o
                0x00000000080043d8                total_delay
 .text.MX_UART4_Init
                0x0000000008004408       0x54 Core/Src/usart.o
                0x0000000008004408                MX_UART4_Init
 .text.MX_USART1_UART_Init
                0x000000000800445c       0x54 Core/Src/usart.o
                0x000000000800445c                MX_USART1_UART_Init
 .text.MX_USART3_UART_Init
                0x00000000080044b0       0x54 Core/Src/usart.o
                0x00000000080044b0                MX_USART3_UART_Init
 .text.HAL_UART_MspInit
                0x0000000008004504      0x1b8 Core/Src/usart.o
                0x0000000008004504                HAL_UART_MspInit
 .text.Reset_Handler
                0x00000000080046bc       0x48 Core/Startup/startup_stm32f103vetx.o
                0x00000000080046bc                Reset_Handler
 .text.Default_Handler
                0x0000000008004704        0x2 Core/Startup/startup_stm32f103vetx.o
                0x0000000008004704                RTC_Alarm_IRQHandler
                0x0000000008004704                EXTI2_IRQHandler
                0x0000000008004704                TIM8_TRG_COM_IRQHandler
                0x0000000008004704                TIM8_CC_IRQHandler
                0x0000000008004704                TIM1_CC_IRQHandler
                0x0000000008004704                TIM6_IRQHandler
                0x0000000008004704                PVD_IRQHandler
                0x0000000008004704                SDIO_IRQHandler
                0x0000000008004704                EXTI3_IRQHandler
                0x0000000008004704                EXTI0_IRQHandler
                0x0000000008004704                I2C2_EV_IRQHandler
                0x0000000008004704                ADC1_2_IRQHandler
                0x0000000008004704                SPI1_IRQHandler
                0x0000000008004704                TAMPER_IRQHandler
                0x0000000008004704                TIM8_UP_IRQHandler
                0x0000000008004704                DMA2_Channel2_IRQHandler
                0x0000000008004704                DMA1_Channel4_IRQHandler
                0x0000000008004704                RTC_IRQHandler
                0x0000000008004704                DMA1_Channel7_IRQHandler
                0x0000000008004704                CAN1_RX1_IRQHandler
                0x0000000008004704                UART5_IRQHandler
                0x0000000008004704                ADC3_IRQHandler
                0x0000000008004704                DMA2_Channel1_IRQHandler
                0x0000000008004704                I2C1_EV_IRQHandler
                0x0000000008004704                DMA1_Channel6_IRQHandler
                0x0000000008004704                TIM3_IRQHandler
                0x0000000008004704                RCC_IRQHandler
                0x0000000008004704                TIM1_TRG_COM_IRQHandler
                0x0000000008004704                DMA1_Channel1_IRQHandler
                0x0000000008004704                Default_Handler
                0x0000000008004704                EXTI15_10_IRQHandler
                0x0000000008004704                TIM5_IRQHandler
                0x0000000008004704                EXTI9_5_IRQHandler
                0x0000000008004704                SPI2_IRQHandler
                0x0000000008004704                DMA1_Channel5_IRQHandler
                0x0000000008004704                EXTI4_IRQHandler
                0x0000000008004704                USB_LP_CAN1_RX0_IRQHandler
                0x0000000008004704                USB_HP_CAN1_TX_IRQHandler
                0x0000000008004704                DMA1_Channel3_IRQHandler
                0x0000000008004704                FSMC_IRQHandler
                0x0000000008004704                TIM1_UP_IRQHandler
                0x0000000008004704                WWDG_IRQHandler
                0x0000000008004704                TIM2_IRQHandler
                0x0000000008004704                TIM1_BRK_IRQHandler
                0x0000000008004704                EXTI1_IRQHandler
                0x0000000008004704                DMA2_Channel4_5_IRQHandler
                0x0000000008004704                USART2_IRQHandler
                0x0000000008004704                I2C2_ER_IRQHandler
                0x0000000008004704                DMA1_Channel2_IRQHandler
                0x0000000008004704                TIM8_BRK_IRQHandler
                0x0000000008004704                CAN1_SCE_IRQHandler
                0x0000000008004704                FLASH_IRQHandler
                0x0000000008004704                SPI3_IRQHandler
                0x0000000008004704                I2C1_ER_IRQHandler
                0x0000000008004704                USBWakeUp_IRQHandler
                0x0000000008004704                DMA2_Channel3_IRQHandler
 *fill*         0x0000000008004706        0x2 
 .text.HAL_Init
                0x0000000008004708       0x2c Drivers/STM32F1xx_HAL_Driver/Src/stm32f1xx_hal.o
                0x0000000008004708                HAL_Init
 .text.HAL_InitTick
                0x0000000008004734       0x60 Drivers/STM32F1xx_HAL_Driver/Src/stm32f1xx_hal.o
                0x0000000008004734                HAL_InitTick
 .text.HAL_IncTick
                0x0000000008004794       0x24 Drivers/STM32F1xx_HAL_Driver/Src/stm32f1xx_hal.o
                0x0000000008004794                HAL_IncTick
 .text.HAL_GetTick
                0x00000000080047b8       0x14 Drivers/STM32F1xx_HAL_Driver/Src/stm32f1xx_hal.o
                0x00000000080047b8                HAL_GetTick
 .text.__NVIC_SetPriorityGrouping
                0x00000000080047cc       0x48 Drivers/STM32F1xx_HAL_Driver/Src/stm32f1xx_hal_cortex.o
 .text.__NVIC_GetPriorityGrouping
                0x0000000008004814       0x1c Drivers/STM32F1xx_HAL_Driver/Src/stm32f1xx_hal_cortex.o
 .text.__NVIC_EnableIRQ
                0x0000000008004830       0x38 Drivers/STM32F1xx_HAL_Driver/Src/stm32f1xx_hal_cortex.o
 .text.__NVIC_SetPriority
                0x0000000008004868       0x54 Drivers/STM32F1xx_HAL_Driver/Src/stm32f1xx_hal_cortex.o
 .text.NVIC_EncodePriority
                0x00000000080048bc       0x64 Drivers/STM32F1xx_HAL_Driver/Src/stm32f1xx_hal_cortex.o
 .text.SysTick_Config
                0x0000000008004920       0x44 Drivers/STM32F1xx_HAL_Driver/Src/stm32f1xx_hal_cortex.o
 .text.HAL_NVIC_SetPriorityGrouping
                0x0000000008004964       0x16 Drivers/STM32F1xx_HAL_Driver/Src/stm32f1xx_hal_cortex.o
                0x0000000008004964                HAL_NVIC_SetPriorityGrouping
 .text.HAL_NVIC_SetPriority
                0x000000000800497a       0x38 Drivers/STM32F1xx_HAL_Driver/Src/stm32f1xx_hal_cortex.o
                0x000000000800497a                HAL_NVIC_SetPriority
 .text.HAL_NVIC_EnableIRQ
                0x00000000080049b2       0x1c Drivers/STM32F1xx_HAL_Driver/Src/stm32f1xx_hal_cortex.o
                0x00000000080049b2                HAL_NVIC_EnableIRQ
 .text.HAL_SYSTICK_Config
                0x00000000080049ce       0x18 Drivers/STM32F1xx_HAL_Driver/Src/stm32f1xx_hal_cortex.o
                0x00000000080049ce                HAL_SYSTICK_Config
 .text.HAL_DMA_Abort
                0x00000000080049e6       0x74 Drivers/STM32F1xx_HAL_Driver/Src/stm32f1xx_hal_dma.o
                0x00000000080049e6                HAL_DMA_Abort
 *fill*         0x0000000008004a5a        0x2 
 .text.HAL_DMA_Abort_IT
                0x0000000008004a5c      0x210 Drivers/STM32F1xx_HAL_Driver/Src/stm32f1xx_hal_dma.o
                0x0000000008004a5c                HAL_DMA_Abort_IT
 .text.HAL_GPIO_Init
                0x0000000008004c6c      0x328 Drivers/STM32F1xx_HAL_Driver/Src/stm32f1xx_hal_gpio.o
                0x0000000008004c6c                HAL_GPIO_Init
 .text.HAL_GPIO_WritePin
                0x0000000008004f94       0x30 Drivers/STM32F1xx_HAL_Driver/Src/stm32f1xx_hal_gpio.o
                0x0000000008004f94                HAL_GPIO_WritePin
 .text.HAL_RCC_OscConfig
                0x0000000008004fc4      0x500 Drivers/STM32F1xx_HAL_Driver/Src/stm32f1xx_hal_rcc.o
                0x0000000008004fc4                HAL_RCC_OscConfig
 .text.HAL_RCC_ClockConfig
                0x00000000080054c4      0x1d4 Drivers/STM32F1xx_HAL_Driver/Src/stm32f1xx_hal_rcc.o
                0x00000000080054c4                HAL_RCC_ClockConfig
 .text.HAL_RCC_GetSysClockFreq
                0x0000000008005698       0xc0 Drivers/STM32F1xx_HAL_Driver/Src/stm32f1xx_hal_rcc.o
                0x0000000008005698                HAL_RCC_GetSysClockFreq
 .text.HAL_RCC_GetHCLKFreq
                0x0000000008005758       0x14 Drivers/STM32F1xx_HAL_Driver/Src/stm32f1xx_hal_rcc.o
                0x0000000008005758                HAL_RCC_GetHCLKFreq
 .text.HAL_RCC_GetPCLK1Freq
                0x000000000800576c       0x28 Drivers/STM32F1xx_HAL_Driver/Src/stm32f1xx_hal_rcc.o
                0x000000000800576c                HAL_RCC_GetPCLK1Freq
 .text.HAL_RCC_GetPCLK2Freq
                0x0000000008005794       0x28 Drivers/STM32F1xx_HAL_Driver/Src/stm32f1xx_hal_rcc.o
                0x0000000008005794                HAL_RCC_GetPCLK2Freq
 .text.RCC_Delay
                0x00000000080057bc       0x3c Drivers/STM32F1xx_HAL_Driver/Src/stm32f1xx_hal_rcc.o
 .text.HAL_TIM_Base_Init
                0x00000000080057f8       0x9e Drivers/STM32F1xx_HAL_Driver/Src/stm32f1xx_hal_tim.o
                0x00000000080057f8                HAL_TIM_Base_Init
 *fill*         0x0000000008005896        0x2 
 .text.HAL_TIM_Base_Start
                0x0000000008005898       0xb0 Drivers/STM32F1xx_HAL_Driver/Src/stm32f1xx_hal_tim.o
                0x0000000008005898                HAL_TIM_Base_Start
 .text.HAL_TIM_Base_Start_IT
                0x0000000008005948       0xc0 Drivers/STM32F1xx_HAL_Driver/Src/stm32f1xx_hal_tim.o
                0x0000000008005948                HAL_TIM_Base_Start_IT
 .text.HAL_TIM_PWM_Init
                0x0000000008005a08       0x9e Drivers/STM32F1xx_HAL_Driver/Src/stm32f1xx_hal_tim.o
                0x0000000008005a08                HAL_TIM_PWM_Init
 *fill*         0x0000000008005aa6        0x2 
 .text.HAL_TIM_PWM_Start
                0x0000000008005aa8      0x174 Drivers/STM32F1xx_HAL_Driver/Src/stm32f1xx_hal_tim.o
                0x0000000008005aa8                HAL_TIM_PWM_Start
 .text.HAL_TIM_IC_Init
                0x0000000008005c1c       0x9e Drivers/STM32F1xx_HAL_Driver/Src/stm32f1xx_hal_tim.o
                0x0000000008005c1c                HAL_TIM_IC_Init
 .text.HAL_TIM_IC_MspInit
                0x0000000008005cba       0x12 Drivers/STM32F1xx_HAL_Driver/Src/stm32f1xx_hal_tim.o
                0x0000000008005cba                HAL_TIM_IC_MspInit
 .text.HAL_TIM_IC_Start_IT
                0x0000000008005ccc      0x228 Drivers/STM32F1xx_HAL_Driver/Src/stm32f1xx_hal_tim.o
                0x0000000008005ccc                HAL_TIM_IC_Start_IT
 .text.HAL_TIM_Encoder_Init
                0x0000000008005ef4      0x144 Drivers/STM32F1xx_HAL_Driver/Src/stm32f1xx_hal_tim.o
                0x0000000008005ef4                HAL_TIM_Encoder_Init
 .text.HAL_TIM_Encoder_Start
                0x0000000008006038      0x11c Drivers/STM32F1xx_HAL_Driver/Src/stm32f1xx_hal_tim.o
                0x0000000008006038                HAL_TIM_Encoder_Start
 .text.HAL_TIM_IRQHandler
                0x0000000008006154      0x210 Drivers/STM32F1xx_HAL_Driver/Src/stm32f1xx_hal_tim.o
                0x0000000008006154                HAL_TIM_IRQHandler
 .text.HAL_TIM_IC_ConfigChannel
                0x0000000008006364      0x128 Drivers/STM32F1xx_HAL_Driver/Src/stm32f1xx_hal_tim.o
                0x0000000008006364                HAL_TIM_IC_ConfigChannel
 .text.HAL_TIM_PWM_ConfigChannel
                0x000000000800648c      0x17c Drivers/STM32F1xx_HAL_Driver/Src/stm32f1xx_hal_tim.o
                0x000000000800648c                HAL_TIM_PWM_ConfigChannel
 .text.HAL_TIM_ConfigClockSource
                0x0000000008006608      0x188 Drivers/STM32F1xx_HAL_Driver/Src/stm32f1xx_hal_tim.o
                0x0000000008006608                HAL_TIM_ConfigClockSource
 .text.HAL_TIM_ReadCapturedValue
                0x0000000008006790       0x88 Drivers/STM32F1xx_HAL_Driver/Src/stm32f1xx_hal_tim.o
                0x0000000008006790                HAL_TIM_ReadCapturedValue
 .text.HAL_TIM_OC_DelayElapsedCallback
                0x0000000008006818       0x12 Drivers/STM32F1xx_HAL_Driver/Src/stm32f1xx_hal_tim.o
                0x0000000008006818                HAL_TIM_OC_DelayElapsedCallback
 .text.HAL_TIM_PWM_PulseFinishedCallback
                0x000000000800682a       0x12 Drivers/STM32F1xx_HAL_Driver/Src/stm32f1xx_hal_tim.o
                0x000000000800682a                HAL_TIM_PWM_PulseFinishedCallback
 .text.HAL_TIM_TriggerCallback
                0x000000000800683c       0x12 Drivers/STM32F1xx_HAL_Driver/Src/stm32f1xx_hal_tim.o
                0x000000000800683c                HAL_TIM_TriggerCallback
 *fill*         0x000000000800684e        0x2 
 .text.TIM_Base_SetConfig
                0x0000000008006850       0xf4 Drivers/STM32F1xx_HAL_Driver/Src/stm32f1xx_hal_tim.o
                0x0000000008006850                TIM_Base_SetConfig
 .text.TIM_OC1_SetConfig
                0x0000000008006944       0xe0 Drivers/STM32F1xx_HAL_Driver/Src/stm32f1xx_hal_tim.o
 .text.TIM_OC2_SetConfig
                0x0000000008006a24       0xe8 Drivers/STM32F1xx_HAL_Driver/Src/stm32f1xx_hal_tim.o
                0x0000000008006a24                TIM_OC2_SetConfig
 .text.TIM_OC3_SetConfig
                0x0000000008006b0c       0xe8 Drivers/STM32F1xx_HAL_Driver/Src/stm32f1xx_hal_tim.o
 .text.TIM_OC4_SetConfig
                0x0000000008006bf4       0xa8 Drivers/STM32F1xx_HAL_Driver/Src/stm32f1xx_hal_tim.o
 .text.TIM_TI1_SetConfig
                0x0000000008006c9c       0xcc Drivers/STM32F1xx_HAL_Driver/Src/stm32f1xx_hal_tim.o
                0x0000000008006c9c                TIM_TI1_SetConfig
 .text.TIM_TI1_ConfigInputStage
                0x0000000008006d68       0x5c Drivers/STM32F1xx_HAL_Driver/Src/stm32f1xx_hal_tim.o
 .text.TIM_TI2_SetConfig
                0x0000000008006dc4       0x78 Drivers/STM32F1xx_HAL_Driver/Src/stm32f1xx_hal_tim.o
 .text.TIM_TI2_ConfigInputStage
                0x0000000008006e3c       0x5e Drivers/STM32F1xx_HAL_Driver/Src/stm32f1xx_hal_tim.o
 .text.TIM_TI3_SetConfig
                0x0000000008006e9a       0x76 Drivers/STM32F1xx_HAL_Driver/Src/stm32f1xx_hal_tim.o
 .text.TIM_TI4_SetConfig
                0x0000000008006f10       0x78 Drivers/STM32F1xx_HAL_Driver/Src/stm32f1xx_hal_tim.o
 .text.TIM_ITRx_SetConfig
                0x0000000008006f88       0x34 Drivers/STM32F1xx_HAL_Driver/Src/stm32f1xx_hal_tim.o
 .text.TIM_ETR_SetConfig
                0x0000000008006fbc       0x3e Drivers/STM32F1xx_HAL_Driver/Src/stm32f1xx_hal_tim.o
                0x0000000008006fbc                TIM_ETR_SetConfig
 .text.TIM_CCxChannelCmd
                0x0000000008006ffa       0x48 Drivers/STM32F1xx_HAL_Driver/Src/stm32f1xx_hal_tim.o
                0x0000000008006ffa                TIM_CCxChannelCmd
 *fill*         0x0000000008007042        0x2 
 .text.HAL_TIMEx_MasterConfigSynchronization
                0x0000000008007044       0xd8 Drivers/STM32F1xx_HAL_Driver/Src/stm32f1xx_hal_tim_ex.o
                0x0000000008007044                HAL_TIMEx_MasterConfigSynchronization
 .text.HAL_TIMEx_ConfigBreakDeadTime
                0x000000000800711c       0xa2 Drivers/STM32F1xx_HAL_Driver/Src/stm32f1xx_hal_tim_ex.o
                0x000000000800711c                HAL_TIMEx_ConfigBreakDeadTime
 .text.HAL_TIMEx_CommutCallback
                0x00000000080071be       0x12 Drivers/STM32F1xx_HAL_Driver/Src/stm32f1xx_hal_tim_ex.o
                0x00000000080071be                HAL_TIMEx_CommutCallback
 .text.HAL_TIMEx_BreakCallback
                0x00000000080071d0       0x12 Drivers/STM32F1xx_HAL_Driver/Src/stm32f1xx_hal_tim_ex.o
                0x00000000080071d0                HAL_TIMEx_BreakCallback
 .text.HAL_UART_Init
                0x00000000080071e2       0x9a Drivers/STM32F1xx_HAL_Driver/Src/stm32f1xx_hal_uart.o
                0x00000000080071e2                HAL_UART_Init
 .text.HAL_UART_Receive
                0x000000000800727c      0x144 Drivers/STM32F1xx_HAL_Driver/Src/stm32f1xx_hal_uart.o
                0x000000000800727c                HAL_UART_Receive
 .text.HAL_UART_Transmit_IT
                0x00000000080073c0       0x88 Drivers/STM32F1xx_HAL_Driver/Src/stm32f1xx_hal_uart.o
                0x00000000080073c0                HAL_UART_Transmit_IT
 .text.HAL_UART_Receive_IT
                0x0000000008007448       0x60 Drivers/STM32F1xx_HAL_Driver/Src/stm32f1xx_hal_uart.o
                0x0000000008007448                HAL_UART_Receive_IT
 .text.HAL_UART_IRQHandler
                0x00000000080074a8      0x354 Drivers/STM32F1xx_HAL_Driver/Src/stm32f1xx_hal_uart.o
                0x00000000080074a8                HAL_UART_IRQHandler
 .text.HAL_UART_TxCpltCallback
                0x00000000080077fc       0x12 Drivers/STM32F1xx_HAL_Driver/Src/stm32f1xx_hal_uart.o
                0x00000000080077fc                HAL_UART_TxCpltCallback
 .text.HAL_UART_ErrorCallback
                0x000000000800780e       0x12 Drivers/STM32F1xx_HAL_Driver/Src/stm32f1xx_hal_uart.o
                0x000000000800780e                HAL_UART_ErrorCallback
 .text.HAL_UARTEx_RxEventCallback
                0x0000000008007820       0x16 Drivers/STM32F1xx_HAL_Driver/Src/stm32f1xx_hal_uart.o
                0x0000000008007820                HAL_UARTEx_RxEventCallback
 .text.UART_WaitOnFlagUntilTimeout
                0x0000000008007836       0x94 Drivers/STM32F1xx_HAL_Driver/Src/stm32f1xx_hal_uart.o
 .text.UART_Start_Receive_IT
                0x00000000080078ca       0x72 Drivers/STM32F1xx_HAL_Driver/Src/stm32f1xx_hal_uart.o
                0x00000000080078ca                UART_Start_Receive_IT
 .text.UART_EndRxTransfer
                0x000000000800793c       0x58 Drivers/STM32F1xx_HAL_Driver/Src/stm32f1xx_hal_uart.o
 .text.UART_DMAAbortOnError
                0x0000000008007994       0x28 Drivers/STM32F1xx_HAL_Driver/Src/stm32f1xx_hal_uart.o
 .text.UART_Transmit_IT
                0x00000000080079bc       0x9e Drivers/STM32F1xx_HAL_Driver/Src/stm32f1xx_hal_uart.o
 .text.UART_EndTransmit_IT
                0x0000000008007a5a       0x30 Drivers/STM32F1xx_HAL_Driver/Src/stm32f1xx_hal_uart.o
 .text.UART_Receive_IT
                0x0000000008007a8a      0x152 Drivers/STM32F1xx_HAL_Driver/Src/stm32f1xx_hal_uart.o
 .text.UART_SetConfig
                0x0000000008007bdc      0x11c Drivers/STM32F1xx_HAL_Driver/Src/stm32f1xx_hal_uart.o
 .text.__libc_init_array
                0x0000000008007cf8       0x48 d:/stm32cubeide_1.6.1/stm32cubeide/plugins/com.st.stm32cube.ide.mcu.externaltools.gnu-tools-for-stm32.9-2020-q2-update.win32_1.5.0.202011040924/tools/bin/../lib/gcc/arm-none-eabi/9.3.1/../../../../arm-none-eabi/lib/thumb/v7-m/nofp\libc_nano.a(lib_a-init.o)
                0x0000000008007cf8                __libc_init_array
 .text.memset   0x0000000008007d40       0x10 d:/stm32cubeide_1.6.1/stm32cubeide/plugins/com.st.stm32cube.ide.mcu.externaltools.gnu-tools-for-stm32.9-2020-q2-update.win32_1.5.0.202011040924/tools/bin/../lib/gcc/arm-none-eabi/9.3.1/../../../../arm-none-eabi/lib/thumb/v7-m/nofp\libc_nano.a(lib_a-memset.o)
                0x0000000008007d40                memset
 *(.glue_7)
 .glue_7        0x0000000008007d50        0x0 linker stubs
 *(.glue_7t)
 .glue_7t       0x0000000008007d50        0x0 linker stubs
 *(.eh_frame)
 .eh_frame      0x0000000008007d50        0x0 d:/stm32cubeide_1.6.1/stm32cubeide/plugins/com.st.stm32cube.ide.mcu.externaltools.gnu-tools-for-stm32.9-2020-q2-update.win32_1.5.0.202011040924/tools/bin/../lib/gcc/arm-none-eabi/9.3.1/thumb/v7-m/nofp/crtbegin.o
 *(.init)
 .init          0x0000000008007d50        0x4 d:/stm32cubeide_1.6.1/stm32cubeide/plugins/com.st.stm32cube.ide.mcu.externaltools.gnu-tools-for-stm32.9-2020-q2-update.win32_1.5.0.202011040924/tools/bin/../lib/gcc/arm-none-eabi/9.3.1/thumb/v7-m/nofp/crti.o
                0x0000000008007d50                _init
 .init          0x0000000008007d54        0x8 d:/stm32cubeide_1.6.1/stm32cubeide/plugins/com.st.stm32cube.ide.mcu.externaltools.gnu-tools-for-stm32.9-2020-q2-update.win32_1.5.0.202011040924/tools/bin/../lib/gcc/arm-none-eabi/9.3.1/thumb/v7-m/nofp/crtn.o
 *(.fini)
 .fini          0x0000000008007d5c        0x4 d:/stm32cubeide_1.6.1/stm32cubeide/plugins/com.st.stm32cube.ide.mcu.externaltools.gnu-tools-for-stm32.9-2020-q2-update.win32_1.5.0.202011040924/tools/bin/../lib/gcc/arm-none-eabi/9.3.1/thumb/v7-m/nofp/crti.o
                0x0000000008007d5c                _fini
 .fini          0x0000000008007d60        0x8 d:/stm32cubeide_1.6.1/stm32cubeide/plugins/com.st.stm32cube.ide.mcu.externaltools.gnu-tools-for-stm32.9-2020-q2-update.win32_1.5.0.202011040924/tools/bin/../lib/gcc/arm-none-eabi/9.3.1/thumb/v7-m/nofp/crtn.o
                0x0000000008007d68                . = ALIGN (0x4)
                0x0000000008007d68                _etext = .

.vfp11_veneer   0x0000000008007d68        0x0
 .vfp11_veneer  0x0000000008007d68        0x0 linker stubs

.v4_bx          0x0000000008007d68        0x0
 .v4_bx         0x0000000008007d68        0x0 linker stubs

.iplt           0x0000000008007d68        0x0
 .iplt          0x0000000008007d68        0x0 d:/stm32cubeide_1.6.1/stm32cubeide/plugins/com.st.stm32cube.ide.mcu.externaltools.gnu-tools-for-stm32.9-2020-q2-update.win32_1.5.0.202011040924/tools/bin/../lib/gcc/arm-none-eabi/9.3.1/thumb/v7-m/nofp/crtbegin.o

.rodata         0x0000000008007d68       0x34
                0x0000000008007d68                . = ALIGN (0x4)
 *(.rodata)
 .rodata        0x0000000008007d68        0x7 Core/Src/bluetooth.o
 *fill*         0x0000000008007d6f        0x1 
 .rodata        0x0000000008007d70        0x3 Core/Src/main.o
 *fill*         0x0000000008007d73        0x1 
 .rodata        0x0000000008007d74       0x10 Drivers/STM32F1xx_HAL_Driver/Src/stm32f1xx_hal_rcc.o
 *(.rodata*)
 .rodata.AHBPrescTable
                0x0000000008007d84       0x10 Core/Src/system_stm32f1xx.o
                0x0000000008007d84                AHBPrescTable
 .rodata.APBPrescTable
                0x0000000008007d94        0x8 Core/Src/system_stm32f1xx.o
                0x0000000008007d94                APBPrescTable
                0x0000000008007d9c                . = ALIGN (0x4)

.rel.dyn        0x0000000008007d9c        0x0
 .rel.iplt      0x0000000008007d9c        0x0 d:/stm32cubeide_1.6.1/stm32cubeide/plugins/com.st.stm32cube.ide.mcu.externaltools.gnu-tools-for-stm32.9-2020-q2-update.win32_1.5.0.202011040924/tools/bin/../lib/gcc/arm-none-eabi/9.3.1/thumb/v7-m/nofp/crtbegin.o

.ARM.extab      0x0000000008007d9c        0x0
                0x0000000008007d9c                . = ALIGN (0x4)
 *(.ARM.extab* .gnu.linkonce.armextab.*)
                0x0000000008007d9c                . = ALIGN (0x4)

.ARM            0x0000000008007d9c        0x0
                0x0000000008007d9c                . = ALIGN (0x4)
                0x0000000008007d9c                __exidx_start = .
 *(.ARM.exidx*)
                0x0000000008007d9c                __exidx_end = .
                0x0000000008007d9c                . = ALIGN (0x4)

.preinit_array  0x0000000008007d9c        0x0
                0x0000000008007d9c                . = ALIGN (0x4)
                0x0000000008007d9c                PROVIDE (__preinit_array_start = .)
 *(.preinit_array*)
                0x0000000008007d9c                PROVIDE (__preinit_array_end = .)
                0x0000000008007d9c                . = ALIGN (0x4)

.init_array     0x0000000008007d9c        0x4
                0x0000000008007d9c                . = ALIGN (0x4)
                0x0000000008007d9c                PROVIDE (__init_array_start = .)
 *(SORT_BY_NAME(.init_array.*))
 *(.init_array*)
 .init_array    0x0000000008007d9c        0x4 d:/stm32cubeide_1.6.1/stm32cubeide/plugins/com.st.stm32cube.ide.mcu.externaltools.gnu-tools-for-stm32.9-2020-q2-update.win32_1.5.0.202011040924/tools/bin/../lib/gcc/arm-none-eabi/9.3.1/thumb/v7-m/nofp/crtbegin.o
                0x0000000008007da0                PROVIDE (__init_array_end = .)
                0x0000000008007da0                . = ALIGN (0x4)

.fini_array     0x0000000008007da0        0x4
                0x0000000008007da0                . = ALIGN (0x4)
                [!provide]                        PROVIDE (__fini_array_start = .)
 *(SORT_BY_NAME(.fini_array.*))
 *(.fini_array*)
 .fini_array    0x0000000008007da0        0x4 d:/stm32cubeide_1.6.1/stm32cubeide/plugins/com.st.stm32cube.ide.mcu.externaltools.gnu-tools-for-stm32.9-2020-q2-update.win32_1.5.0.202011040924/tools/bin/../lib/gcc/arm-none-eabi/9.3.1/thumb/v7-m/nofp/crtbegin.o
                [!provide]                        PROVIDE (__fini_array_end = .)
                0x0000000008007da4                . = ALIGN (0x4)
                0x0000000008007da4                _sidata = LOADADDR (.data)

.data           0x0000000020000000        0xc load address 0x0000000008007da4
                0x0000000020000000                . = ALIGN (0x4)
                0x0000000020000000                _sdata = .
 *(.data)
 *(.data*)
 .data.SystemCoreClock
                0x0000000020000000        0x4 Core/Src/system_stm32f1xx.o
                0x0000000020000000                SystemCoreClock
 .data.uwTickPrio
                0x0000000020000004        0x4 Drivers/STM32F1xx_HAL_Driver/Src/stm32f1xx_hal.o
                0x0000000020000004                uwTickPrio
 .data.uwTickFreq
                0x0000000020000008        0x1 Drivers/STM32F1xx_HAL_Driver/Src/stm32f1xx_hal.o
                0x0000000020000008                uwTickFreq
 *(.RamFunc)
 *(.RamFunc*)
                0x000000002000000c                . = ALIGN (0x4)
 *fill*         0x0000000020000009        0x3 
                0x000000002000000c                _edata = .

.igot.plt       0x000000002000000c        0x0 load address 0x0000000008007db0
 .igot.plt      0x000000002000000c        0x0 d:/stm32cubeide_1.6.1/stm32cubeide/plugins/com.st.stm32cube.ide.mcu.externaltools.gnu-tools-for-stm32.9-2020-q2-update.win32_1.5.0.202011040924/tools/bin/../lib/gcc/arm-none-eabi/9.3.1/thumb/v7-m/nofp/crtbegin.o
                0x000000002000000c                . = ALIGN (0x4)

.bss            0x0000000020000010      0x400 load address 0x0000000008007db0
                0x0000000020000010                _sbss = .
                0x0000000020000010                __bss_start__ = _sbss
 *(.bss)
 .bss           0x0000000020000010       0x1c d:/stm32cubeide_1.6.1/stm32cubeide/plugins/com.st.stm32cube.ide.mcu.externaltools.gnu-tools-for-stm32.9-2020-q2-update.win32_1.5.0.202011040924/tools/bin/../lib/gcc/arm-none-eabi/9.3.1/thumb/v7-m/nofp/crtbegin.o
 *(.bss*)
 *fill*         0x000000002000002c        0x4 
 .bss.errorpos_last.8546
                0x0000000020000030        0x8 Core/Src/control.o
 .bss.errorpos_prev.8547
                0x0000000020000038        0x8 Core/Src/control.o
 .bss.echo1     0x0000000020000040        0x2 Core/Src/main.o
                0x0000000020000040                echo1
 .bss.echo2     0x0000000020000042        0x2 Core/Src/main.o
                0x0000000020000042                echo2
 .bss.count     0x0000000020000044        0x2 Core/Src/main.o
                0x0000000020000044                count
 *fill*         0x0000000020000046        0x2 
 .bss.lefterror_last.7779
                0x0000000020000048        0x4 Core/Src/motor.o
 .bss.lefterror_before.7780
                0x000000002000004c        0x4 Core/Src/motor.o
 .bss.righterror_last.7788
                0x0000000020000050        0x4 Core/Src/motor.o
 .bss.righterror_before.7789
                0x0000000020000054        0x4 Core/Src/motor.o
 .bss.Cx        0x0000000020000058        0x1 Core/Src/openmv.o
 .bss.Cy        0x0000000020000059        0x1 Core/Src/openmv.o
 .bss.Cw        0x000000002000005a        0x1 Core/Src/openmv.o
 .bss.Ch        0x000000002000005b        0x1 Core/Src/openmv.o
 .bss.RxState.8555
                0x000000002000005c        0x1 Core/Src/openmv.o
 .bss.RxCounter1.8553
                0x000000002000005d        0x1 Core/Src/openmv.o
 *fill*         0x000000002000005e        0x2 
 .bss.RxBuffer1.8554
                0x0000000020000060       0x14 Core/Src/openmv.o
 *(COMMON)
 *fill*         0x0000000020000074        0x4 
 COMMON         0x0000000020000078       0xb2 Core/Src/bluetooth.o
                0x0000000020000078                back_flag
                0x000000002000007c                is_close4
                0x0000000020000080                rightspeed
                0x0000000020000084                MODE
                0x0000000020000088                is_close1
                0x000000002000008c                targetspeed
                0x0000000020000090                distance3
                0x0000000020000094                righttarget
                0x0000000020000098                stop_flag
                0x000000002000009c                IMURxBuffer
                0x00000000200000a8                is_down
                0x00000000200000ac                is_close3
                0x00000000200000b0                distance4
                0x00000000200000b4                theta
                0x00000000200000b8                is_close2
                0x00000000200000bc                servo_dir
                0x00000000200000be                servo_angle
                0x00000000200000c0                theta0
                0x00000000200000c4                mode
                0x00000000200000c8                rightfeedback
                0x00000000200000cc                distance1
                0x00000000200000d0                check_flag
                0x00000000200000d8                curv_error
                0x00000000200000e0                Rx_flag
                0x00000000200000e4                distance2
                0x00000000200000e8                is_stopping
                0x00000000200000ea                Rx_command
                0x00000000200000ec                avoid_comfirm
                0x00000000200000f0                curvature
                0x00000000200000f4                turn_target
                0x00000000200000f8                leftfeedback
                0x00000000200000fc                leftspeed
                0x0000000020000100                righterror
                0x0000000020000104                total_distance
                0x0000000020000108                lefttarget
                0x000000002000010c                Rx_len
                0x0000000020000110                avoid_dir
                0x0000000020000112                is_fetch
                0x0000000020000114                lefterror
                0x0000000020000118                Rx_byte
                0x000000002000011c                Rx_buffer
                0x0000000020000122                turn_flag
                0x0000000020000124                is_groundturn
                0x0000000020000126                is_shut
                0x0000000020000128                imu_check
 *fill*         0x000000002000012a        0x6 
 COMMON         0x0000000020000130       0x5c Core/Src/main.o
                0x0000000020000130                huart3
                0x0000000020000174                USART1_RXbuff
                0x0000000020000175                IS_FIRDT_CAPTURED
                0x0000000020000178                deviation_f
                0x0000000020000180                deviation
                0x0000000020000188                deviation_s
 COMMON         0x000000002000018c      0x1f8 Core/Src/tim.o
                0x000000002000018c                htim8
                0x00000000200001d4                htim4
                0x000000002000021c                htim5
                0x0000000020000264                htim3
                0x00000000200002ac                htim1
                0x00000000200002f4                htim2
                0x000000002000033c                htim7
 COMMON         0x0000000020000384       0x88 Core/Src/usart.o
                0x0000000020000384                huart1
                0x00000000200003c8                huart4
 COMMON         0x000000002000040c        0x4 Drivers/STM32F1xx_HAL_Driver/Src/stm32f1xx_hal.o
                0x000000002000040c                uwTick
                0x0000000020000410                . = ALIGN (0x4)
                0x0000000020000410                _ebss = .
                0x0000000020000410                __bss_end__ = _ebss

._user_heap_stack
                0x0000000020000410      0x600 load address 0x0000000008007db0
                0x0000000020000410                . = ALIGN (0x8)
                [!provide]                        PROVIDE (end = .)
                0x0000000020000410                PROVIDE (_end = .)
                0x0000000020000610                . = (. + _Min_Heap_Size)
 *fill*         0x0000000020000410      0x200 
                0x0000000020000a10                . = (. + _Min_Stack_Size)
 *fill*         0x0000000020000610      0x400 
                0x0000000020000a10                . = ALIGN (0x8)

/DISCARD/
 libc.a(*)
 libm.a(*)
 libgcc.a(*)

.ARM.attributes
                0x0000000000000000       0x29
 *(.ARM.attributes)
 .ARM.attributes
                0x0000000000000000       0x1d d:/stm32cubeide_1.6.1/stm32cubeide/plugins/com.st.stm32cube.ide.mcu.externaltools.gnu-tools-for-stm32.9-2020-q2-update.win32_1.5.0.202011040924/tools/bin/../lib/gcc/arm-none-eabi/9.3.1/thumb/v7-m/nofp/crti.o
 .ARM.attributes
                0x000000000000001d       0x2d d:/stm32cubeide_1.6.1/stm32cubeide/plugins/com.st.stm32cube.ide.mcu.externaltools.gnu-tools-for-stm32.9-2020-q2-update.win32_1.5.0.202011040924/tools/bin/../lib/gcc/arm-none-eabi/9.3.1/thumb/v7-m/nofp/crtbegin.o
 .ARM.attributes
                0x000000000000004a       0x2d Core/Src/bluetooth.o
 .ARM.attributes
                0x0000000000000077       0x2d Core/Src/control.o
 .ARM.attributes
                0x00000000000000a4       0x2d Core/Src/gpio.o
 .ARM.attributes
                0x00000000000000d1       0x2d Core/Src/imu.o
 .ARM.attributes
                0x00000000000000fe       0x2d Core/Src/main.o
 .ARM.attributes
                0x000000000000012b       0x2d Core/Src/motor.o
 .ARM.attributes
                0x0000000000000158       0x2d Core/Src/openmv.o
 .ARM.attributes
                0x0000000000000185       0x2d Core/Src/servo.o
 .ARM.attributes
                0x00000000000001b2       0x2d Core/Src/sonic.o
 .ARM.attributes
                0x00000000000001df       0x2d Core/Src/stm32f1xx_hal_msp.o
 .ARM.attributes
                0x000000000000020c       0x2d Core/Src/stm32f1xx_it.o
 .ARM.attributes
                0x0000000000000239       0x2d Core/Src/system_stm32f1xx.o
 .ARM.attributes
                0x0000000000000266       0x2d Core/Src/tim.o
 .ARM.attributes
                0x0000000000000293       0x2d Core/Src/usart.o
 .ARM.attributes
                0x00000000000002c0       0x21 Core/Startup/startup_stm32f103vetx.o
 .ARM.attributes
                0x00000000000002e1       0x2d Drivers/STM32F1xx_HAL_Driver/Src/stm32f1xx_hal.o
 .ARM.attributes
                0x000000000000030e       0x2d Drivers/STM32F1xx_HAL_Driver/Src/stm32f1xx_hal_cortex.o
 .ARM.attributes
                0x000000000000033b       0x2d Drivers/STM32F1xx_HAL_Driver/Src/stm32f1xx_hal_dma.o
 .ARM.attributes
                0x0000000000000368       0x2d Drivers/STM32F1xx_HAL_Driver/Src/stm32f1xx_hal_gpio.o
 .ARM.attributes
                0x0000000000000395       0x2d Drivers/STM32F1xx_HAL_Driver/Src/stm32f1xx_hal_rcc.o
 .ARM.attributes
                0x00000000000003c2       0x2d Drivers/STM32F1xx_HAL_Driver/Src/stm32f1xx_hal_tim.o
 .ARM.attributes
                0x00000000000003ef       0x2d Drivers/STM32F1xx_HAL_Driver/Src/stm32f1xx_hal_tim_ex.o
 .ARM.attributes
                0x000000000000041c       0x2d Drivers/STM32F1xx_HAL_Driver/Src/stm32f1xx_hal_uart.o
 .ARM.attributes
                0x0000000000000449       0x2d d:/stm32cubeide_1.6.1/stm32cubeide/plugins/com.st.stm32cube.ide.mcu.externaltools.gnu-tools-for-stm32.9-2020-q2-update.win32_1.5.0.202011040924/tools/bin/../lib/gcc/arm-none-eabi/9.3.1/../../../../arm-none-eabi/lib/thumb/v7-m/nofp\libc_nano.a(lib_a-init.o)
 .ARM.attributes
                0x0000000000000476       0x2d d:/stm32cubeide_1.6.1/stm32cubeide/plugins/com.st.stm32cube.ide.mcu.externaltools.gnu-tools-for-stm32.9-2020-q2-update.win32_1.5.0.202011040924/tools/bin/../lib/gcc/arm-none-eabi/9.3.1/../../../../arm-none-eabi/lib/thumb/v7-m/nofp\libc_nano.a(lib_a-memset.o)
 .ARM.attributes
                0x00000000000004a3       0x1d d:/stm32cubeide_1.6.1/stm32cubeide/plugins/com.st.stm32cube.ide.mcu.externaltools.gnu-tools-for-stm32.9-2020-q2-update.win32_1.5.0.202011040924/tools/bin/../lib/gcc/arm-none-eabi/9.3.1/thumb/v7-m/nofp\libgcc.a(_arm_addsubdf3.o)
 .ARM.attributes
                0x00000000000004c0       0x1d d:/stm32cubeide_1.6.1/stm32cubeide/plugins/com.st.stm32cube.ide.mcu.externaltools.gnu-tools-for-stm32.9-2020-q2-update.win32_1.5.0.202011040924/tools/bin/../lib/gcc/arm-none-eabi/9.3.1/thumb/v7-m/nofp\libgcc.a(_arm_muldivdf3.o)
 .ARM.attributes
                0x00000000000004dd       0x1d d:/stm32cubeide_1.6.1/stm32cubeide/plugins/com.st.stm32cube.ide.mcu.externaltools.gnu-tools-for-stm32.9-2020-q2-update.win32_1.5.0.202011040924/tools/bin/../lib/gcc/arm-none-eabi/9.3.1/thumb/v7-m/nofp\libgcc.a(_arm_cmpdf2.o)
 .ARM.attributes
                0x00000000000004fa       0x1d d:/stm32cubeide_1.6.1/stm32cubeide/plugins/com.st.stm32cube.ide.mcu.externaltools.gnu-tools-for-stm32.9-2020-q2-update.win32_1.5.0.202011040924/tools/bin/../lib/gcc/arm-none-eabi/9.3.1/thumb/v7-m/nofp\libgcc.a(_arm_fixdfsi.o)
 .ARM.attributes
                0x0000000000000517       0x1d d:/stm32cubeide_1.6.1/stm32cubeide/plugins/com.st.stm32cube.ide.mcu.externaltools.gnu-tools-for-stm32.9-2020-q2-update.win32_1.5.0.202011040924/tools/bin/../lib/gcc/arm-none-eabi/9.3.1/thumb/v7-m/nofp\libgcc.a(_arm_addsubsf3.o)
 .ARM.attributes
                0x0000000000000534       0x1d d:/stm32cubeide_1.6.1/stm32cubeide/plugins/com.st.stm32cube.ide.mcu.externaltools.gnu-tools-for-stm32.9-2020-q2-update.win32_1.5.0.202011040924/tools/bin/../lib/gcc/arm-none-eabi/9.3.1/thumb/v7-m/nofp\libgcc.a(_arm_muldivsf3.o)
 .ARM.attributes
                0x0000000000000551       0x1d d:/stm32cubeide_1.6.1/stm32cubeide/plugins/com.st.stm32cube.ide.mcu.externaltools.gnu-tools-for-stm32.9-2020-q2-update.win32_1.5.0.202011040924/tools/bin/../lib/gcc/arm-none-eabi/9.3.1/thumb/v7-m/nofp\libgcc.a(_arm_cmpsf2.o)
 .ARM.attributes
                0x000000000000056e       0x1d d:/stm32cubeide_1.6.1/stm32cubeide/plugins/com.st.stm32cube.ide.mcu.externaltools.gnu-tools-for-stm32.9-2020-q2-update.win32_1.5.0.202011040924/tools/bin/../lib/gcc/arm-none-eabi/9.3.1/thumb/v7-m/nofp\libgcc.a(_arm_fixsfsi.o)
 .ARM.attributes
                0x000000000000058b       0x1d d:/stm32cubeide_1.6.1/stm32cubeide/plugins/com.st.stm32cube.ide.mcu.externaltools.gnu-tools-for-stm32.9-2020-q2-update.win32_1.5.0.202011040924/tools/bin/../lib/gcc/arm-none-eabi/9.3.1/thumb/v7-m/nofp/crtn.o
OUTPUT(intercar.elf elf32-littlearm)
LOAD linker stubs
LOAD d:/stm32cubeide_1.6.1/stm32cubeide/plugins/com.st.stm32cube.ide.mcu.externaltools.gnu-tools-for-stm32.9-2020-q2-update.win32_1.5.0.202011040924/tools/bin/../lib/gcc/arm-none-eabi/9.3.1/../../../../arm-none-eabi/lib/thumb/v7-m/nofp\libc.a
LOAD d:/stm32cubeide_1.6.1/stm32cubeide/plugins/com.st.stm32cube.ide.mcu.externaltools.gnu-tools-for-stm32.9-2020-q2-update.win32_1.5.0.202011040924/tools/bin/../lib/gcc/arm-none-eabi/9.3.1/../../../../arm-none-eabi/lib/thumb/v7-m/nofp\libm.a
LOAD d:/stm32cubeide_1.6.1/stm32cubeide/plugins/com.st.stm32cube.ide.mcu.externaltools.gnu-tools-for-stm32.9-2020-q2-update.win32_1.5.0.202011040924/tools/bin/../lib/gcc/arm-none-eabi/9.3.1/thumb/v7-m/nofp\libgcc.a

.debug_info     0x0000000000000000    0x16373
 .debug_info    0x0000000000000000     0x171e Core/Src/bluetooth.o
 .debug_info    0x000000000000171e     0x1740 Core/Src/control.o
 .debug_info    0x0000000000002e5e      0x3c9 Core/Src/gpio.o
 .debug_info    0x0000000000003227      0xaab Core/Src/imu.o
 .debug_info    0x0000000000003cd2     0x1a1b Core/Src/main.o
 .debug_info    0x00000000000056ed     0x1572 Core/Src/motor.o
 .debug_info    0x0000000000006c5f     0x16d8 Core/Src/openmv.o
 .debug_info    0x0000000000008337     0x14dc Core/Src/servo.o
 .debug_info    0x0000000000009813     0x1436 Core/Src/sonic.o
 .debug_info    0x000000000000ac49      0x2fc Core/Src/stm32f1xx_hal_msp.o
 .debug_info    0x000000000000af45      0xa7d Core/Src/stm32f1xx_it.o
 .debug_info    0x000000000000b9c2      0x2be Core/Src/system_stm32f1xx.o
 .debug_info    0x000000000000bc80     0x1249 Core/Src/tim.o
 .debug_info    0x000000000000cec9     0x1395 Core/Src/usart.o
 .debug_info    0x000000000000e25e       0x22 Core/Startup/startup_stm32f103vetx.o
 .debug_info    0x000000000000e280      0x7d0 Drivers/STM32F1xx_HAL_Driver/Src/stm32f1xx_hal.o
 .debug_info    0x000000000000ea50      0xc42 Drivers/STM32F1xx_HAL_Driver/Src/stm32f1xx_hal_cortex.o
 .debug_info    0x000000000000f692      0x81e Drivers/STM32F1xx_HAL_Driver/Src/stm32f1xx_hal_dma.o
 .debug_info    0x000000000000feb0      0x701 Drivers/STM32F1xx_HAL_Driver/Src/stm32f1xx_hal_gpio.o
 .debug_info    0x00000000000105b1      0x88e Drivers/STM32F1xx_HAL_Driver/Src/stm32f1xx_hal_rcc.o
 .debug_info    0x0000000000010e3f     0x2a45 Drivers/STM32F1xx_HAL_Driver/Src/stm32f1xx_hal_tim.o
 .debug_info    0x0000000000013884     0x14d5 Drivers/STM32F1xx_HAL_Driver/Src/stm32f1xx_hal_tim_ex.o
 .debug_info    0x0000000000014d59     0x161a Drivers/STM32F1xx_HAL_Driver/Src/stm32f1xx_hal_uart.o

.debug_abbrev   0x0000000000000000     0x302d
 .debug_abbrev  0x0000000000000000      0x26b Core/Src/bluetooth.o
 .debug_abbrev  0x000000000000026b      0x29a Core/Src/control.o
 .debug_abbrev  0x0000000000000505      0x14e Core/Src/gpio.o
 .debug_abbrev  0x0000000000000653      0x1e2 Core/Src/imu.o
 .debug_abbrev  0x0000000000000835      0x302 Core/Src/main.o
 .debug_abbrev  0x0000000000000b37      0x262 Core/Src/motor.o
 .debug_abbrev  0x0000000000000d99      0x26d Core/Src/openmv.o
 .debug_abbrev  0x0000000000001006      0x294 Core/Src/servo.o
 .debug_abbrev  0x000000000000129a      0x235 Core/Src/sonic.o
 .debug_abbrev  0x00000000000014cf      0x11d Core/Src/stm32f1xx_hal_msp.o
 .debug_abbrev  0x00000000000015ec      0x190 Core/Src/stm32f1xx_it.o
 .debug_abbrev  0x000000000000177c      0x14e Core/Src/system_stm32f1xx.o
 .debug_abbrev  0x00000000000018ca      0x220 Core/Src/tim.o
 .debug_abbrev  0x0000000000001aea      0x25f Core/Src/usart.o
 .debug_abbrev  0x0000000000001d49       0x12 Core/Startup/startup_stm32f103vetx.o
 .debug_abbrev  0x0000000000001d5b      0x1ed Drivers/STM32F1xx_HAL_Driver/Src/stm32f1xx_hal.o
 .debug_abbrev  0x0000000000001f48      0x313 Drivers/STM32F1xx_HAL_Driver/Src/stm32f1xx_hal_cortex.o
 .debug_abbrev  0x000000000000225b      0x228 Drivers/STM32F1xx_HAL_Driver/Src/stm32f1xx_hal_dma.o
 .debug_abbrev  0x0000000000002483      0x1e8 Drivers/STM32F1xx_HAL_Driver/Src/stm32f1xx_hal_gpio.o
 .debug_abbrev  0x000000000000266b      0x273 Drivers/STM32F1xx_HAL_Driver/Src/stm32f1xx_hal_rcc.o
 .debug_abbrev  0x00000000000028de      0x25e Drivers/STM32F1xx_HAL_Driver/Src/stm32f1xx_hal_tim.o
 .debug_abbrev  0x0000000000002b3c      0x266 Drivers/STM32F1xx_HAL_Driver/Src/stm32f1xx_hal_tim_ex.o
 .debug_abbrev  0x0000000000002da2      0x28b Drivers/STM32F1xx_HAL_Driver/Src/stm32f1xx_hal_uart.o

.debug_aranges  0x0000000000000000      0xe88
 .debug_aranges
                0x0000000000000000       0x30 Core/Src/bluetooth.o
 .debug_aranges
                0x0000000000000030       0x58 Core/Src/control.o
 .debug_aranges
                0x0000000000000088       0x20 Core/Src/gpio.o
 .debug_aranges
                0x00000000000000a8       0x20 Core/Src/imu.o
 .debug_aranges
                0x00000000000000c8       0x48 Core/Src/main.o
 .debug_aranges
                0x0000000000000110       0x48 Core/Src/motor.o
 .debug_aranges
                0x0000000000000158       0x38 Core/Src/openmv.o
 .debug_aranges
                0x0000000000000190       0x68 Core/Src/servo.o
 .debug_aranges
                0x00000000000001f8       0x40 Core/Src/sonic.o
 .debug_aranges
                0x0000000000000238       0x20 Core/Src/stm32f1xx_hal_msp.o
 .debug_aranges
                0x0000000000000258       0x88 Core/Src/stm32f1xx_it.o
 .debug_aranges
                0x00000000000002e0       0x28 Core/Src/system_stm32f1xx.o
 .debug_aranges
                0x0000000000000308       0x90 Core/Src/tim.o
 .debug_aranges
                0x0000000000000398       0x48 Core/Src/usart.o
 .debug_aranges
                0x00000000000003e0       0x28 Core/Startup/startup_stm32f103vetx.o
 .debug_aranges
                0x0000000000000408       0xe0 Drivers/STM32F1xx_HAL_Driver/Src/stm32f1xx_hal.o
 .debug_aranges
                0x00000000000004e8      0x100 Drivers/STM32F1xx_HAL_Driver/Src/stm32f1xx_hal_cortex.o
 .debug_aranges
                0x00000000000005e8       0x80 Drivers/STM32F1xx_HAL_Driver/Src/stm32f1xx_hal_dma.o
 .debug_aranges
                0x0000000000000668       0x58 Drivers/STM32F1xx_HAL_Driver/Src/stm32f1xx_hal_gpio.o
 .debug_aranges
                0x00000000000006c0       0x90 Drivers/STM32F1xx_HAL_Driver/Src/stm32f1xx_hal_rcc.o
 .debug_aranges
                0x0000000000000750      0x3d0 Drivers/STM32F1xx_HAL_Driver/Src/stm32f1xx_hal_tim.o
 .debug_aranges
                0x0000000000000b20      0x168 Drivers/STM32F1xx_HAL_Driver/Src/stm32f1xx_hal_tim_ex.o
 .debug_aranges
                0x0000000000000c88      0x200 Drivers/STM32F1xx_HAL_Driver/Src/stm32f1xx_hal_uart.o

.debug_ranges   0x0000000000000000      0xd50
 .debug_ranges  0x0000000000000000       0x20 Core/Src/bluetooth.o
 .debug_ranges  0x0000000000000020       0x48 Core/Src/control.o
 .debug_ranges  0x0000000000000068       0x10 Core/Src/gpio.o
 .debug_ranges  0x0000000000000078       0x10 Core/Src/imu.o
 .debug_ranges  0x0000000000000088       0x38 Core/Src/main.o
 .debug_ranges  0x00000000000000c0       0x38 Core/Src/motor.o
 .debug_ranges  0x00000000000000f8       0x28 Core/Src/openmv.o
 .debug_ranges  0x0000000000000120       0x58 Core/Src/servo.o
 .debug_ranges  0x0000000000000178       0x30 Core/Src/sonic.o
 .debug_ranges  0x00000000000001a8       0x10 Core/Src/stm32f1xx_hal_msp.o
 .debug_ranges  0x00000000000001b8       0x78 Core/Src/stm32f1xx_it.o
 .debug_ranges  0x0000000000000230       0x18 Core/Src/system_stm32f1xx.o
 .debug_ranges  0x0000000000000248       0x80 Core/Src/tim.o
 .debug_ranges  0x00000000000002c8       0x38 Core/Src/usart.o
 .debug_ranges  0x0000000000000300       0x20 Core/Startup/startup_stm32f103vetx.o
 .debug_ranges  0x0000000000000320       0xd0 Drivers/STM32F1xx_HAL_Driver/Src/stm32f1xx_hal.o
 .debug_ranges  0x00000000000003f0       0xf0 Drivers/STM32F1xx_HAL_Driver/Src/stm32f1xx_hal_cortex.o
 .debug_ranges  0x00000000000004e0       0x70 Drivers/STM32F1xx_HAL_Driver/Src/stm32f1xx_hal_dma.o
 .debug_ranges  0x0000000000000550       0x48 Drivers/STM32F1xx_HAL_Driver/Src/stm32f1xx_hal_gpio.o
 .debug_ranges  0x0000000000000598       0x80 Drivers/STM32F1xx_HAL_Driver/Src/stm32f1xx_hal_rcc.o
 .debug_ranges  0x0000000000000618      0x3c0 Drivers/STM32F1xx_HAL_Driver/Src/stm32f1xx_hal_tim.o
 .debug_ranges  0x00000000000009d8      0x158 Drivers/STM32F1xx_HAL_Driver/Src/stm32f1xx_hal_tim_ex.o
 .debug_ranges  0x0000000000000b30      0x220 Drivers/STM32F1xx_HAL_Driver/Src/stm32f1xx_hal_uart.o

.debug_macro    0x0000000000000000    0x1bf15
 .debug_macro   0x0000000000000000      0x405 Core/Src/bluetooth.o
 .debug_macro   0x0000000000000405      0xa9c Core/Src/bluetooth.o
 .debug_macro   0x0000000000000ea1      0x21b Core/Src/bluetooth.o
 .debug_macro   0x00000000000010bc       0x2e Core/Src/bluetooth.o
 .debug_macro   0x00000000000010ea       0x22 Core/Src/bluetooth.o
 .debug_macro   0x000000000000110c       0x22 Core/Src/bluetooth.o
 .debug_macro   0x000000000000112e       0x8e Core/Src/bluetooth.o
 .debug_macro   0x00000000000011bc       0x51 Core/Src/bluetooth.o
 .debug_macro   0x000000000000120d      0x103 Core/Src/bluetooth.o
 .debug_macro   0x0000000000001310       0x6a Core/Src/bluetooth.o
 .debug_macro   0x000000000000137a      0x1df Core/Src/bluetooth.o
 .debug_macro   0x0000000000001559       0x1c Core/Src/bluetooth.o
 .debug_macro   0x0000000000001575       0x22 Core/Src/bluetooth.o
 .debug_macro   0x0000000000001597       0xc3 Core/Src/bluetooth.o
 .debug_macro   0x000000000000165a      0xd23 Core/Src/bluetooth.o
 .debug_macro   0x000000000000237d     0xfd8c Core/Src/bluetooth.o
 .debug_macro   0x0000000000012109       0x6d Core/Src/bluetooth.o
 .debug_macro   0x0000000000012176     0x3468 Core/Src/bluetooth.o
 .debug_macro   0x00000000000155de      0x174 Core/Src/bluetooth.o
 .debug_macro   0x0000000000015752       0x5c Core/Src/bluetooth.o
 .debug_macro   0x00000000000157ae      0x5be Core/Src/bluetooth.o
 .debug_macro   0x0000000000015d6c      0x4d5 Core/Src/bluetooth.o
 .debug_macro   0x0000000000016241      0x1cb Core/Src/bluetooth.o
 .debug_macro   0x000000000001640c      0x114 Core/Src/bluetooth.o
 .debug_macro   0x0000000000016520      0x1ea Core/Src/bluetooth.o
 .debug_macro   0x000000000001670a       0x27 Core/Src/bluetooth.o
 .debug_macro   0x0000000000016731      0x144 Core/Src/bluetooth.o
 .debug_macro   0x0000000000016875      0x1bc Core/Src/bluetooth.o
 .debug_macro   0x0000000000016a31       0x30 Core/Src/bluetooth.o
 .debug_macro   0x0000000000016a61       0x3c Core/Src/bluetooth.o
 .debug_macro   0x0000000000016a9d       0x57 Core/Src/bluetooth.o
 .debug_macro   0x0000000000016af4       0x88 Core/Src/bluetooth.o
 .debug_macro   0x0000000000016b7c      0x24f Core/Src/bluetooth.o
 .debug_macro   0x0000000000016dcb      0x141 Core/Src/bluetooth.o
 .debug_macro   0x0000000000016f0c      0x8d1 Core/Src/bluetooth.o
 .debug_macro   0x00000000000177dd      0x279 Core/Src/bluetooth.o
 .debug_macro   0x0000000000017a56       0xb5 Core/Src/bluetooth.o
 .debug_macro   0x0000000000017b0b       0x52 Core/Src/bluetooth.o
 .debug_macro   0x0000000000017b5d      0x34e Core/Src/bluetooth.o
 .debug_macro   0x0000000000017eab       0x52 Core/Src/bluetooth.o
 .debug_macro   0x0000000000017efd       0x18 Core/Src/bluetooth.o
 .debug_macro   0x0000000000017f15       0x3c Core/Src/bluetooth.o
 .debug_macro   0x0000000000017f51       0x34 Core/Src/bluetooth.o
 .debug_macro   0x0000000000017f85       0x16 Core/Src/bluetooth.o
 .debug_macro   0x0000000000017f9b       0x35 Core/Src/bluetooth.o
 .debug_macro   0x0000000000017fd0      0x333 Core/Src/bluetooth.o
 .debug_macro   0x0000000000018303       0x10 Core/Src/bluetooth.o
 .debug_macro   0x0000000000018313       0x16 Core/Src/bluetooth.o
 .debug_macro   0x0000000000018329       0x43 Core/Src/bluetooth.o
 .debug_macro   0x000000000001836c       0x34 Core/Src/bluetooth.o
 .debug_macro   0x00000000000183a0       0x10 Core/Src/bluetooth.o
 .debug_macro   0x00000000000183b0       0x58 Core/Src/bluetooth.o
 .debug_macro   0x0000000000018408       0x71 Core/Src/bluetooth.o
 .debug_macro   0x0000000000018479       0x1c Core/Src/bluetooth.o
 .debug_macro   0x0000000000018495      0x12a Core/Src/bluetooth.o
 .debug_macro   0x00000000000185bf       0x10 Core/Src/bluetooth.o
 .debug_macro   0x00000000000185cf       0x1c Core/Src/bluetooth.o
 .debug_macro   0x00000000000185eb       0x52 Core/Src/bluetooth.o
 .debug_macro   0x000000000001863d       0x22 Core/Src/bluetooth.o
 .debug_macro   0x000000000001865f       0x10 Core/Src/bluetooth.o
 .debug_macro   0x000000000001866f       0x40 Core/Src/bluetooth.o
 .debug_macro   0x00000000000186af       0xd5 Core/Src/bluetooth.o
 .debug_macro   0x0000000000018784       0x1c Core/Src/bluetooth.o
 .debug_macro   0x00000000000187a0       0x3d Core/Src/bluetooth.o
 .debug_macro   0x00000000000187dd       0x16 Core/Src/bluetooth.o
 .debug_macro   0x00000000000187f3      0x145 Core/Src/bluetooth.o
 .debug_macro   0x0000000000018938       0x16 Core/Src/bluetooth.o
 .debug_macro   0x000000000001894e       0x16 Core/Src/bluetooth.o
 .debug_macro   0x0000000000018964       0x29 Core/Src/bluetooth.o
 .debug_macro   0x000000000001898d       0x34 Core/Src/bluetooth.o
 .debug_macro   0x00000000000189c1      0x1a9 Core/Src/bluetooth.o
 .debug_macro   0x0000000000018b6a       0x16 Core/Src/bluetooth.o
 .debug_macro   0x0000000000018b80       0x20 Core/Src/bluetooth.o
 .debug_macro   0x0000000000018ba0       0x2e Core/Src/bluetooth.o
 .debug_macro   0x0000000000018bce      0x3f5 Core/Src/control.o
 .debug_macro   0x0000000000018fc3      0x1bc Core/Src/gpio.o
 .debug_macro   0x000000000001917f      0x351 Core/Src/imu.o
 .debug_macro   0x00000000000194d0      0x476 Core/Src/main.o
 .debug_macro   0x0000000000019946      0x37f Core/Src/motor.o
 .debug_macro   0x0000000000019cc5      0x3ff Core/Src/openmv.o
 .debug_macro   0x000000000001a0c4      0x346 Core/Src/servo.o
 .debug_macro   0x000000000001a40a       0x1c Core/Src/servo.o
 .debug_macro   0x000000000001a426      0x346 Core/Src/sonic.o
 .debug_macro   0x000000000001a76c      0x1b2 Core/Src/stm32f1xx_hal_msp.o
 .debug_macro   0x000000000001a91e      0x1bc Core/Src/stm32f1xx_it.o
 .debug_macro   0x000000000001aada      0x1a3 Core/Src/system_stm32f1xx.o
 .debug_macro   0x000000000001ac7d      0x1bc Core/Src/tim.o
 .debug_macro   0x000000000001ae39      0x321 Core/Src/usart.o
 .debug_macro   0x000000000001b15a      0x1c7 Drivers/STM32F1xx_HAL_Driver/Src/stm32f1xx_hal.o
 .debug_macro   0x000000000001b321      0x1a3 Drivers/STM32F1xx_HAL_Driver/Src/stm32f1xx_hal_cortex.o
 .debug_macro   0x000000000001b4c4      0x1a3 Drivers/STM32F1xx_HAL_Driver/Src/stm32f1xx_hal_dma.o
 .debug_macro   0x000000000001b667      0x20e Drivers/STM32F1xx_HAL_Driver/Src/stm32f1xx_hal_gpio.o
 .debug_macro   0x000000000001b875      0x1b5 Drivers/STM32F1xx_HAL_Driver/Src/stm32f1xx_hal_rcc.o
 .debug_macro   0x000000000001ba2a      0x1a4 Drivers/STM32F1xx_HAL_Driver/Src/stm32f1xx_hal_tim.o
 .debug_macro   0x000000000001bbce      0x1a3 Drivers/STM32F1xx_HAL_Driver/Src/stm32f1xx_hal_tim_ex.o
 .debug_macro   0x000000000001bd71      0x1a4 Drivers/STM32F1xx_HAL_Driver/Src/stm32f1xx_hal_uart.o

.debug_line     0x0000000000000000    0x13036
 .debug_line    0x0000000000000000      0xb61 Core/Src/bluetooth.o
 .debug_line    0x0000000000000b61      0xf3e Core/Src/control.o
 .debug_line    0x0000000000001a9f      0x69d Core/Src/gpio.o
 .debug_line    0x000000000000213c      0x92b Core/Src/imu.o
 .debug_line    0x0000000000002a67      0xe6d Core/Src/main.o
 .debug_line    0x00000000000038d4      0x9d2 Core/Src/motor.o
 .debug_line    0x00000000000042a6      0xb0a Core/Src/openmv.o
 .debug_line    0x0000000000004db0      0xa45 Core/Src/servo.o
 .debug_line    0x00000000000057f5      0x90a Core/Src/sonic.o
 .debug_line    0x00000000000060ff      0x672 Core/Src/stm32f1xx_hal_msp.o
 .debug_line    0x0000000000006771      0x7ab Core/Src/stm32f1xx_it.o
 .debug_line    0x0000000000006f1c      0x6ef Core/Src/system_stm32f1xx.o
 .debug_line    0x000000000000760b      0xaf3 Core/Src/tim.o
 .debug_line    0x00000000000080fe      0x9c4 Core/Src/usart.o
 .debug_line    0x0000000000008ac2       0x87 Core/Startup/startup_stm32f103vetx.o
 .debug_line    0x0000000000008b49      0x91c Drivers/STM32F1xx_HAL_Driver/Src/stm32f1xx_hal.o
 .debug_line    0x0000000000009465      0xb04 Drivers/STM32F1xx_HAL_Driver/Src/stm32f1xx_hal_cortex.o
 .debug_line    0x0000000000009f69     0x1246 Drivers/STM32F1xx_HAL_Driver/Src/stm32f1xx_hal_dma.o
 .debug_line    0x000000000000b1af      0x9db Drivers/STM32F1xx_HAL_Driver/Src/stm32f1xx_hal_gpio.o
 .debug_line    0x000000000000bb8a      0xd2a Drivers/STM32F1xx_HAL_Driver/Src/stm32f1xx_hal_rcc.o
 .debug_line    0x000000000000c8b4     0x34e3 Drivers/STM32F1xx_HAL_Driver/Src/stm32f1xx_hal_tim.o
 .debug_line    0x000000000000fd97     0x18a8 Drivers/STM32F1xx_HAL_Driver/Src/stm32f1xx_hal_tim_ex.o
 .debug_line    0x000000000001163f     0x19f7 Drivers/STM32F1xx_HAL_Driver/Src/stm32f1xx_hal_uart.o

.debug_str      0x0000000000000000    0x9a3ac
 .debug_str     0x0000000000000000    0x9702e Core/Src/bluetooth.o
                                      0x976e8 (size before relaxing)
 .debug_str     0x000000000009702e       0xb1 Core/Src/control.o
                                      0x9770e (size before relaxing)
 .debug_str     0x00000000000970df       0xc5 Core/Src/gpio.o
                                      0x918ef (size before relaxing)
 .debug_str     0x00000000000971a4       0x20 Core/Src/imu.o
                                      0x959a7 (size before relaxing)
 .debug_str     0x00000000000971c4      0x246 Core/Src/main.o
                                      0x97907 (size before relaxing)
 .debug_str     0x000000000009740a       0xd7 Core/Src/motor.o
                                      0x96c78 (size before relaxing)
 .debug_str     0x00000000000974e1       0x71 Core/Src/openmv.o
                                      0x976cd (size before relaxing)
 .debug_str     0x0000000000097552       0xa7 Core/Src/servo.o
                                      0x96918 (size before relaxing)
 .debug_str     0x00000000000975f9       0x5d Core/Src/sonic.o
                                      0x96905 (size before relaxing)
 .debug_str     0x0000000000097656       0x5a Core/Src/stm32f1xx_hal_msp.o
                                      0x918a5 (size before relaxing)
 .debug_str     0x00000000000976b0      0x112 Core/Src/stm32f1xx_it.o
                                      0x91fd5 (size before relaxing)
 .debug_str     0x00000000000977c2       0x52 Core/Src/system_stm32f1xx.o
                                      0x91787 (size before relaxing)
 .debug_str     0x0000000000097814      0x695 Core/Src/tim.o
                                      0x9256b (size before relaxing)
 .debug_str     0x0000000000097ea9       0xb1 Core/Src/usart.o
                                      0x961c3 (size before relaxing)
 .debug_str     0x0000000000097f5a       0x36 Core/Startup/startup_stm32f103vetx.o
                                         0x65 (size before relaxing)
 .debug_str     0x0000000000097f90      0x304 Drivers/STM32F1xx_HAL_Driver/Src/stm32f1xx_hal.o
                                      0x91efc (size before relaxing)
 .debug_str     0x0000000000098294      0x300 Drivers/STM32F1xx_HAL_Driver/Src/stm32f1xx_hal_cortex.o
                                      0x91f04 (size before relaxing)
 .debug_str     0x0000000000098594      0x235 Drivers/STM32F1xx_HAL_Driver/Src/stm32f1xx_hal_dma.o
                                      0x91b62 (size before relaxing)
 .debug_str     0x00000000000987c9      0x31f Drivers/STM32F1xx_HAL_Driver/Src/stm32f1xx_hal_gpio.o
                                      0x91b4b (size before relaxing)
 .debug_str     0x0000000000098ae8      0x24f Drivers/STM32F1xx_HAL_Driver/Src/stm32f1xx_hal_rcc.o
                                      0x91b84 (size before relaxing)
 .debug_str     0x0000000000098d37      0xc46 Drivers/STM32F1xx_HAL_Driver/Src/stm32f1xx_hal_tim.o
                                      0x92b56 (size before relaxing)
 .debug_str     0x000000000009997d      0x45a Drivers/STM32F1xx_HAL_Driver/Src/stm32f1xx_hal_tim_ex.o
                                      0x92307 (size before relaxing)
 .debug_str     0x0000000000099dd7      0x5d5 Drivers/STM32F1xx_HAL_Driver/Src/stm32f1xx_hal_uart.o
                                      0x92176 (size before relaxing)

.comment        0x0000000000000000       0x53
 .comment       0x0000000000000000       0x53 Core/Src/bluetooth.o
                                         0x54 (size before relaxing)
 .comment       0x0000000000000053       0x54 Core/Src/control.o
 .comment       0x0000000000000053       0x54 Core/Src/gpio.o
 .comment       0x0000000000000053       0x54 Core/Src/imu.o
 .comment       0x0000000000000053       0x54 Core/Src/main.o
 .comment       0x0000000000000053       0x54 Core/Src/motor.o
 .comment       0x0000000000000053       0x54 Core/Src/openmv.o
 .comment       0x0000000000000053       0x54 Core/Src/servo.o
 .comment       0x0000000000000053       0x54 Core/Src/sonic.o
 .comment       0x0000000000000053       0x54 Core/Src/stm32f1xx_hal_msp.o
 .comment       0x0000000000000053       0x54 Core/Src/stm32f1xx_it.o
 .comment       0x0000000000000053       0x54 Core/Src/system_stm32f1xx.o
 .comment       0x0000000000000053       0x54 Core/Src/tim.o
 .comment       0x0000000000000053       0x54 Core/Src/usart.o
 .comment       0x0000000000000053       0x54 Drivers/STM32F1xx_HAL_Driver/Src/stm32f1xx_hal.o
 .comment       0x0000000000000053       0x54 Drivers/STM32F1xx_HAL_Driver/Src/stm32f1xx_hal_cortex.o
 .comment       0x0000000000000053       0x54 Drivers/STM32F1xx_HAL_Driver/Src/stm32f1xx_hal_dma.o
 .comment       0x0000000000000053       0x54 Drivers/STM32F1xx_HAL_Driver/Src/stm32f1xx_hal_gpio.o
 .comment       0x0000000000000053       0x54 Drivers/STM32F1xx_HAL_Driver/Src/stm32f1xx_hal_rcc.o
 .comment       0x0000000000000053       0x54 Drivers/STM32F1xx_HAL_Driver/Src/stm32f1xx_hal_tim.o
 .comment       0x0000000000000053       0x54 Drivers/STM32F1xx_HAL_Driver/Src/stm32f1xx_hal_tim_ex.o
 .comment       0x0000000000000053       0x54 Drivers/STM32F1xx_HAL_Driver/Src/stm32f1xx_hal_uart.o

.debug_frame    0x0000000000000000     0x3d34
 .debug_frame   0x0000000000000000       0x80 Core/Src/bluetooth.o
 .debug_frame   0x0000000000000080      0x12c Core/Src/control.o
 .debug_frame   0x00000000000001ac       0x34 Core/Src/gpio.o
 .debug_frame   0x00000000000001e0       0x34 Core/Src/imu.o
 .debug_frame   0x0000000000000214       0xdc Core/Src/main.o
 .debug_frame   0x00000000000002f0       0xe8 Core/Src/motor.o
 .debug_frame   0x00000000000003d8       0x8c Core/Src/openmv.o
 .debug_frame   0x0000000000000464      0x188 Core/Src/servo.o
 .debug_frame   0x00000000000005ec       0xa8 Core/Src/sonic.o
 .debug_frame   0x0000000000000694       0x38 Core/Src/stm32f1xx_hal_msp.o
 .debug_frame   0x00000000000006cc      0x190 Core/Src/stm32f1xx_it.o
 .debug_frame   0x000000000000085c       0x58 Core/Src/system_stm32f1xx.o
 .debug_frame   0x00000000000008b4      0x238 Core/Src/tim.o
 .debug_frame   0x0000000000000aec       0xd0 Core/Src/usart.o
 .debug_frame   0x0000000000000bbc      0x334 Drivers/STM32F1xx_HAL_Driver/Src/stm32f1xx_hal.o
 .debug_frame   0x0000000000000ef0      0x428 Drivers/STM32F1xx_HAL_Driver/Src/stm32f1xx_hal_cortex.o
 .debug_frame   0x0000000000001318      0x20c Drivers/STM32F1xx_HAL_Driver/Src/stm32f1xx_hal_dma.o
 .debug_frame   0x0000000000001524      0x14c Drivers/STM32F1xx_HAL_Driver/Src/stm32f1xx_hal_gpio.o
 .debug_frame   0x0000000000001670      0x21c Drivers/STM32F1xx_HAL_Driver/Src/stm32f1xx_hal_rcc.o
 .debug_frame   0x000000000000188c     0x11bc Drivers/STM32F1xx_HAL_Driver/Src/stm32f1xx_hal_tim.o
 .debug_frame   0x0000000000002a48      0x638 Drivers/STM32F1xx_HAL_Driver/Src/stm32f1xx_hal_tim_ex.o
 .debug_frame   0x0000000000003080      0x914 Drivers/STM32F1xx_HAL_Driver/Src/stm32f1xx_hal_uart.o
 .debug_frame   0x0000000000003994       0x2c d:/stm32cubeide_1.6.1/stm32cubeide/plugins/com.st.stm32cube.ide.mcu.externaltools.gnu-tools-for-stm32.9-2020-q2-update.win32_1.5.0.202011040924/tools/bin/../lib/gcc/arm-none-eabi/9.3.1/../../../../arm-none-eabi/lib/thumb/v7-m/nofp\libc_nano.a(lib_a-init.o)
 .debug_frame   0x00000000000039c0       0x20 d:/stm32cubeide_1.6.1/stm32cubeide/plugins/com.st.stm32cube.ide.mcu.externaltools.gnu-tools-for-stm32.9-2020-q2-update.win32_1.5.0.202011040924/tools/bin/../lib/gcc/arm-none-eabi/9.3.1/../../../../arm-none-eabi/lib/thumb/v7-m/nofp\libc_nano.a(lib_a-memset.o)
 .debug_frame   0x00000000000039e0       0xac d:/stm32cubeide_1.6.1/stm32cubeide/plugins/com.st.stm32cube.ide.mcu.externaltools.gnu-tools-for-stm32.9-2020-q2-update.win32_1.5.0.202011040924/tools/bin/../lib/gcc/arm-none-eabi/9.3.1/thumb/v7-m/nofp\libgcc.a(_arm_addsubdf3.o)
 .debug_frame   0x0000000000003a8c       0x50 d:/stm32cubeide_1.6.1/stm32cubeide/plugins/com.st.stm32cube.ide.mcu.externaltools.gnu-tools-for-stm32.9-2020-q2-update.win32_1.5.0.202011040924/tools/bin/../lib/gcc/arm-none-eabi/9.3.1/thumb/v7-m/nofp\libgcc.a(_arm_muldivdf3.o)
 .debug_frame   0x0000000000003adc       0xc4 d:/stm32cubeide_1.6.1/stm32cubeide/plugins/com.st.stm32cube.ide.mcu.externaltools.gnu-tools-for-stm32.9-2020-q2-update.win32_1.5.0.202011040924/tools/bin/../lib/gcc/arm-none-eabi/9.3.1/thumb/v7-m/nofp\libgcc.a(_arm_cmpdf2.o)
 .debug_frame   0x0000000000003ba0       0x24 d:/stm32cubeide_1.6.1/stm32cubeide/plugins/com.st.stm32cube.ide.mcu.externaltools.gnu-tools-for-stm32.9-2020-q2-update.win32_1.5.0.202011040924/tools/bin/../lib/gcc/arm-none-eabi/9.3.1/thumb/v7-m/nofp\libgcc.a(_arm_fixdfsi.o)
 .debug_frame   0x0000000000003bc4       0x4c d:/stm32cubeide_1.6.1/stm32cubeide/plugins/com.st.stm32cube.ide.mcu.externaltools.gnu-tools-for-stm32.9-2020-q2-update.win32_1.5.0.202011040924/tools/bin/../lib/gcc/arm-none-eabi/9.3.1/thumb/v7-m/nofp\libgcc.a(_arm_addsubsf3.o)
 .debug_frame   0x0000000000003c10       0x38 d:/stm32cubeide_1.6.1/stm32cubeide/plugins/com.st.stm32cube.ide.mcu.externaltools.gnu-tools-for-stm32.9-2020-q2-update.win32_1.5.0.202011040924/tools/bin/../lib/gcc/arm-none-eabi/9.3.1/thumb/v7-m/nofp\libgcc.a(_arm_muldivsf3.o)
 .debug_frame   0x0000000000003c48       0xc8 d:/stm32cubeide_1.6.1/stm32cubeide/plugins/com.st.stm32cube.ide.mcu.externaltools.gnu-tools-for-stm32.9-2020-q2-update.win32_1.5.0.202011040924/tools/bin/../lib/gcc/arm-none-eabi/9.3.1/thumb/v7-m/nofp\libgcc.a(_arm_cmpsf2.o)
 .debug_frame   0x0000000000003d10       0x24 d:/stm32cubeide_1.6.1/stm32cubeide/plugins/com.st.stm32cube.ide.mcu.externaltools.gnu-tools-for-stm32.9-2020-q2-update.win32_1.5.0.202011040924/tools/bin/../lib/gcc/arm-none-eabi/9.3.1/thumb/v7-m/nofp\libgcc.a(_arm_fixsfsi.o)
